2025-12-04 19:12:48,535 - INFO - =========================================
2025-12-04 19:12:48,536 - INFO - 开始执行光谱分类任务
2025-12-04 19:12:48,536 - INFO - Python版本: 3.12.4 | packaged by Anaconda, Inc. | (main, Jun 18 2024, 15:03:56) [MSC v.1929 64 bit (AMD64)]
2025-12-04 19:12:48,536 - INFO - 工作目录: F:\Code\Code_FHY_V1
2025-12-04 19:12:48,536 - INFO - matplotlib字体配置: 成功
2025-12-04 19:12:48,697 - INFO - 系统信息: Windows-10-10.0.19045-SP0
2025-12-04 19:12:48,698 - INFO - NumPy版本: 1.26.4
2025-12-04 19:12:48,698 - INFO - Pandas版本: 2.3.2
2025-12-04 19:12:48,698 - INFO - Scikit-learn版本: 1.4.2
2025-12-04 19:12:48,698 - INFO - PyTorch版本: 2.6.0+cu118
2025-12-04 19:12:48,849 - INFO - CUDA可用: 版本11.8
2025-12-04 19:12:48,879 - INFO - GPU设备: NVIDIA GeForce RTX 3060
2025-12-04 19:12:48,879 - INFO - 开始任务: 内存配置
2025-12-04 19:12:48,879 - INFO - 系统总内存: 15.91 GB
2025-12-04 19:12:48,880 - INFO - 设置最大内存使用量为: 11.14 GB
2025-12-04 19:12:48,880 - INFO - 完成任务: 内存配置, 耗时: 0.00秒
2025-12-04 19:12:49,411 - INFO - 资源监控 - CPU: 39.5%, 内存: 12.90GB/15.91GB (81.1%), 可用: 3.01GB, 页面文件: 25.93GB/40.25GB (64.4%) GPU #0: 已分配 0.00GB, 峰值 0.00GB; 
2025-12-04 19:12:49,411 - INFO - 开始任务: GPU配置
2025-12-04 19:12:49,411 - INFO - 找到 1 个 GPU:
2025-12-04 19:12:49,412 - INFO -  - NVIDIA GeForce RTX 3060
2025-12-04 19:12:49,572 - INFO - 已配置GPU，将在训练中自动管理内存使用
2025-12-04 19:12:49,573 - INFO - 完成任务: GPU配置, 耗时: 0.16秒
2025-12-04 19:12:49,573 - INFO - 开始任务: 检查点处理
2025-12-04 19:12:49,573 - INFO - 未发现检查点文件，将从头开始处理数据
2025-12-04 19:12:49,573 - INFO - 完成任务: 检查点处理, 耗时: 0.00秒
2025-12-04 19:12:49,573 - INFO - 开始任务: 数据加载与预处理
2025-12-04 19:12:49,573 - INFO - 加载数据文件: Data/band_average_reflectivity_results_all.csv
2025-12-04 19:12:49,770 - INFO - 成功加载数据，共 1643 个样本
2025-12-04 19:12:49,809 - INFO - 数据集中共有 7 个类别: CEES, HCL, Diesel, DCM, CHCl3, Dry_leaf, Leaf
2025-12-04 19:12:49,809 - INFO - 标签类型为 object，需要进行编码
2025-12-04 19:12:49,820 - INFO - 标签已编码: {'CEES': 0, 'CHCl3': 1, 'DCM': 2, 'Diesel': 3, 'Dry_leaf': 4, 'HCL': 5, 'Leaf': 6}
2025-12-04 19:12:49,832 - INFO - 数据集类别分布详情:
2025-12-04 19:12:49,833 - INFO -   类别 0 (CEES): 221 个样本 (13.5%)
2025-12-04 19:12:49,833 - INFO -   类别 1 (CHCl3): 213 个样本 (13.0%)
2025-12-04 19:12:49,833 - INFO -   类别 2 (DCM): 275 个样本 (16.7%)
2025-12-04 19:12:49,833 - INFO -   类别 3 (Diesel): 206 个样本 (12.5%)
2025-12-04 19:12:49,834 - INFO -   类别 4 (Dry_leaf): 252 个样本 (15.3%)
2025-12-04 19:12:49,834 - INFO -   类别 5 (HCL): 135 个样本 (8.2%)
2025-12-04 19:12:49,834 - INFO -   类别 6 (Leaf): 341 个样本 (20.8%)
2025-12-04 19:12:49,834 - WARNING - 数据集存在类别不平衡！最大类别/最小类别 = 2.53
2025-12-04 19:12:49,834 - INFO - 建议使用分层抽样确保各类别在训练/测试集中的比例一致
2025-12-04 19:12:49,834 - INFO - 特征数量: 246
2025-12-04 19:12:49,834 - INFO - 波长范围: 894.00 - 1701.00 nm
2025-12-04 19:12:50,057 - INFO - 已保存数据加载检查点到 models/Spectral_Classification_Exp1/training_checkpoint.pth
2025-12-04 19:12:50,058 - INFO - 数据形状: X=(1643, 246), y=(1643,)
2025-12-04 19:12:50,058 - INFO - 完成任务: 数据加载与预处理, 耗时: 0.48秒
2025-12-04 19:12:50,059 - INFO - 已启动资源监控线程，监控间隔: 15秒
2025-12-04 19:12:50,059 - INFO - 开始任务: CPU使用限制
2025-12-04 19:12:50,059 - INFO - 系统CPU核心数: 12
2025-12-04 19:12:50,059 - INFO - Windows系统: 已设置进程优先级为低于正常
2025-12-04 19:12:50,059 - INFO - 已限制进程使用 8/12 个CPU核心
2025-12-04 19:12:50,059 - INFO - 完成任务: CPU使用限制, 耗时: 0.00秒
2025-12-04 19:12:50,060 - INFO - 开始任务: 内存评估
2025-12-04 19:12:50,060 - INFO - 完成任务: 内存评估, 耗时: 0.00秒
2025-12-04 19:12:50,061 - INFO - 实验名称: Spectral_Classification_Exp1
2025-12-04 19:12:50,061 - INFO - 数据集划分比例: 验证集 15.00%, 测试集 15.00%, 训练集 70.00%
2025-12-04 19:12:50,061 - INFO - 将使用5折分层交叉验证进行模型评估
2025-12-04 19:12:50,062 - INFO - 检查是否有保存的模型可以直接使用...
2025-12-04 19:12:50,062 - INFO - 未找到可用的保存模型，将重新训练...
2025-12-04 19:12:50,062 - INFO - 训练前系统散热休息5秒...
2025-12-04 19:12:50,560 - INFO - 资源监控 - CPU: 12.5%, 内存: 12.94GB/15.91GB (81.4%), 可用: 2.97GB, 页面文件: 26.07GB/40.25GB (64.8%) GPU #0: 已分配 0.00GB, 峰值 0.00GB; 
2025-12-04 19:12:50,563 - INFO - 资源监控 - CPU: 12.5%, 内存: 12.94GB/15.91GB (81.4%), 可用: 2.97GB, 页面文件: 26.07GB/40.25GB (64.8%) GPU #0: 已分配 0.00GB, 峰值 0.00GB; 
2025-12-04 19:12:56,064 - INFO - 资源监控 - CPU: 10.2%, 内存: 12.93GB/15.91GB (81.3%), 可用: 2.98GB, 页面文件: 26.03GB/40.25GB (64.7%) GPU #0: 已分配 0.00GB, 峰值 0.00GB; 
2025-12-04 19:12:56,064 - INFO - 开始任务: 模型训练与评估
2025-12-04 19:12:56,065 - INFO - 开始训练和评估模型...
2025-12-04 19:12:56,566 - INFO - 资源监控 - CPU: 8.9%, 内存: 12.94GB/15.91GB (81.3%), 可用: 2.97GB, 页面文件: 26.02GB/40.25GB (64.7%) GPU #0: 已分配 0.00GB, 峰值 0.00GB; 
2025-12-04 19:12:56,567 - INFO - 使用分层5折交叉验证进行模型评估
2025-12-04 19:12:56,567 - INFO - 
正在使用5折交叉验证训练 LogisticRegression 模型...
2025-12-04 19:12:56,591 - INFO - 训练第 1/5 折...
2025-12-04 19:12:56,593 - INFO - 第 1 折训练集类别分布: {0: 176, 1: 171, 2: 220, 3: 165, 4: 201, 5: 108, 6: 273}
2025-12-04 19:12:56,593 - INFO - 第 1 折测试集类别分布: {0: 45, 1: 42, 2: 55, 3: 41, 4: 51, 5: 27, 6: 68}
2025-12-04 19:12:57,396 - INFO - 
第 1 折训练集分类报告:
2025-12-04 19:12:57,403 - INFO -               precision    recall  f1-score   support

           0       0.30      0.18      0.23       158
           1       0.39      0.36      0.37       154
           2       0.35      0.36      0.35       198
           3       0.65      0.73      0.69       148
           4       0.99      1.00      1.00       181
           5       0.00      0.00      0.00        97
           6       0.46      0.72      0.56       246

    accuracy                           0.53      1182
   macro avg       0.45      0.48      0.46      1182
weighted avg       0.48      0.53      0.49      1182

2025-12-04 19:12:57,405 - INFO - 类别	precision	recall	f1-score	support	正确数	准确率
2025-12-04 19:12:57,406 - INFO - CEES	0.30	0.18	0.23	158	29	0.1835
2025-12-04 19:12:57,406 - INFO - CHCl3	0.39	0.36	0.37	154	56	0.3636
2025-12-04 19:12:57,406 - INFO - DCM	0.35	0.36	0.35	198	71	0.3586
2025-12-04 19:12:57,406 - INFO - Diesel	0.65	0.73	0.69	148	108	0.7297
2025-12-04 19:12:57,407 - INFO - Dry_leaf	0.99	1.00	1.00	181	181	1.0000
2025-12-04 19:12:57,407 - INFO - HCL	0.00	0.00	0.00	97	0	0.0000
2025-12-04 19:12:57,407 - INFO - Leaf	0.46	0.72	0.56	246	177	0.7195
2025-12-04 19:12:57,407 - INFO - 总体准确率: 0.5262
2025-12-04 19:12:57,408 - INFO - 
第 1 折验证集分类报告:
2025-12-04 19:12:57,414 - INFO -               precision    recall  f1-score   support

           0       0.33      0.17      0.22        18
           1       0.53      0.47      0.50        17
           2       0.33      0.27      0.30        22
           3       0.65      0.65      0.65        17
           4       1.00      1.00      1.00        20
           5       0.00      0.00      0.00        11
           6       0.38      0.74      0.50        27

    accuracy                           0.52       132
   macro avg       0.46      0.47      0.45       132
weighted avg       0.48      0.52      0.48       132

2025-12-04 19:12:57,416 - INFO - 类别	precision	recall	f1-score	support	正确数	准确率
2025-12-04 19:12:57,417 - INFO - CEES	0.33	0.17	0.22	18	3	0.1667
2025-12-04 19:12:57,417 - INFO - CHCl3	0.53	0.47	0.50	17	8	0.4706
2025-12-04 19:12:57,417 - INFO - DCM	0.33	0.27	0.30	22	6	0.2727
2025-12-04 19:12:57,417 - INFO - Diesel	0.65	0.65	0.65	17	11	0.6471
2025-12-04 19:12:57,417 - INFO - Dry_leaf	1.00	1.00	1.00	20	20	1.0000
2025-12-04 19:12:57,418 - INFO - HCL	0.00	0.00	0.00	11	0	0.0000
2025-12-04 19:12:57,418 - INFO - Leaf	0.38	0.74	0.50	27	20	0.7407
2025-12-04 19:12:57,418 - INFO - 总体准确率: 0.5152
2025-12-04 19:12:57,460 - INFO - 第 1 折测试集准确率: 0.5046
2025-12-04 19:12:57,460 - INFO - 
第 1 折测试集分类报告:
2025-12-04 19:12:57,466 - INFO -               precision    recall  f1-score   support

           0       0.43      0.22      0.29        45
           1       0.19      0.14      0.16        42
           2       0.31      0.35      0.32        55
           3       0.58      0.73      0.65        41
           4       1.00      1.00      1.00        51
           5       0.00      0.00      0.00        27
           6       0.46      0.74      0.56        68

    accuracy                           0.50       329
   macro avg       0.42      0.45      0.43       329
weighted avg       0.46      0.50      0.47       329

2025-12-04 19:12:57,468 - INFO - 类别	precision	recall	f1-score	support	正确数	准确率
2025-12-04 19:12:57,469 - INFO - CEES	0.43	0.22	0.29	45	10	0.2222
2025-12-04 19:12:57,469 - INFO - CHCl3	0.19	0.14	0.16	42	6	0.1429
2025-12-04 19:12:57,469 - INFO - DCM	0.31	0.35	0.32	55	19	0.3455
2025-12-04 19:12:57,469 - INFO - Diesel	0.58	0.73	0.65	41	30	0.7317
2025-12-04 19:12:57,469 - INFO - Dry_leaf	1.00	1.00	1.00	51	51	1.0000
2025-12-04 19:12:57,470 - INFO - HCL	0.00	0.00	0.00	27	0	0.0000
2025-12-04 19:12:57,470 - INFO - Leaf	0.46	0.74	0.56	68	50	0.7353
2025-12-04 19:12:57,470 - INFO - 总体准确率: 0.5046
2025-12-04 19:13:03,500 - WARNING - MERG NOT subset; don't know how to subset; dropped
2025-12-04 19:13:03,624 - INFO - 已保存 LogisticRegression_Fold1 的混淆矩阵图到 'plot/Spectral_Classification_Exp1/LogisticRegression'
2025-12-04 19:13:03,625 - INFO - 训练第 2/5 折...
2025-12-04 19:13:03,627 - INFO - 第 2 折训练集类别分布: {0: 177, 1: 171, 2: 220, 3: 164, 4: 201, 5: 108, 6: 273}
2025-12-04 19:13:03,627 - INFO - 第 2 折测试集类别分布: {0: 44, 1: 42, 2: 55, 3: 42, 4: 51, 5: 27, 6: 68}
2025-12-04 19:13:03,735 - INFO - 
第 2 折训练集分类报告:
2025-12-04 19:13:03,743 - INFO -               precision    recall  f1-score   support

           0       0.35      0.21      0.26       159
           1       0.31      0.29      0.30       154
           2       0.32      0.32      0.32       198
           3       0.66      0.73      0.69       147
           4       0.99      1.00      1.00       181
           5       0.00      0.00      0.00        97
           6       0.46      0.74      0.57       246

    accuracy                           0.52      1182
   macro avg       0.44      0.47      0.45      1182
weighted avg       0.47      0.52      0.49      1182

2025-12-04 19:13:03,745 - INFO - 类别	precision	recall	f1-score	support	正确数	准确率
2025-12-04 19:13:03,745 - INFO - CEES	0.35	0.21	0.26	159	34	0.2138
2025-12-04 19:13:03,745 - INFO - CHCl3	0.31	0.29	0.30	154	45	0.2922
2025-12-04 19:13:03,746 - INFO - DCM	0.32	0.32	0.32	198	64	0.3232
2025-12-04 19:13:03,746 - INFO - Diesel	0.66	0.73	0.69	147	107	0.7279
2025-12-04 19:13:03,746 - INFO - Dry_leaf	0.99	1.00	1.00	181	181	1.0000
2025-12-04 19:13:03,746 - INFO - HCL	0.00	0.00	0.00	97	0	0.0000
2025-12-04 19:13:03,747 - INFO - Leaf	0.46	0.74	0.57	246	182	0.7398
2025-12-04 19:13:03,747 - INFO - 总体准确率: 0.5186
2025-12-04 19:13:03,747 - INFO - 
第 2 折验证集分类报告:
2025-12-04 19:13:03,753 - INFO -               precision    recall  f1-score   support

           0       0.11      0.06      0.07        18
           1       0.42      0.47      0.44        17
           2       0.31      0.36      0.33        22
           3       0.52      0.65      0.58        17
           4       1.00      1.00      1.00        20
           5       0.00      0.00      0.00        11
           6       0.49      0.67      0.56        27

    accuracy                           0.50       132
   macro avg       0.41      0.46      0.43       132
weighted avg       0.44      0.50      0.46       132

2025-12-04 19:13:03,755 - INFO - 类别	precision	recall	f1-score	support	正确数	准确率
2025-12-04 19:13:03,755 - INFO - CEES	0.11	0.06	0.07	18	1	0.0556
2025-12-04 19:13:03,755 - INFO - CHCl3	0.42	0.47	0.44	17	8	0.4706
2025-12-04 19:13:03,756 - INFO - DCM	0.31	0.36	0.33	22	8	0.3636
2025-12-04 19:13:03,756 - INFO - Diesel	0.52	0.65	0.58	17	11	0.6471
2025-12-04 19:13:03,756 - INFO - Dry_leaf	1.00	1.00	1.00	20	20	1.0000
2025-12-04 19:13:03,757 - INFO - HCL	0.00	0.00	0.00	11	0	0.0000
2025-12-04 19:13:03,757 - INFO - Leaf	0.49	0.67	0.56	27	18	0.6667
2025-12-04 19:13:03,757 - INFO - 总体准确率: 0.5000
2025-12-04 19:13:03,758 - INFO - 第 2 折测试集准确率: 0.5441
2025-12-04 19:13:03,759 - INFO - 
第 2 折测试集分类报告:
2025-12-04 19:13:03,764 - INFO -               precision    recall  f1-score   support

           0       0.43      0.27      0.33        44
           1       0.39      0.36      0.38        42
           2       0.37      0.35      0.36        55
           3       0.73      0.71      0.72        42
           4       1.00      1.00      1.00        51
           5       0.00      0.00      0.00        27
           6       0.43      0.76      0.55        68

    accuracy                           0.54       329
   macro avg       0.48      0.49      0.48       329
weighted avg       0.51      0.54      0.51       329

2025-12-04 19:13:03,766 - INFO - 类别	precision	recall	f1-score	support	正确数	准确率
2025-12-04 19:13:03,766 - INFO - CEES	0.43	0.27	0.33	44	12	0.2727
2025-12-04 19:13:03,766 - INFO - CHCl3	0.39	0.36	0.38	42	15	0.3571
2025-12-04 19:13:03,766 - INFO - DCM	0.37	0.35	0.36	55	19	0.3455
2025-12-04 19:13:03,767 - INFO - Diesel	0.73	0.71	0.72	42	30	0.7143
2025-12-04 19:13:03,767 - INFO - Dry_leaf	1.00	1.00	1.00	51	51	1.0000
2025-12-04 19:13:03,767 - INFO - HCL	0.00	0.00	0.00	27	0	0.0000
2025-12-04 19:13:03,767 - INFO - Leaf	0.43	0.76	0.55	68	52	0.7647
2025-12-04 19:13:03,768 - INFO - 总体准确率: 0.5441
2025-12-04 19:13:04,884 - WARNING - MERG NOT subset; don't know how to subset; dropped
2025-12-04 19:13:04,929 - INFO - 已保存 LogisticRegression_Fold2 的混淆矩阵图到 'plot/Spectral_Classification_Exp1/LogisticRegression'
2025-12-04 19:13:04,929 - INFO - 训练第 3/5 折...
2025-12-04 19:13:04,931 - INFO - 第 3 折训练集类别分布: {0: 177, 1: 170, 2: 220, 3: 165, 4: 202, 5: 108, 6: 272}
2025-12-04 19:13:04,931 - INFO - 第 3 折测试集类别分布: {0: 44, 1: 43, 2: 55, 3: 41, 4: 50, 5: 27, 6: 69}
2025-12-04 19:13:05,061 - INFO - 
第 3 折训练集分类报告:
2025-12-04 19:13:05,068 - INFO -               precision    recall  f1-score   support

           0       0.37      0.23      0.29       159
           1       0.32      0.31      0.31       153
           2       0.33      0.33      0.33       198
           3       0.64      0.70      0.67       148
           4       0.99      1.00      1.00       182
           5       0.00      0.00      0.00        97
           6       0.45      0.71      0.55       245

    accuracy                           0.52      1182
   macro avg       0.44      0.47      0.45      1182
weighted avg       0.47      0.52      0.49      1182

2025-12-04 19:13:05,070 - INFO - 类别	precision	recall	f1-score	support	正确数	准确率
2025-12-04 19:13:05,071 - INFO - CEES	0.37	0.23	0.29	159	37	0.2327
2025-12-04 19:13:05,071 - INFO - CHCl3	0.32	0.31	0.31	153	47	0.3072
2025-12-04 19:13:05,071 - INFO - DCM	0.33	0.33	0.33	198	66	0.3333
2025-12-04 19:13:05,072 - INFO - Diesel	0.64	0.70	0.67	148	103	0.6959
2025-12-04 19:13:05,090 - INFO - Dry_leaf	0.99	1.00	1.00	182	182	1.0000
2025-12-04 19:13:05,090 - INFO - HCL	0.00	0.00	0.00	97	0	0.0000
2025-12-04 19:13:05,091 - INFO - Leaf	0.45	0.71	0.55	245	175	0.7143
2025-12-04 19:13:05,091 - INFO - 总体准确率: 0.5161
2025-12-04 19:13:05,091 - INFO - 
第 3 折验证集分类报告:
2025-12-04 19:13:05,097 - INFO -               precision    recall  f1-score   support

           0       0.20      0.11      0.14        18
           1       0.50      0.41      0.45        17
           2       0.25      0.23      0.24        22
           3       0.68      0.88      0.77        17
           4       1.00      1.00      1.00        20
           5       0.00      0.00      0.00        11
           6       0.48      0.81      0.60        27

    accuracy                           0.54       132
   macro avg       0.44      0.49      0.46       132
weighted avg       0.47      0.54      0.49       132

2025-12-04 19:13:05,099 - INFO - 类别	precision	recall	f1-score	support	正确数	准确率
2025-12-04 19:13:05,099 - INFO - CEES	0.20	0.11	0.14	18	2	0.1111
2025-12-04 19:13:05,099 - INFO - CHCl3	0.50	0.41	0.45	17	7	0.4118
2025-12-04 19:13:05,100 - INFO - DCM	0.25	0.23	0.24	22	5	0.2273
2025-12-04 19:13:05,100 - INFO - Diesel	0.68	0.88	0.77	17	15	0.8824
2025-12-04 19:13:05,100 - INFO - Dry_leaf	1.00	1.00	1.00	20	20	1.0000
2025-12-04 19:13:05,100 - INFO - HCL	0.00	0.00	0.00	11	0	0.0000
2025-12-04 19:13:05,101 - INFO - Leaf	0.48	0.81	0.60	27	22	0.8148
2025-12-04 19:13:05,101 - INFO - 总体准确率: 0.5379
2025-12-04 19:13:05,102 - INFO - 第 3 折测试集准确率: 0.5319
2025-12-04 19:13:05,102 - INFO - 
第 3 折测试集分类报告:
2025-12-04 19:13:05,108 - INFO -               precision    recall  f1-score   support

           0       0.30      0.18      0.23        44
           1       0.35      0.40      0.37        43
           2       0.36      0.35      0.35        55
           3       0.71      0.73      0.72        41
           4       1.00      0.98      0.99        50
           5       0.00      0.00      0.00        27
           6       0.47      0.75      0.58        69

    accuracy                           0.53       329
   macro avg       0.46      0.48      0.46       329
weighted avg       0.49      0.53      0.50       329

2025-12-04 19:13:05,110 - INFO - 类别	precision	recall	f1-score	support	正确数	准确率
2025-12-04 19:13:05,111 - INFO - CEES	0.30	0.18	0.23	44	8	0.1818
2025-12-04 19:13:05,111 - INFO - CHCl3	0.35	0.40	0.37	43	17	0.3953
2025-12-04 19:13:05,111 - INFO - DCM	0.36	0.35	0.35	55	19	0.3455
2025-12-04 19:13:05,111 - INFO - Diesel	0.71	0.73	0.72	41	30	0.7317
2025-12-04 19:13:05,112 - INFO - Dry_leaf	1.00	0.98	0.99	50	49	0.9800
2025-12-04 19:13:05,112 - INFO - HCL	0.00	0.00	0.00	27	0	0.0000
2025-12-04 19:13:05,112 - INFO - Leaf	0.47	0.75	0.58	69	52	0.7536
2025-12-04 19:13:05,112 - INFO - 总体准确率: 0.5319
2025-12-04 19:13:06,076 - INFO - 资源监控 - CPU: 13.1%, 内存: 12.54GB/15.91GB (78.8%), 可用: 3.37GB, 页面文件: 26.00GB/40.25GB (64.6%) GPU #0: 已分配 0.00GB, 峰值 0.00GB; 
2025-12-04 19:13:06,094 - WARNING - MERG NOT subset; don't know how to subset; dropped
2025-12-04 19:13:06,138 - INFO - 已保存 LogisticRegression_Fold3 的混淆矩阵图到 'plot/Spectral_Classification_Exp1/LogisticRegression'
2025-12-04 19:13:06,138 - INFO - 训练第 4/5 折...
2025-12-04 19:13:06,140 - INFO - 第 4 折训练集类别分布: {0: 177, 1: 170, 2: 220, 3: 165, 4: 202, 5: 108, 6: 273}
2025-12-04 19:13:06,140 - INFO - 第 4 折测试集类别分布: {0: 44, 1: 43, 2: 55, 3: 41, 4: 50, 5: 27, 6: 68}
2025-12-04 19:13:06,253 - INFO - 
第 4 折训练集分类报告:
2025-12-04 19:13:06,261 - INFO -               precision    recall  f1-score   support

           0       0.35      0.25      0.29       159
           1       0.29      0.24      0.26       153
           2       0.35      0.31      0.33       198
           3       0.65      0.76      0.70       148
           4       0.99      1.00      1.00       182
           5       0.00      0.00      0.00        97
           6       0.45      0.75      0.56       246

    accuracy                           0.52      1183
   macro avg       0.44      0.47      0.45      1183
weighted avg       0.47      0.52      0.49      1183

2025-12-04 19:13:06,263 - INFO - 类别	precision	recall	f1-score	support	正确数	准确率
2025-12-04 19:13:06,263 - INFO - CEES	0.35	0.25	0.29	159	40	0.2516
2025-12-04 19:13:06,263 - INFO - CHCl3	0.29	0.24	0.26	153	37	0.2418
2025-12-04 19:13:06,264 - INFO - DCM	0.35	0.31	0.33	198	62	0.3131
2025-12-04 19:13:06,264 - INFO - Diesel	0.65	0.76	0.70	148	112	0.7568
2025-12-04 19:13:06,264 - INFO - Dry_leaf	0.99	1.00	1.00	182	182	1.0000
2025-12-04 19:13:06,264 - INFO - HCL	0.00	0.00	0.00	97	0	0.0000
2025-12-04 19:13:06,264 - INFO - Leaf	0.45	0.75	0.56	246	184	0.7480
2025-12-04 19:13:06,265 - INFO - 总体准确率: 0.5216
2025-12-04 19:13:06,265 - INFO - 
第 4 折验证集分类报告:
2025-12-04 19:13:06,270 - INFO -               precision    recall  f1-score   support

           0       0.21      0.17      0.19        18
           1       0.31      0.24      0.27        17
           2       0.27      0.36      0.31        22
           3       0.75      0.71      0.73        17
           4       1.00      1.00      1.00        20
           5       0.00      0.00      0.00        11
           6       0.44      0.63      0.52        27

    accuracy                           0.48       132
   macro avg       0.42      0.44      0.43       132
weighted avg       0.45      0.48      0.46       132

2025-12-04 19:13:06,274 - INFO - 类别	precision	recall	f1-score	support	正确数	准确率
2025-12-04 19:13:06,274 - INFO - CEES	0.21	0.17	0.19	18	3	0.1667
2025-12-04 19:13:06,274 - INFO - CHCl3	0.31	0.24	0.27	17	4	0.2353
2025-12-04 19:13:06,275 - INFO - DCM	0.27	0.36	0.31	22	8	0.3636
2025-12-04 19:13:06,275 - INFO - Diesel	0.75	0.71	0.73	17	12	0.7059
2025-12-04 19:13:06,275 - INFO - Dry_leaf	1.00	1.00	1.00	20	20	1.0000
2025-12-04 19:13:06,275 - INFO - HCL	0.00	0.00	0.00	11	0	0.0000
2025-12-04 19:13:06,275 - INFO - Leaf	0.44	0.63	0.52	27	17	0.6296
2025-12-04 19:13:06,276 - INFO - 总体准确率: 0.4848
2025-12-04 19:13:06,277 - INFO - 第 4 折测试集准确率: 0.5152
2025-12-04 19:13:06,278 - INFO - 
第 4 折测试集分类报告:
2025-12-04 19:13:06,284 - INFO -               precision    recall  f1-score   support

           0       0.32      0.20      0.25        44
           1       0.47      0.44      0.46        43
           2       0.37      0.36      0.37        55
           3       0.52      0.56      0.54        41
           4       1.00      1.00      1.00        50
           5       0.00      0.00      0.00        27
           6       0.43      0.71      0.53        68

    accuracy                           0.52       328
   macro avg       0.45      0.47      0.45       328
weighted avg       0.47      0.52      0.49       328

2025-12-04 19:13:06,287 - INFO - 类别	precision	recall	f1-score	support	正确数	准确率
2025-12-04 19:13:06,287 - INFO - CEES	0.32	0.20	0.25	44	9	0.2045
2025-12-04 19:13:06,287 - INFO - CHCl3	0.47	0.44	0.46	43	19	0.4419
2025-12-04 19:13:06,287 - INFO - DCM	0.37	0.36	0.37	55	20	0.3636
2025-12-04 19:13:06,287 - INFO - Diesel	0.52	0.56	0.54	41	23	0.5610
2025-12-04 19:13:06,288 - INFO - Dry_leaf	1.00	1.00	1.00	50	50	1.0000
2025-12-04 19:13:06,288 - INFO - HCL	0.00	0.00	0.00	27	0	0.0000
2025-12-04 19:13:06,288 - INFO - Leaf	0.43	0.71	0.53	68	48	0.7059
2025-12-04 19:13:06,289 - INFO - 总体准确率: 0.5152
2025-12-04 19:13:07,291 - WARNING - MERG NOT subset; don't know how to subset; dropped
2025-12-04 19:13:07,335 - INFO - 已保存 LogisticRegression_Fold4 的混淆矩阵图到 'plot/Spectral_Classification_Exp1/LogisticRegression'
2025-12-04 19:13:07,335 - INFO - 训练第 5/5 折...
2025-12-04 19:13:07,337 - INFO - 第 5 折训练集类别分布: {0: 177, 1: 170, 2: 220, 3: 165, 4: 202, 5: 108, 6: 273}
2025-12-04 19:13:07,337 - INFO - 第 5 折测试集类别分布: {0: 44, 1: 43, 2: 55, 3: 41, 4: 50, 5: 27, 6: 68}
2025-12-04 19:13:07,452 - INFO - 
第 5 折训练集分类报告:
2025-12-04 19:13:07,459 - INFO -               precision    recall  f1-score   support

           0       0.36      0.23      0.28       159
           1       0.33      0.31      0.32       153
           2       0.33      0.32      0.33       198
           3       0.66      0.71      0.69       148
           4       1.00      1.00      1.00       182
           5       0.00      0.00      0.00        97
           6       0.45      0.73      0.55       246

    accuracy                           0.52      1183
   macro avg       0.45      0.47      0.45      1183
weighted avg       0.48      0.52      0.49      1183

2025-12-04 19:13:07,462 - INFO - 类别	precision	recall	f1-score	support	正确数	准确率
2025-12-04 19:13:07,462 - INFO - CEES	0.36	0.23	0.28	159	36	0.2264
2025-12-04 19:13:07,463 - INFO - CHCl3	0.33	0.31	0.32	153	48	0.3137
2025-12-04 19:13:07,463 - INFO - DCM	0.33	0.32	0.33	198	64	0.3232
2025-12-04 19:13:07,463 - INFO - Diesel	0.66	0.71	0.69	148	105	0.7095
2025-12-04 19:13:07,463 - INFO - Dry_leaf	1.00	1.00	1.00	182	182	1.0000
2025-12-04 19:13:07,463 - INFO - HCL	0.00	0.00	0.00	97	0	0.0000
2025-12-04 19:13:07,464 - INFO - Leaf	0.45	0.73	0.55	246	180	0.7317
2025-12-04 19:13:07,464 - INFO - 总体准确率: 0.5199
2025-12-04 19:13:07,464 - INFO - 
第 5 折验证集分类报告:
2025-12-04 19:13:07,470 - INFO -               precision    recall  f1-score   support

           0       0.36      0.22      0.28        18
           1       0.56      0.59      0.57        17
           2       0.41      0.41      0.41        22
           3       0.65      0.65      0.65        17
           4       1.00      1.00      1.00        20
           5       0.00      0.00      0.00        11
           6       0.50      0.81      0.62        27

    accuracy                           0.58       132
   macro avg       0.50      0.53      0.50       132
weighted avg       0.53      0.58      0.54       132

2025-12-04 19:13:07,472 - INFO - 类别	precision	recall	f1-score	support	正确数	准确率
2025-12-04 19:13:07,472 - INFO - CEES	0.36	0.22	0.28	18	4	0.2222
2025-12-04 19:13:07,473 - INFO - CHCl3	0.56	0.59	0.57	17	10	0.5882
2025-12-04 19:13:07,473 - INFO - DCM	0.41	0.41	0.41	22	9	0.4091
2025-12-04 19:13:07,473 - INFO - Diesel	0.65	0.65	0.65	17	11	0.6471
2025-12-04 19:13:07,473 - INFO - Dry_leaf	1.00	1.00	1.00	20	20	1.0000
2025-12-04 19:13:07,473 - INFO - HCL	0.00	0.00	0.00	11	0	0.0000
2025-12-04 19:13:07,474 - INFO - Leaf	0.50	0.81	0.62	27	22	0.8148
2025-12-04 19:13:07,474 - INFO - 总体准确率: 0.5758
2025-12-04 19:13:07,475 - INFO - 第 5 折测试集准确率: 0.5122
2025-12-04 19:13:07,475 - INFO - 
第 5 折测试集分类报告:
2025-12-04 19:13:07,481 - INFO -               precision    recall  f1-score   support

           0       0.28      0.16      0.20        44
           1       0.27      0.28      0.27        43
           2       0.31      0.31      0.31        55
           3       0.67      0.85      0.75        41
           4       0.98      1.00      0.99        50
           5       0.00      0.00      0.00        27
           6       0.47      0.69      0.56        68

    accuracy                           0.51       328
   macro avg       0.43      0.47      0.44       328
weighted avg       0.46      0.51      0.48       328

2025-12-04 19:13:07,483 - INFO - 类别	precision	recall	f1-score	support	正确数	准确率
2025-12-04 19:13:07,483 - INFO - CEES	0.28	0.16	0.20	44	7	0.1591
2025-12-04 19:13:07,483 - INFO - CHCl3	0.27	0.28	0.27	43	12	0.2791
2025-12-04 19:13:07,484 - INFO - DCM	0.31	0.31	0.31	55	17	0.3091
2025-12-04 19:13:07,484 - INFO - Diesel	0.67	0.85	0.75	41	35	0.8537
2025-12-04 19:13:07,484 - INFO - Dry_leaf	0.98	1.00	0.99	50	50	1.0000
2025-12-04 19:13:07,484 - INFO - HCL	0.00	0.00	0.00	27	0	0.0000
2025-12-04 19:13:07,484 - INFO - Leaf	0.47	0.69	0.56	68	47	0.6912
2025-12-04 19:13:07,484 - INFO - 总体准确率: 0.5122
2025-12-04 19:13:08,481 - WARNING - MERG NOT subset; don't know how to subset; dropped
2025-12-04 19:13:08,524 - INFO - 已保存 LogisticRegression_Fold5 的混淆矩阵图到 'plot/Spectral_Classification_Exp1/LogisticRegression'
2025-12-04 19:13:08,524 - INFO - LogisticRegression 5折交叉验证平均准确率: 0.5216 ± 0.0144
2025-12-04 19:13:08,524 - INFO - LogisticRegression 最佳模型来自第 2 折，准确率: 0.5441
2025-12-04 19:13:08,526 - INFO - 模型已保存到 'models/Spectral_Classification_Exp1/LogisticRegression/LogisticRegression.pth'
2025-12-04 19:13:09,131 - INFO - 资源监控 - CPU: 2.6%, 内存: 12.48GB/15.91GB (78.5%), 可用: 3.43GB, 页面文件: 25.99GB/40.25GB (64.6%) GPU #0: 已分配 0.00GB, 峰值 0.00GB; 
2025-12-04 19:13:10,132 - INFO - 
正在使用5折交叉验证训练 Random Forest 模型...
2025-12-04 19:13:10,133 - INFO - 训练第 1/5 折...
2025-12-04 19:13:10,135 - INFO - 第 1 折训练集类别分布: {0: 176, 1: 171, 2: 220, 3: 165, 4: 201, 5: 108, 6: 273}
2025-12-04 19:13:10,135 - INFO - 第 1 折测试集类别分布: {0: 45, 1: 42, 2: 55, 3: 41, 4: 51, 5: 27, 6: 68}
2025-12-04 19:13:10,824 - INFO - 
第 1 折训练集分类报告:
2025-12-04 19:13:10,830 - INFO -               precision    recall  f1-score   support

           0       0.99      0.99      0.99       158
           1       0.99      1.00      0.99       154
           2       0.99      0.99      0.99       198
           3       1.00      1.00      1.00       148
           4       1.00      1.00      1.00       181
           5       1.00      0.98      0.99        97
           6       1.00      1.00      1.00       246

    accuracy                           1.00      1182
   macro avg       1.00      1.00      1.00      1182
weighted avg       1.00      1.00      1.00      1182

2025-12-04 19:13:10,832 - INFO - 类别	precision	recall	f1-score	support	正确数	准确率
2025-12-04 19:13:10,833 - INFO - CEES	0.99	0.99	0.99	158	157	0.9937
2025-12-04 19:13:10,833 - INFO - CHCl3	0.99	1.00	0.99	154	154	1.0000
2025-12-04 19:13:10,833 - INFO - DCM	0.99	0.99	0.99	198	197	0.9949
2025-12-04 19:13:10,833 - INFO - Diesel	1.00	1.00	1.00	148	148	1.0000
2025-12-04 19:13:10,833 - INFO - Dry_leaf	1.00	1.00	1.00	181	181	1.0000
2025-12-04 19:13:10,834 - INFO - HCL	1.00	0.98	0.99	97	95	0.9794
2025-12-04 19:13:10,834 - INFO - Leaf	1.00	1.00	1.00	246	246	1.0000
2025-12-04 19:13:10,834 - INFO - 总体准确率: 0.9966
2025-12-04 19:13:10,834 - INFO - 
第 1 折验证集分类报告:
2025-12-04 19:13:10,839 - INFO -               precision    recall  f1-score   support

           0       1.00      1.00      1.00        18
           1       1.00      1.00      1.00        17
           2       1.00      1.00      1.00        22
           3       1.00      1.00      1.00        17
           4       1.00      1.00      1.00        20
           5       1.00      1.00      1.00        11
           6       1.00      1.00      1.00        27

    accuracy                           1.00       132
   macro avg       1.00      1.00      1.00       132
weighted avg       1.00      1.00      1.00       132

2025-12-04 19:13:10,841 - INFO - 类别	precision	recall	f1-score	support	正确数	准确率
2025-12-04 19:13:10,841 - INFO - CEES	1.00	1.00	1.00	18	18	1.0000
2025-12-04 19:13:10,842 - INFO - CHCl3	1.00	1.00	1.00	17	17	1.0000
2025-12-04 19:13:10,842 - INFO - DCM	1.00	1.00	1.00	22	22	1.0000
2025-12-04 19:13:10,842 - INFO - Diesel	1.00	1.00	1.00	17	17	1.0000
2025-12-04 19:13:10,842 - INFO - Dry_leaf	1.00	1.00	1.00	20	20	1.0000
2025-12-04 19:13:10,843 - INFO - HCL	1.00	1.00	1.00	11	11	1.0000
2025-12-04 19:13:10,843 - INFO - Leaf	1.00	1.00	1.00	27	27	1.0000
2025-12-04 19:13:10,843 - INFO - 总体准确率: 1.0000
2025-12-04 19:13:10,844 - INFO - 第 1 折测试集准确率: 0.7538
2025-12-04 19:13:10,844 - INFO - 
第 1 折测试集分类报告:
2025-12-04 19:13:10,849 - INFO -               precision    recall  f1-score   support

           0       0.56      0.62      0.59        45
           1       0.64      0.55      0.59        42
           2       0.57      0.78      0.66        55
           3       0.85      0.80      0.82        41
           4       1.00      1.00      1.00        51
           5       0.20      0.07      0.11        27
           6       1.00      1.00      1.00        68

    accuracy                           0.75       329
   macro avg       0.69      0.69      0.68       329
weighted avg       0.74      0.75      0.74       329

2025-12-04 19:13:10,851 - INFO - 类别	precision	recall	f1-score	support	正确数	准确率
2025-12-04 19:13:10,851 - INFO - CEES	0.56	0.62	0.59	45	28	0.6222
2025-12-04 19:13:10,852 - INFO - CHCl3	0.64	0.55	0.59	42	23	0.5476
2025-12-04 19:13:10,852 - INFO - DCM	0.57	0.78	0.66	55	43	0.7818
2025-12-04 19:13:10,852 - INFO - Diesel	0.85	0.80	0.82	41	33	0.8049
2025-12-04 19:13:10,852 - INFO - Dry_leaf	1.00	1.00	1.00	51	51	1.0000
2025-12-04 19:13:10,852 - INFO - HCL	0.20	0.07	0.11	27	2	0.0741
2025-12-04 19:13:10,853 - INFO - Leaf	1.00	1.00	1.00	68	68	1.0000
2025-12-04 19:13:10,853 - INFO - 总体准确率: 0.7538
2025-12-04 19:13:11,836 - WARNING - MERG NOT subset; don't know how to subset; dropped
2025-12-04 19:13:11,878 - INFO - 已保存 Random Forest_Fold1 的混淆矩阵图到 'plot/Spectral_Classification_Exp1/Random_Forest'
2025-12-04 19:13:11,879 - INFO - 训练第 2/5 折...
2025-12-04 19:13:11,881 - INFO - 第 2 折训练集类别分布: {0: 177, 1: 171, 2: 220, 3: 164, 4: 201, 5: 108, 6: 273}
2025-12-04 19:13:11,881 - INFO - 第 2 折测试集类别分布: {0: 44, 1: 42, 2: 55, 3: 42, 4: 51, 5: 27, 6: 68}
2025-12-04 19:13:12,236 - INFO - 
第 2 折训练集分类报告:
2025-12-04 19:13:12,242 - INFO -               precision    recall  f1-score   support

           0       1.00      1.00      1.00       159
           1       0.99      0.99      0.99       154
           2       0.99      0.99      0.99       198
           3       0.99      1.00      0.99       147
           4       1.00      1.00      1.00       181
           5       1.00      0.99      0.99        97
           6       1.00      1.00      1.00       246

    accuracy                           1.00      1182
   macro avg       1.00      1.00      1.00      1182
weighted avg       1.00      1.00      1.00      1182

2025-12-04 19:13:12,245 - INFO - 类别	precision	recall	f1-score	support	正确数	准确率
2025-12-04 19:13:12,245 - INFO - CEES	1.00	1.00	1.00	159	159	1.0000
2025-12-04 19:13:12,245 - INFO - CHCl3	0.99	0.99	0.99	154	153	0.9935
2025-12-04 19:13:12,246 - INFO - DCM	0.99	0.99	0.99	198	196	0.9899
2025-12-04 19:13:12,246 - INFO - Diesel	0.99	1.00	0.99	147	147	1.0000
2025-12-04 19:13:12,246 - INFO - Dry_leaf	1.00	1.00	1.00	181	181	1.0000
2025-12-04 19:13:12,246 - INFO - HCL	1.00	0.99	0.99	97	96	0.9897
2025-12-04 19:13:12,246 - INFO - Leaf	1.00	1.00	1.00	246	246	1.0000
2025-12-04 19:13:12,246 - INFO - 总体准确率: 0.9966
2025-12-04 19:13:12,247 - INFO - 
第 2 折验证集分类报告:
2025-12-04 19:13:12,252 - INFO -               precision    recall  f1-score   support

           0       1.00      1.00      1.00        18
           1       1.00      1.00      1.00        17
           2       1.00      1.00      1.00        22
           3       1.00      1.00      1.00        17
           4       1.00      1.00      1.00        20
           5       1.00      1.00      1.00        11
           6       1.00      1.00      1.00        27

    accuracy                           1.00       132
   macro avg       1.00      1.00      1.00       132
weighted avg       1.00      1.00      1.00       132

2025-12-04 19:13:12,253 - INFO - 类别	precision	recall	f1-score	support	正确数	准确率
2025-12-04 19:13:12,254 - INFO - CEES	1.00	1.00	1.00	18	18	1.0000
2025-12-04 19:13:12,254 - INFO - CHCl3	1.00	1.00	1.00	17	17	1.0000
2025-12-04 19:13:12,254 - INFO - DCM	1.00	1.00	1.00	22	22	1.0000
2025-12-04 19:13:12,255 - INFO - Diesel	1.00	1.00	1.00	17	17	1.0000
2025-12-04 19:13:12,255 - INFO - Dry_leaf	1.00	1.00	1.00	20	20	1.0000
2025-12-04 19:13:12,255 - INFO - HCL	1.00	1.00	1.00	11	11	1.0000
2025-12-04 19:13:12,255 - INFO - Leaf	1.00	1.00	1.00	27	27	1.0000
2025-12-04 19:13:12,256 - INFO - 总体准确率: 1.0000
2025-12-04 19:13:12,257 - INFO - 第 2 折测试集准确率: 0.7508
2025-12-04 19:13:12,257 - INFO - 
第 2 折测试集分类报告:
2025-12-04 19:13:12,262 - INFO -               precision    recall  f1-score   support

           0       0.63      0.59      0.61        44
           1       0.51      0.57      0.54        42
           2       0.55      0.69      0.61        55
           3       0.92      0.79      0.85        42
           4       1.00      1.00      1.00        51
           5       0.41      0.26      0.32        27
           6       1.00      1.00      1.00        68

    accuracy                           0.75       329
   macro avg       0.72      0.70      0.70       329
weighted avg       0.75      0.75      0.75       329

2025-12-04 19:13:12,264 - INFO - 类别	precision	recall	f1-score	support	正确数	准确率
2025-12-04 19:13:12,265 - INFO - CEES	0.63	0.59	0.61	44	26	0.5909
2025-12-04 19:13:12,265 - INFO - CHCl3	0.51	0.57	0.54	42	24	0.5714
2025-12-04 19:13:12,265 - INFO - DCM	0.55	0.69	0.61	55	38	0.6909
2025-12-04 19:13:12,265 - INFO - Diesel	0.92	0.79	0.85	42	33	0.7857
2025-12-04 19:13:12,265 - INFO - Dry_leaf	1.00	1.00	1.00	51	51	1.0000
2025-12-04 19:13:12,266 - INFO - HCL	0.41	0.26	0.32	27	7	0.2593
2025-12-04 19:13:12,266 - INFO - Leaf	1.00	1.00	1.00	68	68	1.0000
2025-12-04 19:13:12,266 - INFO - 总体准确率: 0.7508
2025-12-04 19:13:13,252 - WARNING - MERG NOT subset; don't know how to subset; dropped
2025-12-04 19:13:13,298 - INFO - 已保存 Random Forest_Fold2 的混淆矩阵图到 'plot/Spectral_Classification_Exp1/Random_Forest'
2025-12-04 19:13:13,298 - INFO - 训练第 3/5 折...
2025-12-04 19:13:13,300 - INFO - 第 3 折训练集类别分布: {0: 177, 1: 170, 2: 220, 3: 165, 4: 202, 5: 108, 6: 272}
2025-12-04 19:13:13,301 - INFO - 第 3 折测试集类别分布: {0: 44, 1: 43, 2: 55, 3: 41, 4: 50, 5: 27, 6: 69}
2025-12-04 19:13:13,661 - INFO - 
第 3 折训练集分类报告:
2025-12-04 19:13:13,667 - INFO -               precision    recall  f1-score   support

           0       1.00      1.00      1.00       159
           1       1.00      0.99      1.00       153
           2       0.99      0.99      0.99       198
           3       0.99      1.00      0.99       148
           4       1.00      1.00      1.00       182
           5       0.99      0.99      0.99        97
           6       1.00      1.00      1.00       245

    accuracy                           1.00      1182
   macro avg       1.00      1.00      1.00      1182
weighted avg       1.00      1.00      1.00      1182

2025-12-04 19:13:13,669 - INFO - 类别	precision	recall	f1-score	support	正确数	准确率
2025-12-04 19:13:13,670 - INFO - CEES	1.00	1.00	1.00	159	159	1.0000
2025-12-04 19:13:13,670 - INFO - CHCl3	1.00	0.99	1.00	153	152	0.9935
2025-12-04 19:13:13,670 - INFO - DCM	0.99	0.99	0.99	198	196	0.9899
2025-12-04 19:13:13,670 - INFO - Diesel	0.99	1.00	0.99	148	148	1.0000
2025-12-04 19:13:13,670 - INFO - Dry_leaf	1.00	1.00	1.00	182	182	1.0000
2025-12-04 19:13:13,671 - INFO - HCL	0.99	0.99	0.99	97	96	0.9897
2025-12-04 19:13:13,671 - INFO - Leaf	1.00	1.00	1.00	245	245	1.0000
2025-12-04 19:13:13,671 - INFO - 总体准确率: 0.9966
2025-12-04 19:13:13,671 - INFO - 
第 3 折验证集分类报告:
2025-12-04 19:13:13,677 - INFO -               precision    recall  f1-score   support

           0       1.00      1.00      1.00        18
           1       1.00      1.00      1.00        17
           2       1.00      1.00      1.00        22
           3       1.00      1.00      1.00        17
           4       1.00      1.00      1.00        20
           5       1.00      1.00      1.00        11
           6       1.00      1.00      1.00        27

    accuracy                           1.00       132
   macro avg       1.00      1.00      1.00       132
weighted avg       1.00      1.00      1.00       132

2025-12-04 19:13:13,678 - INFO - 类别	precision	recall	f1-score	support	正确数	准确率
2025-12-04 19:13:13,679 - INFO - CEES	1.00	1.00	1.00	18	18	1.0000
2025-12-04 19:13:13,679 - INFO - CHCl3	1.00	1.00	1.00	17	17	1.0000
2025-12-04 19:13:13,679 - INFO - DCM	1.00	1.00	1.00	22	22	1.0000
2025-12-04 19:13:13,679 - INFO - Diesel	1.00	1.00	1.00	17	17	1.0000
2025-12-04 19:13:13,679 - INFO - Dry_leaf	1.00	1.00	1.00	20	20	1.0000
2025-12-04 19:13:13,680 - INFO - HCL	1.00	1.00	1.00	11	11	1.0000
2025-12-04 19:13:13,680 - INFO - Leaf	1.00	1.00	1.00	27	27	1.0000
2025-12-04 19:13:13,680 - INFO - 总体准确率: 1.0000
2025-12-04 19:13:13,681 - INFO - 第 3 折测试集准确率: 0.7386
2025-12-04 19:13:13,681 - INFO - 
第 3 折测试集分类报告:
2025-12-04 19:13:13,686 - INFO -               precision    recall  f1-score   support

           0       0.47      0.39      0.42        44
           1       0.49      0.56      0.52        43
           2       0.62      0.73      0.67        55
           3       0.84      0.90      0.87        41
           4       1.00      1.00      1.00        50
           5       0.38      0.22      0.28        27
           6       1.00      1.00      1.00        69

    accuracy                           0.74       329
   macro avg       0.68      0.69      0.68       329
weighted avg       0.73      0.74      0.73       329

2025-12-04 19:13:13,688 - INFO - 类别	precision	recall	f1-score	support	正确数	准确率
2025-12-04 19:13:13,688 - INFO - CEES	0.47	0.39	0.42	44	17	0.3864
2025-12-04 19:13:13,689 - INFO - CHCl3	0.49	0.56	0.52	43	24	0.5581
2025-12-04 19:13:13,689 - INFO - DCM	0.62	0.73	0.67	55	40	0.7273
2025-12-04 19:13:13,689 - INFO - Diesel	0.84	0.90	0.87	41	37	0.9024
2025-12-04 19:13:13,689 - INFO - Dry_leaf	1.00	1.00	1.00	50	50	1.0000
2025-12-04 19:13:13,689 - INFO - HCL	0.38	0.22	0.28	27	6	0.2222
2025-12-04 19:13:13,690 - INFO - Leaf	1.00	1.00	1.00	69	69	1.0000
2025-12-04 19:13:13,690 - INFO - 总体准确率: 0.7386
2025-12-04 19:13:14,720 - WARNING - MERG NOT subset; don't know how to subset; dropped
2025-12-04 19:13:14,772 - INFO - 已保存 Random Forest_Fold3 的混淆矩阵图到 'plot/Spectral_Classification_Exp1/Random_Forest'
2025-12-04 19:13:14,772 - INFO - 训练第 4/5 折...
2025-12-04 19:13:14,775 - INFO - 第 4 折训练集类别分布: {0: 177, 1: 170, 2: 220, 3: 165, 4: 202, 5: 108, 6: 273}
2025-12-04 19:13:14,775 - INFO - 第 4 折测试集类别分布: {0: 44, 1: 43, 2: 55, 3: 41, 4: 50, 5: 27, 6: 68}
2025-12-04 19:13:15,181 - INFO - 
第 4 折训练集分类报告:
2025-12-04 19:13:15,190 - INFO -               precision    recall  f1-score   support

           0       1.00      1.00      1.00       159
           1       0.98      1.00      0.99       153
           2       1.00      0.98      0.99       198
           3       0.99      0.99      0.99       148
           4       1.00      1.00      1.00       182
           5       1.00      1.00      1.00        97
           6       1.00      1.00      1.00       246

    accuracy                           1.00      1183
   macro avg       1.00      1.00      1.00      1183
weighted avg       1.00      1.00      1.00      1183

2025-12-04 19:13:15,193 - INFO - 类别	precision	recall	f1-score	support	正确数	准确率
2025-12-04 19:13:15,194 - INFO - CEES	1.00	1.00	1.00	159	159	1.0000
2025-12-04 19:13:15,195 - INFO - CHCl3	0.98	1.00	0.99	153	153	1.0000
2025-12-04 19:13:15,196 - INFO - DCM	1.00	0.98	0.99	198	195	0.9848
2025-12-04 19:13:15,196 - INFO - Diesel	0.99	0.99	0.99	148	147	0.9932
2025-12-04 19:13:15,197 - INFO - Dry_leaf	1.00	1.00	1.00	182	182	1.0000
2025-12-04 19:13:15,197 - INFO - HCL	1.00	1.00	1.00	97	97	1.0000
2025-12-04 19:13:15,197 - INFO - Leaf	1.00	1.00	1.00	246	246	1.0000
2025-12-04 19:13:15,197 - INFO - 总体准确率: 0.9966
2025-12-04 19:13:15,198 - INFO - 
第 4 折验证集分类报告:
2025-12-04 19:13:15,207 - INFO -               precision    recall  f1-score   support

           0       1.00      1.00      1.00        18
           1       1.00      1.00      1.00        17
           2       1.00      1.00      1.00        22
           3       1.00      1.00      1.00        17
           4       1.00      1.00      1.00        20
           5       1.00      1.00      1.00        11
           6       1.00      1.00      1.00        27

    accuracy                           1.00       132
   macro avg       1.00      1.00      1.00       132
weighted avg       1.00      1.00      1.00       132

2025-12-04 19:13:15,210 - INFO - 类别	precision	recall	f1-score	support	正确数	准确率
2025-12-04 19:13:15,210 - INFO - CEES	1.00	1.00	1.00	18	18	1.0000
2025-12-04 19:13:15,210 - INFO - CHCl3	1.00	1.00	1.00	17	17	1.0000
2025-12-04 19:13:15,211 - INFO - DCM	1.00	1.00	1.00	22	22	1.0000
2025-12-04 19:13:15,211 - INFO - Diesel	1.00	1.00	1.00	17	17	1.0000
2025-12-04 19:13:15,211 - INFO - Dry_leaf	1.00	1.00	1.00	20	20	1.0000
2025-12-04 19:13:15,212 - INFO - HCL	1.00	1.00	1.00	11	11	1.0000
2025-12-04 19:13:15,212 - INFO - Leaf	1.00	1.00	1.00	27	27	1.0000
2025-12-04 19:13:15,212 - INFO - 总体准确率: 1.0000
2025-12-04 19:13:15,214 - INFO - 第 4 折测试集准确率: 0.6982
2025-12-04 19:13:15,214 - INFO - 
第 4 折测试集分类报告:
2025-12-04 19:13:15,221 - INFO -               precision    recall  f1-score   support

           0       0.50      0.41      0.45        44
           1       0.52      0.58      0.55        43
           2       0.49      0.65      0.56        55
           3       0.78      0.71      0.74        41
           4       1.00      1.00      1.00        50
           5       0.19      0.11      0.14        27
           6       1.00      1.00      1.00        68

    accuracy                           0.70       328
   macro avg       0.64      0.64      0.64       328
weighted avg       0.69      0.70      0.69       328

2025-12-04 19:13:15,223 - INFO - 类别	precision	recall	f1-score	support	正确数	准确率
2025-12-04 19:13:15,223 - INFO - CEES	0.50	0.41	0.45	44	18	0.4091
2025-12-04 19:13:15,223 - INFO - CHCl3	0.52	0.58	0.55	43	25	0.5814
2025-12-04 19:13:15,223 - INFO - DCM	0.49	0.65	0.56	55	36	0.6545
2025-12-04 19:13:15,224 - INFO - Diesel	0.78	0.71	0.74	41	29	0.7073
2025-12-04 19:13:15,224 - INFO - Dry_leaf	1.00	1.00	1.00	50	50	1.0000
2025-12-04 19:13:15,224 - INFO - HCL	0.19	0.11	0.14	27	3	0.1111
2025-12-04 19:13:15,224 - INFO - Leaf	1.00	1.00	1.00	68	68	1.0000
2025-12-04 19:13:15,224 - INFO - 总体准确率: 0.6982
2025-12-04 19:13:16,277 - WARNING - MERG NOT subset; don't know how to subset; dropped
2025-12-04 19:13:16,319 - INFO - 已保存 Random Forest_Fold4 的混淆矩阵图到 'plot/Spectral_Classification_Exp1/Random_Forest'
2025-12-04 19:13:16,320 - INFO - 训练第 5/5 折...
2025-12-04 19:13:16,323 - INFO - 第 5 折训练集类别分布: {0: 177, 1: 170, 2: 220, 3: 165, 4: 202, 5: 108, 6: 273}
2025-12-04 19:13:16,323 - INFO - 第 5 折测试集类别分布: {0: 44, 1: 43, 2: 55, 3: 41, 4: 50, 5: 27, 6: 68}
2025-12-04 19:13:16,676 - INFO - 
第 5 折训练集分类报告:
2025-12-04 19:13:16,682 - INFO -               precision    recall  f1-score   support

           0       0.99      1.00      0.99       159
           1       0.99      1.00      0.99       153
           2       0.99      0.99      0.99       198
           3       1.00      0.99      1.00       148
           4       1.00      1.00      1.00       182
           5       1.00      0.97      0.98        97
           6       1.00      1.00      1.00       246

    accuracy                           0.99      1183
   macro avg       0.99      0.99      0.99      1183
weighted avg       0.99      0.99      0.99      1183

2025-12-04 19:13:16,684 - INFO - 类别	precision	recall	f1-score	support	正确数	准确率
2025-12-04 19:13:16,685 - INFO - CEES	0.99	1.00	0.99	159	159	1.0000
2025-12-04 19:13:16,685 - INFO - CHCl3	0.99	1.00	0.99	153	153	1.0000
2025-12-04 19:13:16,685 - INFO - DCM	0.99	0.99	0.99	198	196	0.9899
2025-12-04 19:13:16,686 - INFO - Diesel	1.00	0.99	1.00	148	147	0.9932
2025-12-04 19:13:16,686 - INFO - Dry_leaf	1.00	1.00	1.00	182	182	1.0000
2025-12-04 19:13:16,686 - INFO - HCL	1.00	0.97	0.98	97	94	0.9691
2025-12-04 19:13:16,686 - INFO - Leaf	1.00	1.00	1.00	246	246	1.0000
2025-12-04 19:13:16,687 - INFO - 总体准确率: 0.9949
2025-12-04 19:13:16,687 - INFO - 
第 5 折验证集分类报告:
2025-12-04 19:13:16,692 - INFO -               precision    recall  f1-score   support

           0       1.00      1.00      1.00        18
           1       0.94      1.00      0.97        17
           2       1.00      0.95      0.98        22
           3       1.00      1.00      1.00        17
           4       1.00      1.00      1.00        20
           5       1.00      1.00      1.00        11
           6       1.00      1.00      1.00        27

    accuracy                           0.99       132
   macro avg       0.99      0.99      0.99       132
weighted avg       0.99      0.99      0.99       132

2025-12-04 19:13:16,694 - INFO - 类别	precision	recall	f1-score	support	正确数	准确率
2025-12-04 19:13:16,694 - INFO - CEES	1.00	1.00	1.00	18	18	1.0000
2025-12-04 19:13:16,694 - INFO - CHCl3	0.94	1.00	0.97	17	17	1.0000
2025-12-04 19:13:16,694 - INFO - DCM	1.00	0.95	0.98	22	21	0.9545
2025-12-04 19:13:16,695 - INFO - Diesel	1.00	1.00	1.00	17	17	1.0000
2025-12-04 19:13:16,695 - INFO - Dry_leaf	1.00	1.00	1.00	20	20	1.0000
2025-12-04 19:13:16,695 - INFO - HCL	1.00	1.00	1.00	11	11	1.0000
2025-12-04 19:13:16,695 - INFO - Leaf	1.00	1.00	1.00	27	27	1.0000
2025-12-04 19:13:16,695 - INFO - 总体准确率: 0.9924
2025-12-04 19:13:16,696 - INFO - 第 5 折测试集准确率: 0.7378
2025-12-04 19:13:16,697 - INFO - 
第 5 折测试集分类报告:
2025-12-04 19:13:16,702 - INFO -               precision    recall  f1-score   support

           0       0.55      0.66      0.60        44
           1       0.59      0.44      0.51        43
           2       0.62      0.73      0.67        55
           3       0.78      0.78      0.78        41
           4       0.98      1.00      0.99        50
           5       0.24      0.15      0.18        27
           6       0.97      1.00      0.99        68

    accuracy                           0.74       328
   macro avg       0.68      0.68      0.67       328
weighted avg       0.72      0.74      0.73       328

2025-12-04 19:13:16,704 - INFO - 类别	precision	recall	f1-score	support	正确数	准确率
2025-12-04 19:13:16,704 - INFO - CEES	0.55	0.66	0.60	44	29	0.6591
2025-12-04 19:13:16,704 - INFO - CHCl3	0.59	0.44	0.51	43	19	0.4419
2025-12-04 19:13:16,705 - INFO - DCM	0.62	0.73	0.67	55	40	0.7273
2025-12-04 19:13:16,705 - INFO - Diesel	0.78	0.78	0.78	41	32	0.7805
2025-12-04 19:13:16,705 - INFO - Dry_leaf	0.98	1.00	0.99	50	50	1.0000
2025-12-04 19:13:16,705 - INFO - HCL	0.24	0.15	0.18	27	4	0.1481
2025-12-04 19:13:16,705 - INFO - Leaf	0.97	1.00	0.99	68	68	1.0000
2025-12-04 19:13:16,706 - INFO - 总体准确率: 0.7378
2025-12-04 19:13:17,792 - WARNING - MERG NOT subset; don't know how to subset; dropped
2025-12-04 19:13:17,834 - INFO - 已保存 Random Forest_Fold5 的混淆矩阵图到 'plot/Spectral_Classification_Exp1/Random_Forest'
2025-12-04 19:13:17,834 - INFO - Random Forest 5折交叉验证平均准确率: 0.7358 ± 0.0199
2025-12-04 19:13:17,835 - INFO - Random Forest 最佳模型来自第 1 折，准确率: 0.7538
2025-12-04 19:13:17,861 - INFO - 模型已保存到 'models/Spectral_Classification_Exp1/Random_Forest/Random_Forest.pth'
2025-12-04 19:13:18,467 - INFO - 资源监控 - CPU: 14.5%, 内存: 12.92GB/15.91GB (81.2%), 可用: 2.99GB, 页面文件: 26.00GB/40.25GB (64.6%) GPU #0: 已分配 0.00GB, 峰值 0.00GB; 
2025-12-04 19:13:19,469 - INFO - 
正在使用5折交叉验证训练 LDA 模型...
2025-12-04 19:13:19,470 - INFO - 训练第 1/5 折...
2025-12-04 19:13:19,472 - INFO - 第 1 折训练集类别分布: {0: 176, 1: 171, 2: 220, 3: 165, 4: 201, 5: 108, 6: 273}
2025-12-04 19:13:19,472 - INFO - 第 1 折测试集类别分布: {0: 45, 1: 42, 2: 55, 3: 41, 4: 51, 5: 27, 6: 68}
2025-12-04 19:13:19,580 - INFO - 
第 1 折训练集分类报告:
2025-12-04 19:13:19,588 - INFO -               precision    recall  f1-score   support

           0       0.99      1.00      1.00       158
           1       0.95      0.97      0.96       154
           2       0.94      0.95      0.95       198
           3       1.00      0.97      0.98       148
           4       1.00      1.00      1.00       181
           5       0.86      0.84      0.85        97
           6       1.00      1.00      1.00       246

    accuracy                           0.97      1182
   macro avg       0.96      0.96      0.96      1182
weighted avg       0.97      0.97      0.97      1182

2025-12-04 19:13:19,591 - INFO - 类别	precision	recall	f1-score	support	正确数	准确率
2025-12-04 19:13:19,591 - INFO - CEES	0.99	1.00	1.00	158	158	1.0000
2025-12-04 19:13:19,591 - INFO - CHCl3	0.95	0.97	0.96	154	150	0.9740
2025-12-04 19:13:19,592 - INFO - DCM	0.94	0.95	0.95	198	189	0.9545
2025-12-04 19:13:19,592 - INFO - Diesel	1.00	0.97	0.98	148	143	0.9662
2025-12-04 19:13:19,592 - INFO - Dry_leaf	1.00	1.00	1.00	181	181	1.0000
2025-12-04 19:13:19,592 - INFO - HCL	0.86	0.84	0.85	97	81	0.8351
2025-12-04 19:13:19,592 - INFO - Leaf	1.00	1.00	1.00	246	246	1.0000
2025-12-04 19:13:19,593 - INFO - 总体准确率: 0.9712
2025-12-04 19:13:19,593 - INFO - 
第 1 折验证集分类报告:
2025-12-04 19:13:19,599 - INFO -               precision    recall  f1-score   support

           0       1.00      1.00      1.00        18
           1       0.89      0.94      0.91        17
           2       1.00      0.91      0.95        22
           3       1.00      1.00      1.00        17
           4       1.00      1.00      1.00        20
           5       0.75      0.82      0.78        11
           6       1.00      1.00      1.00        27

    accuracy                           0.96       132
   macro avg       0.95      0.95      0.95       132
weighted avg       0.96      0.96      0.96       132

2025-12-04 19:13:19,601 - INFO - 类别	precision	recall	f1-score	support	正确数	准确率
2025-12-04 19:13:19,601 - INFO - CEES	1.00	1.00	1.00	18	18	1.0000
2025-12-04 19:13:19,601 - INFO - CHCl3	0.89	0.94	0.91	17	16	0.9412
2025-12-04 19:13:19,602 - INFO - DCM	1.00	0.91	0.95	22	20	0.9091
2025-12-04 19:13:19,602 - INFO - Diesel	1.00	1.00	1.00	17	17	1.0000
2025-12-04 19:13:19,602 - INFO - Dry_leaf	1.00	1.00	1.00	20	20	1.0000
2025-12-04 19:13:19,602 - INFO - HCL	0.75	0.82	0.78	11	9	0.8182
2025-12-04 19:13:19,602 - INFO - Leaf	1.00	1.00	1.00	27	27	1.0000
2025-12-04 19:13:19,603 - INFO - 总体准确率: 0.9621
2025-12-04 19:13:19,604 - INFO - 第 1 折测试集准确率: 0.9271
2025-12-04 19:13:19,604 - INFO - 
第 1 折测试集分类报告:
2025-12-04 19:13:19,610 - INFO -               precision    recall  f1-score   support

           0       0.98      1.00      0.99        45
           1       0.85      0.98      0.91        42
           2       0.84      0.85      0.85        55
           3       1.00      0.93      0.96        41
           4       1.00      1.00      1.00        51
           5       0.68      0.56      0.61        27
           6       1.00      1.00      1.00        68

    accuracy                           0.93       329
   macro avg       0.91      0.90      0.90       329
weighted avg       0.93      0.93      0.92       329

2025-12-04 19:13:19,613 - INFO - 类别	precision	recall	f1-score	support	正确数	准确率
2025-12-04 19:13:19,613 - INFO - CEES	0.98	1.00	0.99	45	45	1.0000
2025-12-04 19:13:19,614 - INFO - CHCl3	0.85	0.98	0.91	42	41	0.9762
2025-12-04 19:13:19,614 - INFO - DCM	0.84	0.85	0.85	55	47	0.8545
2025-12-04 19:13:19,614 - INFO - Diesel	1.00	0.93	0.96	41	38	0.9268
2025-12-04 19:13:19,614 - INFO - Dry_leaf	1.00	1.00	1.00	51	51	1.0000
2025-12-04 19:13:19,615 - INFO - HCL	0.68	0.56	0.61	27	15	0.5556
2025-12-04 19:13:19,615 - INFO - Leaf	1.00	1.00	1.00	68	68	1.0000
2025-12-04 19:13:19,615 - INFO - 总体准确率: 0.9271
2025-12-04 19:13:20,600 - WARNING - MERG NOT subset; don't know how to subset; dropped
2025-12-04 19:13:20,643 - INFO - 已保存 LDA_Fold1 的混淆矩阵图到 'plot/Spectral_Classification_Exp1/LDA'
2025-12-04 19:13:20,644 - INFO - 训练第 2/5 折...
2025-12-04 19:13:20,646 - INFO - 第 2 折训练集类别分布: {0: 177, 1: 171, 2: 220, 3: 164, 4: 201, 5: 108, 6: 273}
2025-12-04 19:13:20,646 - INFO - 第 2 折测试集类别分布: {0: 44, 1: 42, 2: 55, 3: 42, 4: 51, 5: 27, 6: 68}
2025-12-04 19:13:20,686 - INFO - 
第 2 折训练集分类报告:
2025-12-04 19:13:20,694 - INFO -               precision    recall  f1-score   support

           0       0.99      1.00      1.00       159
           1       0.94      0.97      0.96       154
           2       0.94      0.96      0.95       198
           3       1.00      0.97      0.99       147
           4       1.00      1.00      1.00       181
           5       0.87      0.81      0.84        97
           6       1.00      1.00      1.00       246

    accuracy                           0.97      1182
   macro avg       0.96      0.96      0.96      1182
weighted avg       0.97      0.97      0.97      1182

2025-12-04 19:13:20,697 - INFO - 类别	precision	recall	f1-score	support	正确数	准确率
2025-12-04 19:13:20,697 - INFO - CEES	0.99	1.00	1.00	159	159	1.0000
2025-12-04 19:13:20,697 - INFO - CHCl3	0.94	0.97	0.96	154	149	0.9675
2025-12-04 19:13:20,698 - INFO - DCM	0.94	0.96	0.95	198	190	0.9596
2025-12-04 19:13:20,698 - INFO - Diesel	1.00	0.97	0.99	147	143	0.9728
2025-12-04 19:13:20,698 - INFO - Dry_leaf	1.00	1.00	1.00	181	181	1.0000
2025-12-04 19:13:20,698 - INFO - HCL	0.87	0.81	0.84	97	79	0.8144
2025-12-04 19:13:20,698 - INFO - Leaf	1.00	1.00	1.00	246	246	1.0000
2025-12-04 19:13:20,699 - INFO - 总体准确率: 0.9704
2025-12-04 19:13:20,699 - INFO - 
第 2 折验证集分类报告:
2025-12-04 19:13:20,705 - INFO -               precision    recall  f1-score   support

           0       1.00      1.00      1.00        18
           1       0.84      0.94      0.89        17
           2       0.91      0.95      0.93        22
           3       1.00      0.88      0.94        17
           4       1.00      1.00      1.00        20
           5       0.80      0.73      0.76        11
           6       1.00      1.00      1.00        27

    accuracy                           0.95       132
   macro avg       0.94      0.93      0.93       132
weighted avg       0.95      0.95      0.95       132

2025-12-04 19:13:20,708 - INFO - 类别	precision	recall	f1-score	support	正确数	准确率
2025-12-04 19:13:20,708 - INFO - CEES	1.00	1.00	1.00	18	18	1.0000
2025-12-04 19:13:20,708 - INFO - CHCl3	0.84	0.94	0.89	17	16	0.9412
2025-12-04 19:13:20,709 - INFO - DCM	0.91	0.95	0.93	22	21	0.9545
2025-12-04 19:13:20,709 - INFO - Diesel	1.00	0.88	0.94	17	15	0.8824
2025-12-04 19:13:20,709 - INFO - Dry_leaf	1.00	1.00	1.00	20	20	1.0000
2025-12-04 19:13:20,710 - INFO - HCL	0.80	0.73	0.76	11	8	0.7273
2025-12-04 19:13:20,710 - INFO - Leaf	1.00	1.00	1.00	27	27	1.0000
2025-12-04 19:13:20,710 - INFO - 总体准确率: 0.9470
2025-12-04 19:13:20,712 - INFO - 第 2 折测试集准确率: 0.9058
2025-12-04 19:13:20,712 - INFO - 
第 2 折测试集分类报告:
2025-12-04 19:13:20,720 - INFO -               precision    recall  f1-score   support

           0       1.00      0.98      0.99        44
           1       0.88      0.86      0.87        42
           2       0.79      0.84      0.81        55
           3       1.00      0.81      0.89        42
           4       1.00      1.00      1.00        51
           5       0.59      0.74      0.66        27
           6       1.00      1.00      1.00        68

    accuracy                           0.91       329
   macro avg       0.89      0.89      0.89       329
weighted avg       0.92      0.91      0.91       329

2025-12-04 19:13:20,722 - INFO - 类别	precision	recall	f1-score	support	正确数	准确率
2025-12-04 19:13:20,723 - INFO - CEES	1.00	0.98	0.99	44	43	0.9773
2025-12-04 19:13:20,723 - INFO - CHCl3	0.88	0.86	0.87	42	36	0.8571
2025-12-04 19:13:20,723 - INFO - DCM	0.79	0.84	0.81	55	46	0.8364
2025-12-04 19:13:20,724 - INFO - Diesel	1.00	0.81	0.89	42	34	0.8095
2025-12-04 19:13:20,724 - INFO - Dry_leaf	1.00	1.00	1.00	51	51	1.0000
2025-12-04 19:13:20,724 - INFO - HCL	0.59	0.74	0.66	27	20	0.7407
2025-12-04 19:13:20,724 - INFO - Leaf	1.00	1.00	1.00	68	68	1.0000
2025-12-04 19:13:20,725 - INFO - 总体准确率: 0.9058
2025-12-04 19:13:21,609 - INFO - 资源监控 - CPU: 17.9%, 内存: 12.95GB/15.91GB (81.4%), 可用: 2.96GB, 页面文件: 25.99GB/40.25GB (64.6%) GPU #0: 已分配 0.00GB, 峰值 0.00GB; 
2025-12-04 19:13:21,716 - WARNING - MERG NOT subset; don't know how to subset; dropped
2025-12-04 19:13:21,759 - INFO - 已保存 LDA_Fold2 的混淆矩阵图到 'plot/Spectral_Classification_Exp1/LDA'
2025-12-04 19:13:21,759 - INFO - 训练第 3/5 折...
2025-12-04 19:13:21,761 - INFO - 第 3 折训练集类别分布: {0: 177, 1: 170, 2: 220, 3: 165, 4: 202, 5: 108, 6: 272}
2025-12-04 19:13:21,761 - INFO - 第 3 折测试集类别分布: {0: 44, 1: 43, 2: 55, 3: 41, 4: 50, 5: 27, 6: 69}
2025-12-04 19:13:21,801 - INFO - 
第 3 折训练集分类报告:
2025-12-04 19:13:21,808 - INFO -               precision    recall  f1-score   support

           0       0.99      1.00      1.00       159
           1       0.95      0.97      0.96       153
           2       0.95      0.96      0.95       198
           3       1.00      0.97      0.98       148
           4       1.00      1.00      1.00       182
           5       0.88      0.85      0.86        97
           6       1.00      1.00      1.00       245

    accuracy                           0.97      1182
   macro avg       0.97      0.96      0.97      1182
weighted avg       0.97      0.97      0.97      1182

2025-12-04 19:13:21,811 - INFO - 类别	precision	recall	f1-score	support	正确数	准确率
2025-12-04 19:13:21,811 - INFO - CEES	0.99	1.00	1.00	159	159	1.0000
2025-12-04 19:13:21,811 - INFO - CHCl3	0.95	0.97	0.96	153	149	0.9739
2025-12-04 19:13:21,811 - INFO - DCM	0.95	0.96	0.95	198	191	0.9646
2025-12-04 19:13:21,812 - INFO - Diesel	1.00	0.97	0.98	148	143	0.9662
2025-12-04 19:13:21,812 - INFO - Dry_leaf	1.00	1.00	1.00	182	182	1.0000
2025-12-04 19:13:21,812 - INFO - HCL	0.88	0.85	0.86	97	82	0.8454
2025-12-04 19:13:21,812 - INFO - Leaf	1.00	1.00	1.00	245	245	1.0000
2025-12-04 19:13:21,813 - INFO - 总体准确率: 0.9738
2025-12-04 19:13:21,813 - INFO - 
第 3 折验证集分类报告:
2025-12-04 19:13:21,819 - INFO -               precision    recall  f1-score   support

           0       1.00      1.00      1.00        18
           1       0.94      1.00      0.97        17
           2       0.95      0.95      0.95        22
           3       1.00      0.94      0.97        17
           4       1.00      1.00      1.00        20
           5       0.91      0.91      0.91        11
           6       1.00      1.00      1.00        27

    accuracy                           0.98       132
   macro avg       0.97      0.97      0.97       132
weighted avg       0.98      0.98      0.98       132

2025-12-04 19:13:21,821 - INFO - 类别	precision	recall	f1-score	support	正确数	准确率
2025-12-04 19:13:21,822 - INFO - CEES	1.00	1.00	1.00	18	18	1.0000
2025-12-04 19:13:21,822 - INFO - CHCl3	0.94	1.00	0.97	17	17	1.0000
2025-12-04 19:13:21,822 - INFO - DCM	0.95	0.95	0.95	22	21	0.9545
2025-12-04 19:13:21,822 - INFO - Diesel	1.00	0.94	0.97	17	16	0.9412
2025-12-04 19:13:21,823 - INFO - Dry_leaf	1.00	1.00	1.00	20	20	1.0000
2025-12-04 19:13:21,823 - INFO - HCL	0.91	0.91	0.91	11	10	0.9091
2025-12-04 19:13:21,823 - INFO - Leaf	1.00	1.00	1.00	27	27	1.0000
2025-12-04 19:13:21,823 - INFO - 总体准确率: 0.9773
2025-12-04 19:13:21,825 - INFO - 第 3 折测试集准确率: 0.8936
2025-12-04 19:13:21,825 - INFO - 
第 3 折测试集分类报告:
2025-12-04 19:13:21,831 - INFO -               precision    recall  f1-score   support

           0       1.00      0.95      0.98        44
           1       0.78      0.81      0.80        43
           2       0.88      0.78      0.83        55
           3       1.00      0.95      0.97        41
           4       1.00      1.00      1.00        50
           5       0.46      0.59      0.52        27
           6       1.00      1.00      1.00        69

    accuracy                           0.89       329
   macro avg       0.87      0.87      0.87       329
weighted avg       0.91      0.89      0.90       329

2025-12-04 19:13:21,833 - INFO - 类别	precision	recall	f1-score	support	正确数	准确率
2025-12-04 19:13:21,833 - INFO - CEES	1.00	0.95	0.98	44	42	0.9545
2025-12-04 19:13:21,834 - INFO - CHCl3	0.78	0.81	0.80	43	35	0.8140
2025-12-04 19:13:21,834 - INFO - DCM	0.88	0.78	0.83	55	43	0.7818
2025-12-04 19:13:21,834 - INFO - Diesel	1.00	0.95	0.97	41	39	0.9512
2025-12-04 19:13:21,834 - INFO - Dry_leaf	1.00	1.00	1.00	50	50	1.0000
2025-12-04 19:13:21,835 - INFO - HCL	0.46	0.59	0.52	27	16	0.5926
2025-12-04 19:13:21,835 - INFO - Leaf	1.00	1.00	1.00	69	69	1.0000
2025-12-04 19:13:21,835 - INFO - 总体准确率: 0.8936
2025-12-04 19:13:22,833 - WARNING - MERG NOT subset; don't know how to subset; dropped
2025-12-04 19:13:22,874 - INFO - 已保存 LDA_Fold3 的混淆矩阵图到 'plot/Spectral_Classification_Exp1/LDA'
2025-12-04 19:13:22,874 - INFO - 训练第 4/5 折...
2025-12-04 19:13:22,876 - INFO - 第 4 折训练集类别分布: {0: 177, 1: 170, 2: 220, 3: 165, 4: 202, 5: 108, 6: 273}
2025-12-04 19:13:22,877 - INFO - 第 4 折测试集类别分布: {0: 44, 1: 43, 2: 55, 3: 41, 4: 50, 5: 27, 6: 68}
2025-12-04 19:13:22,917 - INFO - 
第 4 折训练集分类报告:
2025-12-04 19:13:22,925 - INFO -               precision    recall  f1-score   support

           0       1.00      1.00      1.00       159
           1       0.95      0.97      0.96       153
           2       0.96      0.97      0.96       198
           3       1.00      0.99      0.99       148
           4       1.00      1.00      1.00       182
           5       0.88      0.86      0.87        97
           6       1.00      1.00      1.00       246

    accuracy                           0.98      1183
   macro avg       0.97      0.97      0.97      1183
weighted avg       0.98      0.98      0.98      1183

2025-12-04 19:13:22,928 - INFO - 类别	precision	recall	f1-score	support	正确数	准确率
2025-12-04 19:13:22,928 - INFO - CEES	1.00	1.00	1.00	159	159	1.0000
2025-12-04 19:13:22,928 - INFO - CHCl3	0.95	0.97	0.96	153	148	0.9673
2025-12-04 19:13:22,928 - INFO - DCM	0.96	0.97	0.96	198	192	0.9697
2025-12-04 19:13:22,929 - INFO - Diesel	1.00	0.99	0.99	148	146	0.9865
2025-12-04 19:13:22,929 - INFO - Dry_leaf	1.00	1.00	1.00	182	182	1.0000
2025-12-04 19:13:22,929 - INFO - HCL	0.88	0.86	0.87	97	83	0.8557
2025-12-04 19:13:22,929 - INFO - Leaf	1.00	1.00	1.00	246	246	1.0000
2025-12-04 19:13:22,929 - INFO - 总体准确率: 0.9772
2025-12-04 19:13:22,930 - INFO - 
第 4 折验证集分类报告:
2025-12-04 19:13:22,936 - INFO -               precision    recall  f1-score   support

           0       1.00      1.00      1.00        18
           1       0.94      1.00      0.97        17
           2       0.88      1.00      0.94        22
           3       1.00      0.82      0.90        17
           4       1.00      1.00      1.00        20
           5       1.00      0.91      0.95        11
           6       1.00      1.00      1.00        27

    accuracy                           0.97       132
   macro avg       0.97      0.96      0.97       132
weighted avg       0.97      0.97      0.97       132

2025-12-04 19:13:22,939 - INFO - 类别	precision	recall	f1-score	support	正确数	准确率
2025-12-04 19:13:22,939 - INFO - CEES	1.00	1.00	1.00	18	18	1.0000
2025-12-04 19:13:22,939 - INFO - CHCl3	0.94	1.00	0.97	17	17	1.0000
2025-12-04 19:13:22,940 - INFO - DCM	0.88	1.00	0.94	22	22	1.0000
2025-12-04 19:13:22,940 - INFO - Diesel	1.00	0.82	0.90	17	14	0.8235
2025-12-04 19:13:22,940 - INFO - Dry_leaf	1.00	1.00	1.00	20	20	1.0000
2025-12-04 19:13:22,940 - INFO - HCL	1.00	0.91	0.95	11	10	0.9091
2025-12-04 19:13:22,941 - INFO - Leaf	1.00	1.00	1.00	27	27	1.0000
2025-12-04 19:13:22,941 - INFO - 总体准确率: 0.9697
2025-12-04 19:13:22,942 - INFO - 第 4 折测试集准确率: 0.8841
2025-12-04 19:13:22,942 - INFO - 
第 4 折测试集分类报告:
2025-12-04 19:13:22,948 - INFO -               precision    recall  f1-score   support

           0       0.98      1.00      0.99        44
           1       0.84      0.95      0.89        43
           2       0.72      0.84      0.77        55
           3       1.00      0.71      0.83        41
           4       1.00      1.00      1.00        50
           5       0.52      0.44      0.48        27
           6       1.00      1.00      1.00        68

    accuracy                           0.88       328
   macro avg       0.87      0.85      0.85       328
weighted avg       0.89      0.88      0.88       328

2025-12-04 19:13:22,951 - INFO - 类别	precision	recall	f1-score	support	正确数	准确率
2025-12-04 19:13:22,951 - INFO - CEES	0.98	1.00	0.99	44	44	1.0000
2025-12-04 19:13:22,951 - INFO - CHCl3	0.84	0.95	0.89	43	41	0.9535
2025-12-04 19:13:22,952 - INFO - DCM	0.72	0.84	0.77	55	46	0.8364
2025-12-04 19:13:22,952 - INFO - Diesel	1.00	0.71	0.83	41	29	0.7073
2025-12-04 19:13:22,952 - INFO - Dry_leaf	1.00	1.00	1.00	50	50	1.0000
2025-12-04 19:13:22,952 - INFO - HCL	0.52	0.44	0.48	27	12	0.4444
2025-12-04 19:13:22,953 - INFO - Leaf	1.00	1.00	1.00	68	68	1.0000
2025-12-04 19:13:22,953 - INFO - 总体准确率: 0.8841
2025-12-04 19:13:23,984 - WARNING - MERG NOT subset; don't know how to subset; dropped
2025-12-04 19:13:24,027 - INFO - 已保存 LDA_Fold4 的混淆矩阵图到 'plot/Spectral_Classification_Exp1/LDA'
2025-12-04 19:13:24,027 - INFO - 训练第 5/5 折...
2025-12-04 19:13:24,029 - INFO - 第 5 折训练集类别分布: {0: 177, 1: 170, 2: 220, 3: 165, 4: 202, 5: 108, 6: 273}
2025-12-04 19:13:24,030 - INFO - 第 5 折测试集类别分布: {0: 44, 1: 43, 2: 55, 3: 41, 4: 50, 5: 27, 6: 68}
2025-12-04 19:13:24,068 - INFO - 
第 5 折训练集分类报告:
2025-12-04 19:13:24,075 - INFO -               precision    recall  f1-score   support

           0       0.99      1.00      1.00       159
           1       0.95      0.95      0.95       153
           2       0.95      0.96      0.96       198
           3       1.00      0.96      0.98       148
           4       1.00      1.00      1.00       182
           5       0.86      0.88      0.87        97
           6       1.00      1.00      1.00       246

    accuracy                           0.97      1183
   macro avg       0.97      0.96      0.96      1183
weighted avg       0.97      0.97      0.97      1183

2025-12-04 19:13:24,078 - INFO - 类别	precision	recall	f1-score	support	正确数	准确率
2025-12-04 19:13:24,078 - INFO - CEES	0.99	1.00	1.00	159	159	1.0000
2025-12-04 19:13:24,079 - INFO - CHCl3	0.95	0.95	0.95	153	146	0.9542
2025-12-04 19:13:24,079 - INFO - DCM	0.95	0.96	0.96	198	191	0.9646
2025-12-04 19:13:24,079 - INFO - Diesel	1.00	0.96	0.98	148	142	0.9595
2025-12-04 19:13:24,080 - INFO - Dry_leaf	1.00	1.00	1.00	182	182	1.0000
2025-12-04 19:13:24,080 - INFO - HCL	0.86	0.88	0.87	97	85	0.8763
2025-12-04 19:13:24,080 - INFO - Leaf	1.00	1.00	1.00	246	246	1.0000
2025-12-04 19:13:24,081 - INFO - 总体准确率: 0.9730
2025-12-04 19:13:24,081 - INFO - 
第 5 折验证集分类报告:
2025-12-04 19:13:24,087 - INFO -               precision    recall  f1-score   support

           0       1.00      1.00      1.00        18
           1       0.94      1.00      0.97        17
           2       0.91      0.91      0.91        22
           3       1.00      0.94      0.97        17
           4       1.00      1.00      1.00        20
           5       0.82      0.82      0.82        11
           6       1.00      1.00      1.00        27

    accuracy                           0.96       132
   macro avg       0.95      0.95      0.95       132
weighted avg       0.96      0.96      0.96       132

2025-12-04 19:13:24,090 - INFO - 类别	precision	recall	f1-score	support	正确数	准确率
2025-12-04 19:13:24,090 - INFO - CEES	1.00	1.00	1.00	18	18	1.0000
2025-12-04 19:13:24,090 - INFO - CHCl3	0.94	1.00	0.97	17	17	1.0000
2025-12-04 19:13:24,091 - INFO - DCM	0.91	0.91	0.91	22	20	0.9091
2025-12-04 19:13:24,091 - INFO - Diesel	1.00	0.94	0.97	17	16	0.9412
2025-12-04 19:13:24,091 - INFO - Dry_leaf	1.00	1.00	1.00	20	20	1.0000
2025-12-04 19:13:24,092 - INFO - HCL	0.82	0.82	0.82	11	9	0.8182
2025-12-04 19:13:24,092 - INFO - Leaf	1.00	1.00	1.00	27	27	1.0000
2025-12-04 19:13:24,092 - INFO - 总体准确率: 0.9621
2025-12-04 19:13:24,094 - INFO - 第 5 折测试集准确率: 0.9116
2025-12-04 19:13:24,094 - INFO - 
第 5 折测试集分类报告:
2025-12-04 19:13:24,102 - INFO -               precision    recall  f1-score   support

           0       1.00      1.00      1.00        44
           1       0.92      0.84      0.88        43
           2       0.85      0.80      0.82        55
           3       1.00      0.93      0.96        41
           4       0.98      1.00      0.99        50
           5       0.53      0.70      0.60        27
           6       1.00      1.00      1.00        68

    accuracy                           0.91       328
   macro avg       0.90      0.90      0.89       328
weighted avg       0.92      0.91      0.92       328

2025-12-04 19:13:24,104 - INFO - 类别	precision	recall	f1-score	support	正确数	准确率
2025-12-04 19:13:24,105 - INFO - CEES	1.00	1.00	1.00	44	44	1.0000
2025-12-04 19:13:24,105 - INFO - CHCl3	0.92	0.84	0.88	43	36	0.8372
2025-12-04 19:13:24,105 - INFO - DCM	0.85	0.80	0.82	55	44	0.8000
2025-12-04 19:13:24,105 - INFO - Diesel	1.00	0.93	0.96	41	38	0.9268
2025-12-04 19:13:24,107 - INFO - Dry_leaf	0.98	1.00	0.99	50	50	1.0000
2025-12-04 19:13:24,107 - INFO - HCL	0.53	0.70	0.60	27	19	0.7037
2025-12-04 19:13:24,107 - INFO - Leaf	1.00	1.00	1.00	68	68	1.0000
2025-12-04 19:13:24,107 - INFO - 总体准确率: 0.9116
2025-12-04 19:13:25,250 - WARNING - MERG NOT subset; don't know how to subset; dropped
2025-12-04 19:13:25,292 - INFO - 已保存 LDA_Fold5 的混淆矩阵图到 'plot/Spectral_Classification_Exp1/LDA'
2025-12-04 19:13:25,293 - INFO - LDA 5折交叉验证平均准确率: 0.9044 ± 0.0148
2025-12-04 19:13:25,293 - INFO - LDA 最佳模型来自第 1 折，准确率: 0.9271
2025-12-04 19:13:25,295 - INFO - 模型已保存到 'models/Spectral_Classification_Exp1/LDA/LDA.pth'
2025-12-04 19:13:25,903 - INFO - 资源监控 - CPU: 9.6%, 内存: 12.53GB/15.91GB (78.8%), 可用: 3.38GB, 页面文件: 25.95GB/40.25GB (64.5%) GPU #0: 已分配 0.00GB, 峰值 0.00GB; 
2025-12-04 19:13:26,904 - INFO - 
正在使用5折交叉验证训练 XGBoost 模型...
2025-12-04 19:13:26,905 - INFO - 训练第 1/5 折...
2025-12-04 19:13:26,907 - INFO - 第 1 折训练集类别分布: {0: 176, 1: 171, 2: 220, 3: 165, 4: 201, 5: 108, 6: 273}
2025-12-04 19:13:26,907 - INFO - 第 1 折测试集类别分布: {0: 45, 1: 42, 2: 55, 3: 41, 4: 51, 5: 27, 6: 68}
2025-12-04 19:13:31,604 - INFO - 
第 1 折训练集分类报告:
2025-12-04 19:13:31,612 - INFO -               precision    recall  f1-score   support

           0       1.00      1.00      1.00       158
           1       1.00      1.00      1.00       154
           2       1.00      1.00      1.00       198
           3       1.00      1.00      1.00       148
           4       1.00      1.00      1.00       181
           5       1.00      1.00      1.00        97
           6       1.00      1.00      1.00       246

    accuracy                           1.00      1182
   macro avg       1.00      1.00      1.00      1182
weighted avg       1.00      1.00      1.00      1182

2025-12-04 19:13:31,615 - INFO - 类别	precision	recall	f1-score	support	正确数	准确率
2025-12-04 19:13:31,615 - INFO - CEES	1.00	1.00	1.00	158	158	1.0000
2025-12-04 19:13:31,616 - INFO - CHCl3	1.00	1.00	1.00	154	154	1.0000
2025-12-04 19:13:31,616 - INFO - DCM	1.00	1.00	1.00	198	198	1.0000
2025-12-04 19:13:31,616 - INFO - Diesel	1.00	1.00	1.00	148	148	1.0000
2025-12-04 19:13:31,617 - INFO - Dry_leaf	1.00	1.00	1.00	181	181	1.0000
2025-12-04 19:13:31,617 - INFO - HCL	1.00	1.00	1.00	97	97	1.0000
2025-12-04 19:13:31,617 - INFO - Leaf	1.00	1.00	1.00	246	246	1.0000
2025-12-04 19:13:31,617 - INFO - 总体准确率: 1.0000
2025-12-04 19:13:31,618 - INFO - 
第 1 折验证集分类报告:
2025-12-04 19:13:31,624 - INFO -               precision    recall  f1-score   support

           0       0.54      0.72      0.62        18
           1       0.77      0.59      0.67        17
           2       0.69      0.82      0.75        22
           3       0.73      0.65      0.69        17
           4       1.00      1.00      1.00        20
           5       0.57      0.36      0.44        11
           6       1.00      1.00      1.00        27

    accuracy                           0.78       132
   macro avg       0.76      0.73      0.74       132
weighted avg       0.79      0.78      0.78       132

2025-12-04 19:13:31,626 - INFO - 类别	precision	recall	f1-score	support	正确数	准确率
2025-12-04 19:13:31,626 - INFO - CEES	0.54	0.72	0.62	18	13	0.7222
2025-12-04 19:13:31,627 - INFO - CHCl3	0.77	0.59	0.67	17	10	0.5882
2025-12-04 19:13:31,627 - INFO - DCM	0.69	0.82	0.75	22	18	0.8182
2025-12-04 19:13:31,627 - INFO - Diesel	0.73	0.65	0.69	17	11	0.6471
2025-12-04 19:13:31,627 - INFO - Dry_leaf	1.00	1.00	1.00	20	20	1.0000
2025-12-04 19:13:31,628 - INFO - HCL	0.57	0.36	0.44	11	4	0.3636
2025-12-04 19:13:31,628 - INFO - Leaf	1.00	1.00	1.00	27	27	1.0000
2025-12-04 19:13:31,628 - INFO - 总体准确率: 0.7803
2025-12-04 19:13:31,629 - INFO - 第 1 折测试集准确率: 0.7447
2025-12-04 19:13:31,630 - INFO - 
第 1 折测试集分类报告:
2025-12-04 19:13:31,636 - INFO -               precision    recall  f1-score   support

           0       0.67      0.62      0.64        45
           1       0.53      0.48      0.50        42
           2       0.55      0.75      0.64        55
           3       0.87      0.83      0.85        41
           4       1.00      1.00      1.00        51
           5       0.18      0.11      0.14        27
           6       1.00      1.00      1.00        68

    accuracy                           0.74       329
   macro avg       0.69      0.68      0.68       329
weighted avg       0.74      0.74      0.74       329

2025-12-04 19:13:31,638 - INFO - 类别	precision	recall	f1-score	support	正确数	准确率
2025-12-04 19:13:31,639 - INFO - CEES	0.67	0.62	0.64	45	28	0.6222
2025-12-04 19:13:31,639 - INFO - CHCl3	0.53	0.48	0.50	42	20	0.4762
2025-12-04 19:13:31,639 - INFO - DCM	0.55	0.75	0.64	55	41	0.7455
2025-12-04 19:13:31,639 - INFO - Diesel	0.87	0.83	0.85	41	34	0.8293
2025-12-04 19:13:31,640 - INFO - Dry_leaf	1.00	1.00	1.00	51	51	1.0000
2025-12-04 19:13:31,640 - INFO - HCL	0.18	0.11	0.14	27	3	0.1111
2025-12-04 19:13:31,640 - INFO - Leaf	1.00	1.00	1.00	68	68	1.0000
2025-12-04 19:13:31,640 - INFO - 总体准确率: 0.7447
2025-12-04 19:13:32,627 - WARNING - MERG NOT subset; don't know how to subset; dropped
2025-12-04 19:13:32,670 - INFO - 已保存 XGBoost_Fold1 的混淆矩阵图到 'plot/Spectral_Classification_Exp1/XGBoost'
2025-12-04 19:13:32,670 - INFO - 训练第 2/5 折...
2025-12-04 19:13:32,672 - INFO - 第 2 折训练集类别分布: {0: 177, 1: 171, 2: 220, 3: 164, 4: 201, 5: 108, 6: 273}
2025-12-04 19:13:32,673 - INFO - 第 2 折测试集类别分布: {0: 44, 1: 42, 2: 55, 3: 42, 4: 51, 5: 27, 6: 68}
2025-12-04 19:13:37,128 - INFO - 资源监控 - CPU: 87.3%, 内存: 12.92GB/15.91GB (81.2%), 可用: 2.99GB, 页面文件: 26.09GB/40.25GB (64.8%) GPU #0: 已分配 0.00GB, 峰值 0.00GB; 
2025-12-04 19:13:37,324 - INFO - 
第 2 折训练集分类报告:
2025-12-04 19:13:37,332 - INFO -               precision    recall  f1-score   support

           0       1.00      1.00      1.00       159
           1       1.00      1.00      1.00       154
           2       1.00      1.00      1.00       198
           3       1.00      1.00      1.00       147
           4       1.00      1.00      1.00       181
           5       1.00      1.00      1.00        97
           6       1.00      1.00      1.00       246

    accuracy                           1.00      1182
   macro avg       1.00      1.00      1.00      1182
weighted avg       1.00      1.00      1.00      1182

2025-12-04 19:13:37,335 - INFO - 类别	precision	recall	f1-score	support	正确数	准确率
2025-12-04 19:13:37,335 - INFO - CEES	1.00	1.00	1.00	159	159	1.0000
2025-12-04 19:13:37,336 - INFO - CHCl3	1.00	1.00	1.00	154	154	1.0000
2025-12-04 19:13:37,336 - INFO - DCM	1.00	1.00	1.00	198	198	1.0000
2025-12-04 19:13:37,336 - INFO - Diesel	1.00	1.00	1.00	147	147	1.0000
2025-12-04 19:13:37,337 - INFO - Dry_leaf	1.00	1.00	1.00	181	181	1.0000
2025-12-04 19:13:37,338 - INFO - HCL	1.00	1.00	1.00	97	97	1.0000
2025-12-04 19:13:37,338 - INFO - Leaf	1.00	1.00	1.00	246	246	1.0000
2025-12-04 19:13:37,338 - INFO - 总体准确率: 1.0000
2025-12-04 19:13:37,338 - INFO - 
第 2 折验证集分类报告:
2025-12-04 19:13:37,344 - INFO -               precision    recall  f1-score   support

           0       0.58      0.61      0.59        18
           1       0.53      0.53      0.53        17
           2       0.59      0.77      0.67        22
           3       0.93      0.82      0.88        17
           4       1.00      1.00      1.00        20
           5       0.40      0.18      0.25        11
           6       1.00      1.00      1.00        27

    accuracy                           0.76       132
   macro avg       0.72      0.70      0.70       132
weighted avg       0.75      0.76      0.75       132

2025-12-04 19:13:37,347 - INFO - 类别	precision	recall	f1-score	support	正确数	准确率
2025-12-04 19:13:37,347 - INFO - CEES	0.58	0.61	0.59	18	11	0.6111
2025-12-04 19:13:37,347 - INFO - CHCl3	0.53	0.53	0.53	17	9	0.5294
2025-12-04 19:13:37,348 - INFO - DCM	0.59	0.77	0.67	22	17	0.7727
2025-12-04 19:13:37,348 - INFO - Diesel	0.93	0.82	0.88	17	14	0.8235
2025-12-04 19:13:37,348 - INFO - Dry_leaf	1.00	1.00	1.00	20	20	1.0000
2025-12-04 19:13:37,349 - INFO - HCL	0.40	0.18	0.25	11	2	0.1818
2025-12-04 19:13:37,349 - INFO - Leaf	1.00	1.00	1.00	27	27	1.0000
2025-12-04 19:13:37,349 - INFO - 总体准确率: 0.7576
2025-12-04 19:13:37,351 - INFO - 第 2 折测试集准确率: 0.7751
2025-12-04 19:13:37,351 - INFO - 
第 2 折测试集分类报告:
2025-12-04 19:13:37,357 - INFO -               precision    recall  f1-score   support

           0       0.57      0.64      0.60        44
           1       0.66      0.60      0.62        42
           2       0.62      0.73      0.67        55
           3       0.97      0.76      0.85        42
           4       1.00      1.00      1.00        51
           5       0.42      0.41      0.42        27
           6       1.00      1.00      1.00        68

    accuracy                           0.78       329
   macro avg       0.75      0.73      0.74       329
weighted avg       0.79      0.78      0.78       329

2025-12-04 19:13:37,361 - INFO - 类别	precision	recall	f1-score	support	正确数	准确率
2025-12-04 19:13:37,361 - INFO - CEES	0.57	0.64	0.60	44	28	0.6364
2025-12-04 19:13:37,361 - INFO - CHCl3	0.66	0.60	0.62	42	25	0.5952
2025-12-04 19:13:37,362 - INFO - DCM	0.62	0.73	0.67	55	40	0.7273
2025-12-04 19:13:37,362 - INFO - Diesel	0.97	0.76	0.85	42	32	0.7619
2025-12-04 19:13:37,362 - INFO - Dry_leaf	1.00	1.00	1.00	51	51	1.0000
2025-12-04 19:13:37,362 - INFO - HCL	0.42	0.41	0.42	27	11	0.4074
2025-12-04 19:13:37,363 - INFO - Leaf	1.00	1.00	1.00	68	68	1.0000
2025-12-04 19:13:37,363 - INFO - 总体准确率: 0.7751
2025-12-04 19:13:38,380 - WARNING - MERG NOT subset; don't know how to subset; dropped
2025-12-04 19:13:38,423 - INFO - 已保存 XGBoost_Fold2 的混淆矩阵图到 'plot/Spectral_Classification_Exp1/XGBoost'
2025-12-04 19:13:38,423 - INFO - 训练第 3/5 折...
2025-12-04 19:13:38,425 - INFO - 第 3 折训练集类别分布: {0: 177, 1: 170, 2: 220, 3: 165, 4: 202, 5: 108, 6: 272}
2025-12-04 19:13:38,426 - INFO - 第 3 折测试集类别分布: {0: 44, 1: 43, 2: 55, 3: 41, 4: 50, 5: 27, 6: 69}
2025-12-04 19:13:43,123 - INFO - 
第 3 折训练集分类报告:
2025-12-04 19:13:43,130 - INFO -               precision    recall  f1-score   support

           0       1.00      1.00      1.00       159
           1       1.00      1.00      1.00       153
           2       1.00      1.00      1.00       198
           3       1.00      1.00      1.00       148
           4       1.00      1.00      1.00       182
           5       1.00      1.00      1.00        97
           6       1.00      1.00      1.00       245

    accuracy                           1.00      1182
   macro avg       1.00      1.00      1.00      1182
weighted avg       1.00      1.00      1.00      1182

2025-12-04 19:13:43,132 - INFO - 类别	precision	recall	f1-score	support	正确数	准确率
2025-12-04 19:13:43,133 - INFO - CEES	1.00	1.00	1.00	159	159	1.0000
2025-12-04 19:13:43,133 - INFO - CHCl3	1.00	1.00	1.00	153	153	1.0000
2025-12-04 19:13:43,133 - INFO - DCM	1.00	1.00	1.00	198	198	1.0000
2025-12-04 19:13:43,133 - INFO - Diesel	1.00	1.00	1.00	148	148	1.0000
2025-12-04 19:13:43,134 - INFO - Dry_leaf	1.00	1.00	1.00	182	182	1.0000
2025-12-04 19:13:43,134 - INFO - HCL	1.00	1.00	1.00	97	97	1.0000
2025-12-04 19:13:43,134 - INFO - Leaf	1.00	1.00	1.00	245	245	1.0000
2025-12-04 19:13:43,134 - INFO - 总体准确率: 1.0000
2025-12-04 19:13:43,134 - INFO - 
第 3 折验证集分类报告:
2025-12-04 19:13:43,141 - INFO -               precision    recall  f1-score   support

           0       0.58      0.61      0.59        18
           1       0.56      0.59      0.57        17
           2       0.58      0.64      0.61        22
           3       0.94      0.88      0.91        17
           4       0.95      1.00      0.98        20
           5       0.29      0.18      0.22        11
           6       1.00      1.00      1.00        27

    accuracy                           0.75       132
   macro avg       0.70      0.70      0.70       132
weighted avg       0.74      0.75      0.74       132

2025-12-04 19:13:43,143 - INFO - 类别	precision	recall	f1-score	support	正确数	准确率
2025-12-04 19:13:43,143 - INFO - CEES	0.58	0.61	0.59	18	11	0.6111
2025-12-04 19:13:43,143 - INFO - CHCl3	0.56	0.59	0.57	17	10	0.5882
2025-12-04 19:13:43,144 - INFO - DCM	0.58	0.64	0.61	22	14	0.6364
2025-12-04 19:13:43,144 - INFO - Diesel	0.94	0.88	0.91	17	15	0.8824
2025-12-04 19:13:43,144 - INFO - Dry_leaf	0.95	1.00	0.98	20	20	1.0000
2025-12-04 19:13:43,145 - INFO - HCL	0.29	0.18	0.22	11	2	0.1818
2025-12-04 19:13:43,145 - INFO - Leaf	1.00	1.00	1.00	27	27	1.0000
2025-12-04 19:13:43,145 - INFO - 总体准确率: 0.7500
2025-12-04 19:13:43,146 - INFO - 第 3 折测试集准确率: 0.7447
2025-12-04 19:13:43,147 - INFO - 
第 3 折测试集分类报告:
2025-12-04 19:13:43,153 - INFO -               precision    recall  f1-score   support

           0       0.56      0.50      0.53        44
           1       0.58      0.60      0.59        43
           2       0.58      0.69      0.63        55
           3       0.92      0.88      0.90        41
           4       0.98      1.00      0.99        50
           5       0.20      0.15      0.17        27
           6       1.00      1.00      1.00        69

    accuracy                           0.74       329
   macro avg       0.69      0.69      0.69       329
weighted avg       0.74      0.74      0.74       329

2025-12-04 19:13:43,155 - INFO - 类别	precision	recall	f1-score	support	正确数	准确率
2025-12-04 19:13:43,155 - INFO - CEES	0.56	0.50	0.53	44	22	0.5000
2025-12-04 19:13:43,156 - INFO - CHCl3	0.58	0.60	0.59	43	26	0.6047
2025-12-04 19:13:43,156 - INFO - DCM	0.58	0.69	0.63	55	38	0.6909
2025-12-04 19:13:43,156 - INFO - Diesel	0.92	0.88	0.90	41	36	0.8780
2025-12-04 19:13:43,156 - INFO - Dry_leaf	0.98	1.00	0.99	50	50	1.0000
2025-12-04 19:13:43,157 - INFO - HCL	0.20	0.15	0.17	27	4	0.1481
2025-12-04 19:13:43,157 - INFO - Leaf	1.00	1.00	1.00	69	69	1.0000
2025-12-04 19:13:43,157 - INFO - 总体准确率: 0.7447
2025-12-04 19:13:44,172 - WARNING - MERG NOT subset; don't know how to subset; dropped
2025-12-04 19:13:44,216 - INFO - 已保存 XGBoost_Fold3 的混淆矩阵图到 'plot/Spectral_Classification_Exp1/XGBoost'
2025-12-04 19:13:44,217 - INFO - 训练第 4/5 折...
2025-12-04 19:13:44,219 - INFO - 第 4 折训练集类别分布: {0: 177, 1: 170, 2: 220, 3: 165, 4: 202, 5: 108, 6: 273}
2025-12-04 19:13:44,219 - INFO - 第 4 折测试集类别分布: {0: 44, 1: 43, 2: 55, 3: 41, 4: 50, 5: 27, 6: 68}
2025-12-04 19:13:48,944 - INFO - 
第 4 折训练集分类报告:
2025-12-04 19:13:48,951 - INFO -               precision    recall  f1-score   support

           0       1.00      1.00      1.00       159
           1       1.00      1.00      1.00       153
           2       1.00      1.00      1.00       198
           3       1.00      1.00      1.00       148
           4       1.00      1.00      1.00       182
           5       1.00      1.00      1.00        97
           6       1.00      1.00      1.00       246

    accuracy                           1.00      1183
   macro avg       1.00      1.00      1.00      1183
weighted avg       1.00      1.00      1.00      1183

2025-12-04 19:13:48,953 - INFO - 类别	precision	recall	f1-score	support	正确数	准确率
2025-12-04 19:13:48,954 - INFO - CEES	1.00	1.00	1.00	159	159	1.0000
2025-12-04 19:13:48,954 - INFO - CHCl3	1.00	1.00	1.00	153	153	1.0000
2025-12-04 19:13:48,954 - INFO - DCM	1.00	1.00	1.00	198	198	1.0000
2025-12-04 19:13:48,954 - INFO - Diesel	1.00	1.00	1.00	148	148	1.0000
2025-12-04 19:13:48,955 - INFO - Dry_leaf	1.00	1.00	1.00	182	182	1.0000
2025-12-04 19:13:48,955 - INFO - HCL	1.00	1.00	1.00	97	97	1.0000
2025-12-04 19:13:48,955 - INFO - Leaf	1.00	1.00	1.00	246	246	1.0000
2025-12-04 19:13:48,955 - INFO - 总体准确率: 1.0000
2025-12-04 19:13:48,956 - INFO - 
第 4 折验证集分类报告:
2025-12-04 19:13:48,962 - INFO -               precision    recall  f1-score   support

           0       0.62      0.72      0.67        18
           1       0.44      0.24      0.31        17
           2       0.59      0.77      0.67        22
           3       0.80      0.71      0.75        17
           4       1.00      1.00      1.00        20
           5       0.36      0.36      0.36        11
           6       1.00      1.00      1.00        27

    accuracy                           0.73       132
   macro avg       0.69      0.69      0.68       132
weighted avg       0.73      0.73      0.72       132

2025-12-04 19:13:48,964 - INFO - 类别	precision	recall	f1-score	support	正确数	准确率
2025-12-04 19:13:48,964 - INFO - CEES	0.62	0.72	0.67	18	13	0.7222
2025-12-04 19:13:48,964 - INFO - CHCl3	0.44	0.24	0.31	17	4	0.2353
2025-12-04 19:13:48,965 - INFO - DCM	0.59	0.77	0.67	22	17	0.7727
2025-12-04 19:13:48,965 - INFO - Diesel	0.80	0.71	0.75	17	12	0.7059
2025-12-04 19:13:48,965 - INFO - Dry_leaf	1.00	1.00	1.00	20	20	1.0000
2025-12-04 19:13:48,965 - INFO - HCL	0.36	0.36	0.36	11	4	0.3636
2025-12-04 19:13:48,966 - INFO - Leaf	1.00	1.00	1.00	27	27	1.0000
2025-12-04 19:13:48,966 - INFO - 总体准确率: 0.7348
2025-12-04 19:13:48,967 - INFO - 第 4 折测试集准确率: 0.7348
2025-12-04 19:13:48,968 - INFO - 
第 4 折测试集分类报告:
2025-12-04 19:13:48,974 - INFO -               precision    recall  f1-score   support

           0       0.50      0.45      0.48        44
           1       0.62      0.70      0.66        43
           2       0.52      0.65      0.58        55
           3       0.86      0.76      0.81        41
           4       1.00      1.00      1.00        50
           5       0.35      0.22      0.27        27
           6       1.00      1.00      1.00        68

    accuracy                           0.73       328
   macro avg       0.69      0.68      0.68       328
weighted avg       0.73      0.73      0.73       328

2025-12-04 19:13:48,976 - INFO - 类别	precision	recall	f1-score	support	正确数	准确率
2025-12-04 19:13:48,976 - INFO - CEES	0.50	0.45	0.48	44	20	0.4545
2025-12-04 19:13:48,977 - INFO - CHCl3	0.62	0.70	0.66	43	30	0.6977
2025-12-04 19:13:48,977 - INFO - DCM	0.52	0.65	0.58	55	36	0.6545
2025-12-04 19:13:48,977 - INFO - Diesel	0.86	0.76	0.81	41	31	0.7561
2025-12-04 19:13:48,977 - INFO - Dry_leaf	1.00	1.00	1.00	50	50	1.0000
2025-12-04 19:13:48,978 - INFO - HCL	0.35	0.22	0.27	27	6	0.2222
2025-12-04 19:13:48,978 - INFO - Leaf	1.00	1.00	1.00	68	68	1.0000
2025-12-04 19:13:48,978 - INFO - 总体准确率: 0.7348
2025-12-04 19:13:49,973 - WARNING - MERG NOT subset; don't know how to subset; dropped
2025-12-04 19:13:50,017 - INFO - 已保存 XGBoost_Fold4 的混淆矩阵图到 'plot/Spectral_Classification_Exp1/XGBoost'
2025-12-04 19:13:50,017 - INFO - 训练第 5/5 折...
2025-12-04 19:13:50,019 - INFO - 第 5 折训练集类别分布: {0: 177, 1: 170, 2: 220, 3: 165, 4: 202, 5: 108, 6: 273}
2025-12-04 19:13:50,019 - INFO - 第 5 折测试集类别分布: {0: 44, 1: 43, 2: 55, 3: 41, 4: 50, 5: 27, 6: 68}
2025-12-04 19:13:52,629 - INFO - 资源监控 - CPU: 78.3%, 内存: 12.59GB/15.91GB (79.1%), 可用: 3.32GB, 页面文件: 26.00GB/40.25GB (64.6%) GPU #0: 已分配 0.00GB, 峰值 0.00GB; 
2025-12-04 19:13:54,557 - INFO - 
第 5 折训练集分类报告:
2025-12-04 19:13:54,565 - INFO -               precision    recall  f1-score   support

           0       1.00      1.00      1.00       159
           1       1.00      1.00      1.00       153
           2       1.00      1.00      1.00       198
           3       1.00      1.00      1.00       148
           4       1.00      1.00      1.00       182
           5       1.00      1.00      1.00        97
           6       1.00      1.00      1.00       246

    accuracy                           1.00      1183
   macro avg       1.00      1.00      1.00      1183
weighted avg       1.00      1.00      1.00      1183

2025-12-04 19:13:54,567 - INFO - 类别	precision	recall	f1-score	support	正确数	准确率
2025-12-04 19:13:54,567 - INFO - CEES	1.00	1.00	1.00	159	159	1.0000
2025-12-04 19:13:54,568 - INFO - CHCl3	1.00	1.00	1.00	153	153	1.0000
2025-12-04 19:13:54,568 - INFO - DCM	1.00	1.00	1.00	198	198	1.0000
2025-12-04 19:13:54,568 - INFO - Diesel	1.00	1.00	1.00	148	148	1.0000
2025-12-04 19:13:54,569 - INFO - Dry_leaf	1.00	1.00	1.00	182	182	1.0000
2025-12-04 19:13:54,569 - INFO - HCL	1.00	1.00	1.00	97	97	1.0000
2025-12-04 19:13:54,569 - INFO - Leaf	1.00	1.00	1.00	246	246	1.0000
2025-12-04 19:13:54,569 - INFO - 总体准确率: 1.0000
2025-12-04 19:13:54,570 - INFO - 
第 5 折验证集分类报告:
2025-12-04 19:13:54,576 - INFO -               precision    recall  f1-score   support

           0       0.65      0.72      0.68        18
           1       0.77      0.59      0.67        17
           2       0.55      0.73      0.63        22
           3       0.93      0.82      0.88        17
           4       1.00      1.00      1.00        20
           5       0.12      0.09      0.11        11
           6       1.00      1.00      1.00        27

    accuracy                           0.77       132
   macro avg       0.72      0.71      0.71       132
weighted avg       0.77      0.77      0.76       132

2025-12-04 19:13:54,578 - INFO - 类别	precision	recall	f1-score	support	正确数	准确率
2025-12-04 19:13:54,579 - INFO - CEES	0.65	0.72	0.68	18	13	0.7222
2025-12-04 19:13:54,579 - INFO - CHCl3	0.77	0.59	0.67	17	10	0.5882
2025-12-04 19:13:54,579 - INFO - DCM	0.55	0.73	0.63	22	16	0.7273
2025-12-04 19:13:54,579 - INFO - Diesel	0.93	0.82	0.88	17	14	0.8235
2025-12-04 19:13:54,580 - INFO - Dry_leaf	1.00	1.00	1.00	20	20	1.0000
2025-12-04 19:13:54,580 - INFO - HCL	0.12	0.09	0.11	11	1	0.0909
2025-12-04 19:13:54,580 - INFO - Leaf	1.00	1.00	1.00	27	27	1.0000
2025-12-04 19:13:54,580 - INFO - 总体准确率: 0.7652
2025-12-04 19:13:54,581 - INFO - 第 5 折测试集准确率: 0.7652
2025-12-04 19:13:54,582 - INFO - 
第 5 折测试集分类报告:
2025-12-04 19:13:54,588 - INFO -               precision    recall  f1-score   support

           0       0.53      0.70      0.61        44
           1       0.58      0.49      0.53        43
           2       0.71      0.75      0.73        55
           3       0.82      0.80      0.81        41
           4       0.96      0.98      0.97        50
           5       0.53      0.33      0.41        27
           6       0.99      0.99      0.99        68

    accuracy                           0.77       328
   macro avg       0.73      0.72      0.72       328
weighted avg       0.76      0.77      0.76       328

2025-12-04 19:13:54,590 - INFO - 类别	precision	recall	f1-score	support	正确数	准确率
2025-12-04 19:13:54,590 - INFO - CEES	0.53	0.70	0.61	44	31	0.7045
2025-12-04 19:13:54,591 - INFO - CHCl3	0.58	0.49	0.53	43	21	0.4884
2025-12-04 19:13:54,591 - INFO - DCM	0.71	0.75	0.73	55	41	0.7455
2025-12-04 19:13:54,591 - INFO - Diesel	0.82	0.80	0.81	41	33	0.8049
2025-12-04 19:13:54,592 - INFO - Dry_leaf	0.96	0.98	0.97	50	49	0.9800
2025-12-04 19:13:54,592 - INFO - HCL	0.53	0.33	0.41	27	9	0.3333
2025-12-04 19:13:54,592 - INFO - Leaf	0.99	0.99	0.99	68	67	0.9853
2025-12-04 19:13:54,592 - INFO - 总体准确率: 0.7652
2025-12-04 19:13:55,692 - WARNING - MERG NOT subset; don't know how to subset; dropped
2025-12-04 19:13:55,738 - INFO - 已保存 XGBoost_Fold5 的混淆矩阵图到 'plot/Spectral_Classification_Exp1/XGBoost'
2025-12-04 19:13:55,738 - INFO - XGBoost 5折交叉验证平均准确率: 0.7529 ± 0.0149
2025-12-04 19:13:55,739 - INFO - XGBoost 最佳模型来自第 2 折，准确率: 0.7751
2025-12-04 19:13:55,766 - INFO - 模型已保存到 'models/Spectral_Classification_Exp1/XGBoost/XGBoost.pth'
2025-12-04 19:13:56,396 - INFO - 资源监控 - CPU: 10.7%, 内存: 12.54GB/15.91GB (78.8%), 可用: 3.37GB, 页面文件: 25.95GB/40.25GB (64.5%) GPU #0: 已分配 0.00GB, 峰值 0.00GB; 
2025-12-04 19:13:57,397 - INFO - 
最佳模型: LDA (准确率: 0.9271)
2025-12-04 19:13:57,397 - INFO - 
所有模型的交叉验证结果汇总:
2025-12-04 19:13:57,397 - INFO - LogisticRegression: 0.5216 ± 0.0144
2025-12-04 19:13:57,397 - INFO - Random Forest: 0.7358 ± 0.0199
2025-12-04 19:13:57,398 - INFO - LDA: 0.9044 ± 0.0148
2025-12-04 19:13:57,398 - INFO - XGBoost: 0.7529 ± 0.0149
2025-12-04 19:13:57,902 - INFO - 资源监控 - CPU: 7.8%, 内存: 12.52GB/15.91GB (78.7%), 可用: 3.39GB, 页面文件: 25.93GB/40.25GB (64.4%) GPU #0: 已分配 0.00GB, 峰值 0.00GB; 
2025-12-04 19:13:57,902 - INFO - 完成任务: 模型训练与评估, 耗时: 61.84秒
2025-12-04 19:13:57,903 - INFO - 开始任务: 保存模型检查点
2025-12-04 19:13:57,904 - INFO - 已保存模型训练检查点到 models/Spectral_Classification_Exp1/model_checkpoint.pth
2025-12-04 19:13:57,905 - INFO - 完成任务: 保存模型检查点, 耗时: 0.00秒
2025-12-04 19:13:57,905 - INFO - 开始任务: 绘制混淆矩阵
2025-12-04 19:13:58,962 - WARNING - MERG NOT subset; don't know how to subset; dropped
2025-12-04 19:13:59,005 - INFO - 已保存 LDA 的混淆矩阵图到 'plot/None/LDA'
2025-12-04 19:13:59,005 - INFO - 完成任务: 绘制混淆矩阵, 耗时: 1.10秒
2025-12-04 19:13:59,005 - INFO - 开始任务: 保存最终模型
2025-12-04 19:13:59,006 - INFO - 模型已保存到 'models/Spectral_Classification_Exp1/LDA/LDA.pth'
2025-12-04 19:13:59,007 - INFO - 完成任务: 保存最终模型, 耗时: 0.00秒
2025-12-04 19:13:59,007 - INFO - 
分类模型训练和评估完成！
2025-12-04 19:13:59,007 - INFO - 最佳模型: LDA
2025-12-04 19:13:59,007 - INFO - 程序执行结束，日志保存在: models/Spectral_Classification_Exp1/training_log_20251204_191248.log
2025-12-04 19:13:59,007 - INFO - =========================================
2025-12-04 19:13:59,007 - INFO - 开始任务: 绘制混淆矩阵
2025-12-04 19:14:00,050 - WARNING - MERG NOT subset; don't know how to subset; dropped
2025-12-04 19:14:00,093 - INFO - 已保存 LDA 的混淆矩阵图到 'plot/Spectral_Classification_Exp1/LDA'
2025-12-04 19:14:00,093 - INFO - 完成任务: 绘制混淆矩阵, 耗时: 1.09秒
2025-12-04 19:14:00,093 - INFO - 使用模型: LDA
