2025-12-04 19:26:25,089 - INFO - =========================================
2025-12-04 19:26:25,089 - INFO - 开始执行光谱分类任务 - 神经网络
2025-12-04 19:26:25,089 - INFO - Python版本: 3.12.4 | packaged by Anaconda, Inc. | (main, Jun 18 2024, 15:03:56) [MSC v.1929 64 bit (AMD64)]
2025-12-04 19:26:25,089 - INFO - 工作目录: F:\Code\Code_FHY_V1
2025-12-04 19:26:25,089 - INFO - matplotlib字体配置: 成功
2025-12-04 19:26:25,089 - INFO - 模型保存路径: models/Spectral_Classification_Exp1/Neural_Network/
2025-12-04 19:26:25,089 - INFO - 图表保存路径: plot/Spectral_Classification_Exp1/Neural_Network/
2025-12-04 19:26:25,090 - INFO - 未找到配置文件: configs/SpectralNN_config.json，使用代码内默认超参
2025-12-04 19:26:25,090 - INFO - 加载数据文件: Data/band_average_reflectivity_results_all.csv
2025-12-04 19:26:25,134 - INFO - 标签编码映射: {'CEES': 0, 'CHCl3': 1, 'DCM': 2, 'Diesel': 3, 'Dry_leaf': 4, 'HCL': 5, 'Leaf': 6}
2025-12-04 19:26:25,136 - INFO - 使用分层5折交叉验证训练神经网络...
2025-12-04 19:26:25,138 - INFO - Fold 1/5
2025-12-04 19:26:39,039 - INFO - Fold 1 Epoch 1/500
2025-12-04 19:26:39,039 - INFO -   损失: 训练(带噪) 1.2810, 训练(纯净) 1.3972, 验证 1.4602
2025-12-04 19:26:39,039 - INFO -   准确率: 训练 0.667, 验证 0.650, LR 0.000499
2025-12-04 19:26:39,797 - INFO - Fold 1 Epoch 11/500
2025-12-04 19:26:39,798 - INFO -   损失: 训练(带噪) 0.6539, 训练(纯净) 0.5984, 验证 0.6727
2025-12-04 19:26:39,798 - INFO -   准确率: 训练 0.808, 验证 0.802, LR 0.000355
2025-12-04 19:26:40,295 - INFO - Fold 1 Epoch 21/500
2025-12-04 19:26:40,295 - INFO -   损失: 训练(带噪) 0.5690, 训练(纯净) 0.5231, 验证 0.6018
2025-12-04 19:26:40,295 - INFO -   准确率: 训练 0.822, 验证 0.817, LR 0.000111
2025-12-04 19:26:40,781 - INFO - Fold 1 Epoch 31/500
2025-12-04 19:26:40,781 - INFO -   损失: 训练(带噪) 0.5511, 训练(纯净) 0.5081, 验证 0.5850
2025-12-04 19:26:40,781 - INFO -   准确率: 训练 0.847, 验证 0.840, LR 0.000499
2025-12-04 19:26:41,260 - INFO - Fold 1 Epoch 41/500
2025-12-04 19:26:41,260 - INFO -   损失: 训练(带噪) 0.5751, 训练(纯净) 0.5209, 验证 0.6363
2025-12-04 19:26:41,260 - INFO -   准确率: 训练 0.837, 验证 0.776, LR 0.000355
2025-12-04 19:26:41,796 - INFO - Fold 1 Epoch 51/500
2025-12-04 19:26:41,797 - INFO -   损失: 训练(带噪) 0.4796, 训练(纯净) 0.4304, 验证 0.5153
2025-12-04 19:26:41,797 - INFO -   准确率: 训练 0.857, 验证 0.825, LR 0.000111
2025-12-04 19:26:42,328 - INFO - Fold 1 Epoch 61/500
2025-12-04 19:26:42,329 - INFO -   损失: 训练(带噪) 0.4829, 训练(纯净) 0.4248, 验证 0.4902
2025-12-04 19:26:42,329 - INFO -   准确率: 训练 0.860, 验证 0.825, LR 0.000499
2025-12-04 19:26:42,860 - INFO - Fold 1 Epoch 71/500
2025-12-04 19:26:42,861 - INFO -   损失: 训练(带噪) 0.5188, 训练(纯净) 0.4663, 验证 0.5621
2025-12-04 19:26:42,861 - INFO -   准确率: 训练 0.858, 验证 0.817, LR 0.000355
2025-12-04 19:26:43,400 - INFO - Fold 1 Epoch 81/500
2025-12-04 19:26:43,400 - INFO -   损失: 训练(带噪) 0.4530, 训练(纯净) 0.3772, 验证 0.4889
2025-12-04 19:26:43,401 - INFO -   准确率: 训练 0.884, 验证 0.821, LR 0.000111
2025-12-04 19:26:43,945 - INFO - Fold 1 Epoch 91/500
2025-12-04 19:26:43,945 - INFO -   损失: 训练(带噪) 0.4260, 训练(纯净) 0.3548, 验证 0.4115
2025-12-04 19:26:43,945 - INFO -   准确率: 训练 0.894, 验证 0.871, LR 0.000499
2025-12-04 19:26:44,477 - INFO - Fold 1 Epoch 101/500
2025-12-04 19:26:44,477 - INFO -   损失: 训练(带噪) 0.5118, 训练(纯净) 0.4255, 验证 0.5101
2025-12-04 19:26:44,478 - INFO -   准确率: 训练 0.866, 验证 0.833, LR 0.000355
2025-12-04 19:26:45,006 - INFO - Fold 1 Epoch 111/500
2025-12-04 19:26:45,006 - INFO -   损失: 训练(带噪) 0.4233, 训练(纯净) 0.3387, 验证 0.3899
2025-12-04 19:26:45,006 - INFO -   准确率: 训练 0.896, 验证 0.886, LR 0.000111
2025-12-04 19:26:45,536 - INFO - Fold 1 Epoch 121/500
2025-12-04 19:26:45,536 - INFO -   损失: 训练(带噪) 0.4399, 训练(纯净) 0.3313, 验证 0.4327
2025-12-04 19:26:45,536 - INFO -   准确率: 训练 0.893, 验证 0.856, LR 0.000499
2025-12-04 19:26:46,076 - INFO - Fold 1 Epoch 131/500
2025-12-04 19:26:46,076 - INFO -   损失: 训练(带噪) 0.4877, 训练(纯净) 0.4207, 验证 0.4731
2025-12-04 19:26:46,076 - INFO -   准确率: 训练 0.866, 验证 0.852, LR 0.000355
2025-12-04 19:26:46,623 - INFO - Fold 1 Epoch 141/500
2025-12-04 19:26:46,623 - INFO -   损失: 训练(带噪) 0.3772, 训练(纯净) 0.3115, 验证 0.4130
2025-12-04 19:26:46,623 - INFO -   准确率: 训练 0.911, 验证 0.875, LR 0.000111
2025-12-04 19:26:47,179 - INFO - Fold 1 Epoch 151/500
2025-12-04 19:26:47,180 - INFO -   损失: 训练(带噪) 0.4020, 训练(纯净) 0.4411, 验证 0.5050
2025-12-04 19:26:47,180 - INFO -   准确率: 训练 0.838, 验证 0.852, LR 0.000499
2025-12-04 19:26:47,727 - INFO - Fold 1 Epoch 161/500
2025-12-04 19:26:47,727 - INFO -   损失: 训练(带噪) 0.4162, 训练(纯净) 0.3449, 验证 0.4044
2025-12-04 19:26:47,727 - INFO -   准确率: 训练 0.899, 验证 0.886, LR 0.000355
2025-12-04 19:26:48,277 - INFO - Fold 1 Epoch 171/500
2025-12-04 19:26:48,277 - INFO -   损失: 训练(带噪) 0.3722, 训练(纯净) 0.3008, 验证 0.4025
2025-12-04 19:26:48,277 - INFO -   准确率: 训练 0.901, 验证 0.863, LR 0.000111
2025-12-04 19:26:48,835 - INFO - Fold 1 Epoch 181/500
2025-12-04 19:26:48,835 - INFO -   损失: 训练(带噪) 0.3612, 训练(纯净) 0.2947, 验证 0.3419
2025-12-04 19:26:48,835 - INFO -   准确率: 训练 0.899, 验证 0.913, LR 0.000499
2025-12-04 19:26:49,394 - INFO - Fold 1 Epoch 191/500
2025-12-04 19:26:49,394 - INFO -   损失: 训练(带噪) 0.4242, 训练(纯净) 0.3417, 验证 0.3803
2025-12-04 19:26:49,394 - INFO -   准确率: 训练 0.882, 验证 0.886, LR 0.000355
2025-12-04 19:26:49,955 - INFO - Fold 1 Epoch 201/500
2025-12-04 19:26:49,955 - INFO -   损失: 训练(带噪) 0.3790, 训练(纯净) 0.2719, 验证 0.3281
2025-12-04 19:26:49,956 - INFO -   准确率: 训练 0.916, 验证 0.920, LR 0.000111
2025-12-04 19:26:50,520 - INFO - Fold 1 Epoch 211/500
2025-12-04 19:26:50,521 - INFO -   损失: 训练(带噪) 0.3635, 训练(纯净) 0.4432, 验证 0.4577
2025-12-04 19:26:50,521 - INFO -   准确率: 训练 0.847, 验证 0.844, LR 0.000499
2025-12-04 19:26:51,074 - INFO - Fold 1 Epoch 221/500
2025-12-04 19:26:51,074 - INFO -   损失: 训练(带噪) 0.4453, 训练(纯净) 0.4048, 验证 0.4602
2025-12-04 19:26:51,075 - INFO -   准确率: 训练 0.855, 验证 0.837, LR 0.000355
2025-12-04 19:26:51,626 - INFO - Fold 1 Epoch 231/500
2025-12-04 19:26:51,626 - INFO -   损失: 训练(带噪) 0.3623, 训练(纯净) 0.2798, 验证 0.3910
2025-12-04 19:26:51,626 - INFO -   准确率: 训练 0.914, 验证 0.886, LR 0.000111
2025-12-04 19:26:52,005 - INFO - 早停: 第 238 轮
2025-12-04 19:26:52,276 - INFO - Fold 1 训练分析:
2025-12-04 19:26:52,277 - INFO -   验证损失更低的轮次: 72/238 (30.3%)
2025-12-04 19:26:52,277 - INFO -   最终损失 - 训练: 0.3073, 验证: 0.3301
2025-12-04 19:26:52,277 - INFO -   最小损失 - 训练: 0.3073, 验证: 0.3275
2025-12-04 19:26:52,277 - INFO -   噪声强度: 0.0
2025-12-04 19:26:52,277 - INFO -   Dropout率: 0.3
2025-12-04 19:26:52,278 - INFO -   最佳验证轮次: 238
2025-12-04 19:26:52,307 - INFO - 训练集 准确率: 0.9258
2025-12-04 19:26:52,313 - INFO - 训练集 分类报告:
              precision    recall  f1-score   support

           0       0.96      0.96      0.96       134
           1       0.83      0.93      0.88       136
           2       0.91      0.78      0.84       174
           3       1.00      0.95      0.97       129
           4       1.00      1.00      1.00       159
           5       0.68      0.80      0.73        81
           6       1.00      1.00      1.00       211

    accuracy                           0.93      1024
   macro avg       0.91      0.92      0.91      1024
weighted avg       0.93      0.93      0.93      1024

2025-12-04 19:26:52,315 - INFO - 类别	precision	recall	f1-score	support	正确数	准确率
2025-12-04 19:26:52,316 - INFO - CEES	0.96	0.96	0.96	134	129	0.9627
2025-12-04 19:26:52,316 - INFO - CHCl3	0.83	0.93	0.88	136	126	0.9265
2025-12-04 19:26:52,316 - INFO - DCM	0.91	0.78	0.84	174	136	0.7816
2025-12-04 19:26:52,316 - INFO - Diesel	1.00	0.95	0.97	129	122	0.9457
2025-12-04 19:26:52,316 - INFO - Dry_leaf	1.00	1.00	1.00	159	159	1.0000
2025-12-04 19:26:52,317 - INFO - HCL	0.68	0.80	0.73	81	65	0.8025
2025-12-04 19:26:52,317 - INFO - Leaf	1.00	1.00	1.00	211	211	1.0000
2025-12-04 19:26:52,317 - INFO - 总体准确率: 0.9258
2025-12-04 19:26:52,324 - INFO - 验证集 准确率: 0.9011
2025-12-04 19:26:52,330 - INFO - 验证集 分类报告:
              precision    recall  f1-score   support

           0       0.92      0.97      0.94        35
           1       0.78      0.94      0.85        34
           2       0.91      0.70      0.79        44
           3       1.00      0.91      0.95        33
           4       1.00      1.00      1.00        40
           5       0.58      0.68      0.62        22
           6       1.00      1.00      1.00        55

    accuracy                           0.90       263
   macro avg       0.88      0.89      0.88       263
weighted avg       0.91      0.90      0.90       263

2025-12-04 19:26:52,332 - INFO - 类别	precision	recall	f1-score	support	正确数	准确率
2025-12-04 19:26:52,333 - INFO - CEES	0.92	0.97	0.94	35	34	0.9714
2025-12-04 19:26:52,333 - INFO - CHCl3	0.78	0.94	0.85	34	32	0.9412
2025-12-04 19:26:52,333 - INFO - DCM	0.91	0.70	0.79	44	31	0.7045
2025-12-04 19:26:52,333 - INFO - Diesel	1.00	0.91	0.95	33	30	0.9091
2025-12-04 19:26:52,333 - INFO - Dry_leaf	1.00	1.00	1.00	40	40	1.0000
2025-12-04 19:26:52,334 - INFO - HCL	0.58	0.68	0.62	22	15	0.6818
2025-12-04 19:26:52,334 - INFO - Leaf	1.00	1.00	1.00	55	55	1.0000
2025-12-04 19:26:52,334 - INFO - 总体准确率: 0.9011
2025-12-04 19:26:52,343 - INFO - 测试集 准确率: 0.9240
2025-12-04 19:26:52,350 - INFO - 测试集 分类报告:
              precision    recall  f1-score   support

           0       0.98      0.93      0.95        45
           1       0.82      0.88      0.85        42
           2       0.90      0.84      0.87        55
           3       1.00      0.98      0.99        41
           4       1.00      1.00      1.00        51
           5       0.65      0.74      0.69        27
           6       1.00      1.00      1.00        68

    accuracy                           0.92       329
   macro avg       0.91      0.91      0.91       329
weighted avg       0.93      0.92      0.93       329

2025-12-04 19:26:52,352 - INFO - 类别	precision	recall	f1-score	support	正确数	准确率
2025-12-04 19:26:52,352 - INFO - CEES	0.98	0.93	0.95	45	42	0.9333
2025-12-04 19:26:52,352 - INFO - CHCl3	0.82	0.88	0.85	42	37	0.8810
2025-12-04 19:26:52,353 - INFO - DCM	0.90	0.84	0.87	55	46	0.8364
2025-12-04 19:26:52,353 - INFO - Diesel	1.00	0.98	0.99	41	40	0.9756
2025-12-04 19:26:52,353 - INFO - Dry_leaf	1.00	1.00	1.00	51	51	1.0000
2025-12-04 19:26:52,353 - INFO - HCL	0.65	0.74	0.69	27	20	0.7407
2025-12-04 19:26:52,354 - INFO - Leaf	1.00	1.00	1.00	68	68	1.0000
2025-12-04 19:26:52,354 - INFO - 总体准确率: 0.9240
2025-12-04 19:26:52,354 - INFO - Fold 1 准确率: 0.9240
2025-12-04 19:26:53,560 - INFO - 已保存 Fold 1 损失曲线
2025-12-04 19:26:54,309 - INFO - 已保存 准确率 指标图
2025-12-04 19:26:55,043 - INFO - 已保存 学习率 指标图
2025-12-04 19:26:56,233 - INFO - Fold 2/5
2025-12-04 19:26:56,443 - INFO - Fold 2 Epoch 1/500
2025-12-04 19:26:56,443 - INFO -   损失: 训练(带噪) 1.2840, 训练(纯净) 1.4365, 验证 1.4813
2025-12-04 19:26:56,443 - INFO -   准确率: 训练 0.645, 验证 0.631, LR 0.000499
2025-12-04 19:26:57,073 - INFO - Fold 2 Epoch 11/500
2025-12-04 19:26:57,073 - INFO -   损失: 训练(带噪) 0.6726, 训练(纯净) 0.6299, 验证 0.6869
2025-12-04 19:26:57,073 - INFO -   准确率: 训练 0.789, 验证 0.779, LR 0.000355
2025-12-04 19:26:57,567 - INFO - Fold 2 Epoch 21/500
2025-12-04 19:26:57,568 - INFO -   损失: 训练(带噪) 0.5657, 训练(纯净) 0.5076, 验证 0.5944
2025-12-04 19:26:57,568 - INFO -   准确率: 训练 0.834, 验证 0.814, LR 0.000111
2025-12-04 19:26:58,057 - INFO - Fold 2 Epoch 31/500
2025-12-04 19:26:58,057 - INFO -   损失: 训练(带噪) 0.5529, 训练(纯净) 0.4890, 验证 0.5516
2025-12-04 19:26:58,058 - INFO -   准确率: 训练 0.852, 验证 0.840, LR 0.000499
2025-12-04 19:26:58,580 - INFO - Fold 2 Epoch 41/500
2025-12-04 19:26:58,580 - INFO -   损失: 训练(带噪) 0.5659, 训练(纯净) 0.5030, 验证 0.5775
2025-12-04 19:26:58,580 - INFO -   准确率: 训练 0.829, 验证 0.802, LR 0.000355
2025-12-04 19:26:59,114 - INFO - Fold 2 Epoch 51/500
2025-12-04 19:26:59,115 - INFO -   损失: 训练(带噪) 0.4609, 训练(纯净) 0.3944, 验证 0.5034
2025-12-04 19:26:59,115 - INFO -   准确率: 训练 0.870, 验证 0.840, LR 0.000111
2025-12-04 19:26:59,670 - INFO - Fold 2 Epoch 61/500
2025-12-04 19:26:59,670 - INFO -   损失: 训练(带噪) 0.4674, 训练(纯净) 0.4873, 验证 0.7413
2025-12-04 19:26:59,671 - INFO -   准确率: 训练 0.834, 验证 0.768, LR 0.000499
2025-12-04 19:27:00,201 - INFO - Fold 2 Epoch 71/500
2025-12-04 19:27:00,201 - INFO -   损失: 训练(带噪) 0.5026, 训练(纯净) 0.4358, 验证 0.6299
2025-12-04 19:27:00,202 - INFO -   准确率: 训练 0.856, 验证 0.783, LR 0.000355
2025-12-04 19:27:00,735 - INFO - Fold 2 Epoch 81/500
2025-12-04 19:27:00,735 - INFO -   损失: 训练(带噪) 0.4073, 训练(纯净) 0.3438, 验证 0.5199
2025-12-04 19:27:00,736 - INFO -   准确率: 训练 0.889, 验证 0.829, LR 0.000111
2025-12-04 19:27:01,273 - INFO - Fold 2 Epoch 91/500
2025-12-04 19:27:01,273 - INFO -   损失: 训练(带噪) 0.4442, 训练(纯净) 0.3863, 验证 0.5010
2025-12-04 19:27:01,273 - INFO -   准确率: 训练 0.873, 验证 0.840, LR 0.000499
2025-12-04 19:27:01,812 - INFO - Fold 2 Epoch 101/500
2025-12-04 19:27:01,812 - INFO -   损失: 训练(带噪) 0.5010, 训练(纯净) 0.4508, 验证 0.5792
2025-12-04 19:27:01,812 - INFO -   准确率: 训练 0.855, 验证 0.791, LR 0.000355
2025-12-04 19:27:02,352 - INFO - Fold 2 Epoch 111/500
2025-12-04 19:27:02,352 - INFO -   损失: 训练(带噪) 0.4180, 训练(纯净) 0.3342, 验证 0.4572
2025-12-04 19:27:02,352 - INFO -   准确率: 训练 0.892, 验证 0.840, LR 0.000111
2025-12-04 19:27:02,802 - INFO - 早停: 第 119 轮
2025-12-04 19:27:02,810 - INFO - Fold 2 训练分析:
2025-12-04 19:27:02,810 - INFO -   验证损失更低的轮次: 6/119 (5.0%)
2025-12-04 19:27:02,810 - INFO -   最终损失 - 训练: 0.3524, 验证: 0.4614
2025-12-04 19:27:02,810 - INFO -   最小损失 - 训练: 0.3390, 验证: 0.4542
2025-12-04 19:27:02,811 - INFO -   噪声强度: 0.0
2025-12-04 19:27:02,811 - INFO -   Dropout率: 0.3
2025-12-04 19:27:02,811 - INFO -   最佳验证轮次: 119
2025-12-04 19:27:02,832 - INFO - 训练集 准确率: 0.9141
2025-12-04 19:27:02,838 - INFO - 训练集 分类报告:
              precision    recall  f1-score   support

           0       0.94      0.98      0.96       140
           1       0.78      0.89      0.84       133
           2       0.91      0.75      0.82       169
           3       0.99      0.96      0.98       130
           4       1.00      1.00      1.00       153
           5       0.64      0.71      0.67        82
           6       1.00      1.00      1.00       217

    accuracy                           0.91      1024
   macro avg       0.89      0.90      0.89      1024
weighted avg       0.92      0.91      0.91      1024

2025-12-04 19:27:02,841 - INFO - 类别	precision	recall	f1-score	support	正确数	准确率
2025-12-04 19:27:02,841 - INFO - CEES	0.94	0.98	0.96	140	137	0.9786
2025-12-04 19:27:02,842 - INFO - CHCl3	0.78	0.89	0.84	133	119	0.8947
2025-12-04 19:27:02,842 - INFO - DCM	0.91	0.75	0.82	169	127	0.7515
2025-12-04 19:27:02,842 - INFO - Diesel	0.99	0.96	0.98	130	125	0.9615
2025-12-04 19:27:02,842 - INFO - Dry_leaf	1.00	1.00	1.00	153	153	1.0000
2025-12-04 19:27:02,843 - INFO - HCL	0.64	0.71	0.67	82	58	0.7073
2025-12-04 19:27:02,843 - INFO - Leaf	1.00	1.00	1.00	217	217	1.0000
2025-12-04 19:27:02,843 - INFO - 总体准确率: 0.9141
2025-12-04 19:27:02,851 - INFO - 验证集 准确率: 0.8517
2025-12-04 19:27:02,856 - INFO - 验证集 分类报告:
              precision    recall  f1-score   support

           0       0.89      0.91      0.90        35
           1       0.76      0.85      0.81        34
           2       0.79      0.61      0.69        44
           3       1.00      0.94      0.97        33
           4       1.00      1.00      1.00        40
           5       0.34      0.45      0.39        22
           6       1.00      1.00      1.00        55

    accuracy                           0.85       263
   macro avg       0.83      0.82      0.82       263
weighted avg       0.87      0.85      0.86       263

2025-12-04 19:27:02,858 - INFO - 类别	precision	recall	f1-score	support	正确数	准确率
2025-12-04 19:27:02,859 - INFO - CEES	0.89	0.91	0.90	35	32	0.9143
2025-12-04 19:27:02,859 - INFO - CHCl3	0.76	0.85	0.81	34	29	0.8529
2025-12-04 19:27:02,859 - INFO - DCM	0.79	0.61	0.69	44	27	0.6136
2025-12-04 19:27:02,859 - INFO - Diesel	1.00	0.94	0.97	33	31	0.9394
2025-12-04 19:27:02,859 - INFO - Dry_leaf	1.00	1.00	1.00	40	40	1.0000
2025-12-04 19:27:02,860 - INFO - HCL	0.34	0.45	0.39	22	10	0.4545
2025-12-04 19:27:02,860 - INFO - Leaf	1.00	1.00	1.00	55	55	1.0000
2025-12-04 19:27:02,860 - INFO - 总体准确率: 0.8517
2025-12-04 19:27:02,867 - INFO - 测试集 准确率: 0.8906
2025-12-04 19:27:02,874 - INFO - 测试集 分类报告:
              precision    recall  f1-score   support

           0       0.91      0.91      0.91        44
           1       0.78      0.83      0.80        42
           2       0.85      0.80      0.82        55
           3       1.00      0.86      0.92        42
           4       1.00      1.00      1.00        51
           5       0.58      0.70      0.63        27
           6       1.00      1.00      1.00        68

    accuracy                           0.89       329
   macro avg       0.87      0.87      0.87       329
weighted avg       0.90      0.89      0.89       329

2025-12-04 19:27:02,876 - INFO - 类别	precision	recall	f1-score	support	正确数	准确率
2025-12-04 19:27:02,877 - INFO - CEES	0.91	0.91	0.91	44	40	0.9091
2025-12-04 19:27:02,877 - INFO - CHCl3	0.78	0.83	0.80	42	35	0.8333
2025-12-04 19:27:02,877 - INFO - DCM	0.85	0.80	0.82	55	44	0.8000
2025-12-04 19:27:02,877 - INFO - Diesel	1.00	0.86	0.92	42	36	0.8571
2025-12-04 19:27:02,878 - INFO - Dry_leaf	1.00	1.00	1.00	51	51	1.0000
2025-12-04 19:27:02,878 - INFO - HCL	0.58	0.70	0.63	27	19	0.7037
2025-12-04 19:27:02,878 - INFO - Leaf	1.00	1.00	1.00	68	68	1.0000
2025-12-04 19:27:02,878 - INFO - 总体准确率: 0.8906
2025-12-04 19:27:02,879 - INFO - Fold 2 准确率: 0.8906
2025-12-04 19:27:03,655 - INFO - 已保存 Fold 2 损失曲线
2025-12-04 19:27:04,386 - INFO - 已保存 准确率 指标图
2025-12-04 19:27:05,102 - INFO - 已保存 学习率 指标图
2025-12-04 19:27:06,244 - INFO - Fold 3/5
2025-12-04 19:27:06,452 - INFO - Fold 3 Epoch 1/500
2025-12-04 19:27:06,453 - INFO -   损失: 训练(带噪) 1.2778, 训练(纯净) 1.4315, 验证 1.4564
2025-12-04 19:27:06,453 - INFO -   准确率: 训练 0.625, 验证 0.650, LR 0.000499
2025-12-04 19:27:07,072 - INFO - Fold 3 Epoch 11/500
2025-12-04 19:27:07,073 - INFO -   损失: 训练(带噪) 0.6532, 训练(纯净) 0.6019, 验证 0.6676
2025-12-04 19:27:07,073 - INFO -   准确率: 训练 0.812, 验证 0.772, LR 0.000355
2025-12-04 19:27:07,577 - INFO - Fold 3 Epoch 21/500
2025-12-04 19:27:07,578 - INFO -   损失: 训练(带噪) 0.5689, 训练(纯净) 0.4970, 验证 0.5823
2025-12-04 19:27:07,578 - INFO -   准确率: 训练 0.843, 验证 0.814, LR 0.000111
2025-12-04 19:27:08,085 - INFO - Fold 3 Epoch 31/500
2025-12-04 19:27:08,086 - INFO -   损失: 训练(带噪) 0.5346, 训练(纯净) 0.4815, 验证 0.5785
2025-12-04 19:27:08,086 - INFO -   准确率: 训练 0.840, 验证 0.787, LR 0.000499
2025-12-04 19:27:08,601 - INFO - Fold 3 Epoch 41/500
2025-12-04 19:27:08,601 - INFO -   损失: 训练(带噪) 0.5535, 训练(纯净) 0.4626, 验证 0.5603
2025-12-04 19:27:08,602 - INFO -   准确率: 训练 0.852, 验证 0.821, LR 0.000355
2025-12-04 19:27:09,152 - INFO - Fold 3 Epoch 51/500
2025-12-04 19:27:09,153 - INFO -   损失: 训练(带噪) 0.4605, 训练(纯净) 0.3990, 验证 0.5236
2025-12-04 19:27:09,153 - INFO -   准确率: 训练 0.874, 验证 0.825, LR 0.000111
2025-12-04 19:27:09,716 - INFO - Fold 3 Epoch 61/500
2025-12-04 19:27:09,717 - INFO -   损失: 训练(带噪) 0.4382, 训练(纯净) 0.3648, 验证 0.4594
2025-12-04 19:27:09,717 - INFO -   准确率: 训练 0.893, 验证 0.852, LR 0.000499
2025-12-04 19:27:10,239 - INFO - Fold 3 Epoch 71/500
2025-12-04 19:27:10,313 - INFO -   损失: 训练(带噪) 0.4803, 训练(纯净) 0.4150, 验证 0.5192
2025-12-04 19:27:10,314 - INFO -   准确率: 训练 0.868, 验证 0.825, LR 0.000355
2025-12-04 19:27:10,842 - INFO - Fold 3 Epoch 81/500
2025-12-04 19:27:10,842 - INFO -   损失: 训练(带噪) 0.4017, 训练(纯净) 0.3269, 验证 0.4484
2025-12-04 19:27:10,843 - INFO -   准确率: 训练 0.907, 验证 0.833, LR 0.000111
2025-12-04 19:27:11,387 - INFO - Fold 3 Epoch 91/500
2025-12-04 19:27:11,387 - INFO -   损失: 训练(带噪) 0.3962, 训练(纯净) 0.3338, 验证 0.4531
2025-12-04 19:27:11,388 - INFO -   准确率: 训练 0.901, 验证 0.837, LR 0.000499
2025-12-04 19:27:11,941 - INFO - Fold 3 Epoch 101/500
2025-12-04 19:27:11,941 - INFO -   损失: 训练(带噪) 0.4594, 训练(纯净) 0.3920, 验证 0.5315
2025-12-04 19:27:11,941 - INFO -   准确率: 训练 0.883, 验证 0.810, LR 0.000355
2025-12-04 19:27:12,510 - INFO - Fold 3 Epoch 111/500
2025-12-04 19:27:12,511 - INFO -   损失: 训练(带噪) 0.3503, 训练(纯净) 0.2941, 验证 0.4065
2025-12-04 19:27:12,511 - INFO -   准确率: 训练 0.918, 验证 0.848, LR 0.000111
2025-12-04 19:27:13,079 - INFO - Fold 3 Epoch 121/500
2025-12-04 19:27:13,080 - INFO -   损失: 训练(带噪) 0.3576, 训练(纯净) 0.3197, 验证 0.4318
2025-12-04 19:27:13,080 - INFO -   准确率: 训练 0.900, 验证 0.852, LR 0.000499
2025-12-04 19:27:13,639 - INFO - Fold 3 Epoch 131/500
2025-12-04 19:27:13,640 - INFO -   损失: 训练(带噪) 0.4328, 训练(纯净) 0.4652, 验证 0.6185
2025-12-04 19:27:13,640 - INFO -   准确率: 训练 0.822, 验证 0.776, LR 0.000355
2025-12-04 19:27:14,212 - INFO - Fold 3 Epoch 141/500
2025-12-04 19:27:14,213 - INFO -   损失: 训练(带噪) 0.3706, 训练(纯净) 0.2821, 验证 0.4142
2025-12-04 19:27:14,213 - INFO -   准确率: 训练 0.918, 验证 0.840, LR 0.000111
2025-12-04 19:27:14,784 - INFO - Fold 3 Epoch 151/500
2025-12-04 19:27:14,785 - INFO -   损失: 训练(带噪) 0.3504, 训练(纯净) 0.2800, 验证 0.3852
2025-12-04 19:27:14,785 - INFO -   准确率: 训练 0.905, 验证 0.859, LR 0.000499
2025-12-04 19:27:15,350 - INFO - Fold 3 Epoch 161/500
2025-12-04 19:27:15,350 - INFO -   损失: 训练(带噪) 0.3746, 训练(纯净) 0.2964, 验证 0.3979
2025-12-04 19:27:15,350 - INFO -   准确率: 训练 0.912, 验证 0.852, LR 0.000355
2025-12-04 19:27:15,941 - INFO - Fold 3 Epoch 171/500
2025-12-04 19:27:15,941 - INFO -   损失: 训练(带噪) 0.3289, 训练(纯净) 0.2400, 验证 0.3550
2025-12-04 19:27:15,941 - INFO -   准确率: 训练 0.928, 验证 0.852, LR 0.000111
2025-12-04 19:27:16,523 - INFO - Fold 3 Epoch 181/500
2025-12-04 19:27:16,524 - INFO -   损失: 训练(带噪) 0.3347, 训练(纯净) 0.2611, 验证 0.3574
2025-12-04 19:27:16,524 - INFO -   准确率: 训练 0.918, 验证 0.848, LR 0.000499
2025-12-04 19:27:17,097 - INFO - Fold 3 Epoch 191/500
2025-12-04 19:27:17,097 - INFO -   损失: 训练(带噪) 0.3973, 训练(纯净) 0.3101, 验证 0.4032
2025-12-04 19:27:17,097 - INFO -   准确率: 训练 0.904, 验证 0.867, LR 0.000355
2025-12-04 19:27:17,651 - INFO - Fold 3 Epoch 201/500
2025-12-04 19:27:17,651 - INFO -   损失: 训练(带噪) 0.2977, 训练(纯净) 0.2307, 验证 0.3405
2025-12-04 19:27:17,652 - INFO -   准确率: 训练 0.936, 验证 0.871, LR 0.000111
2025-12-04 19:27:18,198 - INFO - Fold 3 Epoch 211/500
2025-12-04 19:27:18,198 - INFO -   损失: 训练(带噪) 0.3201, 训练(纯净) 0.2851, 验证 0.3742
2025-12-04 19:27:18,198 - INFO -   准确率: 训练 0.900, 验证 0.867, LR 0.000499
2025-12-04 19:27:18,761 - INFO - Fold 3 Epoch 221/500
2025-12-04 19:27:18,761 - INFO -   损失: 训练(带噪) 0.3952, 训练(纯净) 0.3434, 验证 0.4408
2025-12-04 19:27:18,761 - INFO -   准确率: 训练 0.876, 验证 0.856, LR 0.000355
2025-12-04 19:27:19,335 - INFO - Fold 3 Epoch 231/500
2025-12-04 19:27:19,335 - INFO -   损失: 训练(带噪) 0.3026, 训练(纯净) 0.2249, 验证 0.3490
2025-12-04 19:27:19,335 - INFO -   准确率: 训练 0.923, 验证 0.863, LR 0.000111
2025-12-04 19:27:19,922 - INFO - Fold 3 Epoch 241/500
2025-12-04 19:27:19,922 - INFO -   损失: 训练(带噪) 0.3229, 训练(纯净) 0.2660, 验证 0.4026
2025-12-04 19:27:19,922 - INFO -   准确率: 训练 0.912, 验证 0.856, LR 0.000499
2025-12-04 19:27:20,477 - INFO - Fold 3 Epoch 251/500
2025-12-04 19:27:20,477 - INFO -   损失: 训练(带噪) 0.3390, 训练(纯净) 0.2764, 验证 0.4117
2025-12-04 19:27:20,477 - INFO -   准确率: 训练 0.909, 验证 0.848, LR 0.000355
2025-12-04 19:27:21,034 - INFO - Fold 3 Epoch 261/500
2025-12-04 19:27:21,035 - INFO -   损失: 训练(带噪) 0.3095, 训练(纯净) 0.2262, 验证 0.3524
2025-12-04 19:27:21,035 - INFO -   准确率: 训练 0.928, 验证 0.867, LR 0.000111
2025-12-04 19:27:21,474 - INFO - 早停: 第 269 轮
2025-12-04 19:27:21,482 - INFO - Fold 3 训练分析:
2025-12-04 19:27:21,483 - INFO -   验证损失更低的轮次: 27/269 (10.0%)
2025-12-04 19:27:21,483 - INFO -   最终损失 - 训练: 0.2709, 验证: 0.3132
2025-12-04 19:27:21,483 - INFO -   最小损失 - 训练: 0.2604, 验证: 0.2990
2025-12-04 19:27:21,483 - INFO -   噪声强度: 0.0
2025-12-04 19:27:21,483 - INFO -   Dropout率: 0.3
2025-12-04 19:27:21,484 - INFO -   最佳验证轮次: 269
2025-12-04 19:27:21,502 - INFO - 训练集 准确率: 0.9375
2025-12-04 19:27:21,509 - INFO - 训练集 分类报告:
              precision    recall  f1-score   support

           0       0.99      0.98      0.98       139
           1       0.87      0.90      0.88       132
           2       0.94      0.83      0.88       173
           3       1.00      0.97      0.98       130
           4       1.00      1.00      1.00       153
           5       0.67      0.82      0.74        84
           6       1.00      1.00      1.00       213

    accuracy                           0.94      1024
   macro avg       0.92      0.93      0.92      1024
weighted avg       0.94      0.94      0.94      1024

2025-12-04 19:27:21,512 - INFO - 类别	precision	recall	f1-score	support	正确数	准确率
2025-12-04 19:27:21,512 - INFO - CEES	0.99	0.98	0.98	139	136	0.9784
2025-12-04 19:27:21,513 - INFO - CHCl3	0.87	0.90	0.88	132	119	0.9015
2025-12-04 19:27:21,513 - INFO - DCM	0.94	0.83	0.88	173	144	0.8324
2025-12-04 19:27:21,513 - INFO - Diesel	1.00	0.97	0.98	130	126	0.9692
2025-12-04 19:27:21,513 - INFO - Dry_leaf	1.00	1.00	1.00	153	153	1.0000
2025-12-04 19:27:21,513 - INFO - HCL	0.67	0.82	0.74	84	69	0.8214
2025-12-04 19:27:21,514 - INFO - Leaf	1.00	1.00	1.00	213	213	1.0000
2025-12-04 19:27:21,514 - INFO - 总体准确率: 0.9375
2025-12-04 19:27:21,522 - INFO - 验证集 准确率: 0.8783
2025-12-04 19:27:21,529 - INFO - 验证集 分类报告:
              precision    recall  f1-score   support

           0       0.89      0.91      0.90        35
           1       0.91      0.88      0.90        34
           2       0.82      0.64      0.72        44
           3       1.00      0.85      0.92        33
           4       1.00      1.00      1.00        40
           5       0.49      0.82      0.61        22
           6       1.00      1.00      1.00        55

    accuracy                           0.88       263
   macro avg       0.87      0.87      0.86       263
weighted avg       0.90      0.88      0.88       263

2025-12-04 19:27:21,532 - INFO - 类别	precision	recall	f1-score	support	正确数	准确率
2025-12-04 19:27:21,532 - INFO - CEES	0.89	0.91	0.90	35	32	0.9143
2025-12-04 19:27:21,532 - INFO - CHCl3	0.91	0.88	0.90	34	30	0.8824
2025-12-04 19:27:21,532 - INFO - DCM	0.82	0.64	0.72	44	28	0.6364
2025-12-04 19:27:21,533 - INFO - Diesel	1.00	0.85	0.92	33	28	0.8485
2025-12-04 19:27:21,533 - INFO - Dry_leaf	1.00	1.00	1.00	40	40	1.0000
2025-12-04 19:27:21,533 - INFO - HCL	0.49	0.82	0.61	22	18	0.8182
2025-12-04 19:27:21,533 - INFO - Leaf	1.00	1.00	1.00	55	55	1.0000
2025-12-04 19:27:21,533 - INFO - 总体准确率: 0.8783
2025-12-04 19:27:21,542 - INFO - 测试集 准确率: 0.8693
2025-12-04 19:27:21,548 - INFO - 测试集 分类报告:
              precision    recall  f1-score   support

           0       0.93      0.93      0.93        44
           1       0.72      0.77      0.74        43
           2       0.86      0.69      0.77        55
           3       1.00      0.98      0.99        41
           4       1.00      1.00      1.00        50
           5       0.42      0.56      0.48        27
           6       1.00      1.00      1.00        69

    accuracy                           0.87       329
   macro avg       0.85      0.85      0.84       329
weighted avg       0.88      0.87      0.87       329

2025-12-04 19:27:21,550 - INFO - 类别	precision	recall	f1-score	support	正确数	准确率
2025-12-04 19:27:21,550 - INFO - CEES	0.93	0.93	0.93	44	41	0.9318
2025-12-04 19:27:21,550 - INFO - CHCl3	0.72	0.77	0.74	43	33	0.7674
2025-12-04 19:27:21,551 - INFO - DCM	0.86	0.69	0.77	55	38	0.6909
2025-12-04 19:27:21,551 - INFO - Diesel	1.00	0.98	0.99	41	40	0.9756
2025-12-04 19:27:21,551 - INFO - Dry_leaf	1.00	1.00	1.00	50	50	1.0000
2025-12-04 19:27:21,551 - INFO - HCL	0.42	0.56	0.48	27	15	0.5556
2025-12-04 19:27:21,552 - INFO - Leaf	1.00	1.00	1.00	69	69	1.0000
2025-12-04 19:27:21,552 - INFO - 总体准确率: 0.8693
2025-12-04 19:27:21,552 - INFO - Fold 3 准确率: 0.8693
2025-12-04 19:27:22,327 - INFO - 已保存 Fold 3 损失曲线
2025-12-04 19:27:23,091 - INFO - 已保存 准确率 指标图
2025-12-04 19:27:23,796 - INFO - 已保存 学习率 指标图
2025-12-04 19:27:25,114 - INFO - Fold 4/5
2025-12-04 19:27:25,326 - INFO - Fold 4 Epoch 1/500
2025-12-04 19:27:25,326 - INFO -   损失: 训练(带噪) 1.2905, 训练(纯净) 1.3992, 验证 1.4423
2025-12-04 19:27:25,326 - INFO -   准确率: 训练 0.650, 验证 0.624, LR 0.000499
2025-12-04 19:27:25,886 - INFO - Fold 4 Epoch 11/500
2025-12-04 19:27:25,886 - INFO -   损失: 训练(带噪) 0.6574, 训练(纯净) 0.5874, 验证 0.7072
2025-12-04 19:27:25,886 - INFO -   准确率: 训练 0.804, 验证 0.772, LR 0.000355
2025-12-04 19:27:26,396 - INFO - Fold 4 Epoch 21/500
2025-12-04 19:27:26,396 - INFO -   损失: 训练(带噪) 0.5834, 训练(纯净) 0.5125, 验证 0.6899
2025-12-04 19:27:26,397 - INFO -   准确率: 训练 0.831, 验证 0.776, LR 0.000111
2025-12-04 19:27:26,902 - INFO - Fold 4 Epoch 31/500
2025-12-04 19:27:26,903 - INFO -   损失: 训练(带噪) 0.5436, 训练(纯净) 0.4884, 验证 0.6224
2025-12-04 19:27:26,903 - INFO -   准确率: 训练 0.847, 验证 0.810, LR 0.000499
2025-12-04 19:27:27,418 - INFO - Fold 4 Epoch 41/500
2025-12-04 19:27:27,418 - INFO -   损失: 训练(带噪) 0.5591, 训练(纯净) 0.4973, 验证 0.6266
2025-12-04 19:27:27,419 - INFO -   准确率: 训练 0.838, 验证 0.810, LR 0.000355
2025-12-04 19:27:27,956 - INFO - Fold 4 Epoch 51/500
2025-12-04 19:27:27,956 - INFO -   损失: 训练(带噪) 0.4745, 训练(纯净) 0.4029, 验证 0.5543
2025-12-04 19:27:27,957 - INFO -   准确率: 训练 0.878, 验证 0.821, LR 0.000111
2025-12-04 19:27:28,511 - INFO - Fold 4 Epoch 61/500
2025-12-04 19:27:28,512 - INFO -   损失: 训练(带噪) 0.4810, 训练(纯净) 0.4364, 验证 0.6033
2025-12-04 19:27:28,512 - INFO -   准确率: 训练 0.838, 验证 0.795, LR 0.000499
2025-12-04 19:27:29,034 - INFO - Fold 4 Epoch 71/500
2025-12-04 19:27:29,034 - INFO -   损失: 训练(带噪) 0.5768, 训练(纯净) 0.4667, 验证 0.6121
2025-12-04 19:27:29,034 - INFO -   准确率: 训练 0.853, 验证 0.787, LR 0.000355
2025-12-04 19:27:29,574 - INFO - Fold 4 Epoch 81/500
2025-12-04 19:27:29,575 - INFO -   损失: 训练(带噪) 0.4330, 训练(纯净) 0.3628, 验证 0.5231
2025-12-04 19:27:29,575 - INFO -   准确率: 训练 0.886, 验证 0.844, LR 0.000111
2025-12-04 19:27:30,112 - INFO - Fold 4 Epoch 91/500
2025-12-04 19:27:30,112 - INFO -   损失: 训练(带噪) 0.4186, 训练(纯净) 0.3699, 验证 0.5315
2025-12-04 19:27:30,112 - INFO -   准确率: 训练 0.877, 验证 0.844, LR 0.000499
2025-12-04 19:27:30,640 - INFO - Fold 4 Epoch 101/500
2025-12-04 19:27:30,640 - INFO -   损失: 训练(带噪) 0.4819, 训练(纯净) 0.4357, 验证 0.5831
2025-12-04 19:27:30,640 - INFO -   准确率: 训练 0.859, 验证 0.817, LR 0.000355
2025-12-04 19:27:31,170 - INFO - Fold 4 Epoch 111/500
2025-12-04 19:27:31,170 - INFO -   损失: 训练(带噪) 0.4614, 训练(纯净) 0.3606, 验证 0.5166
2025-12-04 19:27:31,170 - INFO -   准确率: 训练 0.891, 验证 0.840, LR 0.000111
2025-12-04 19:27:31,719 - INFO - Fold 4 Epoch 121/500
2025-12-04 19:27:31,719 - INFO -   损失: 训练(带噪) 0.4399, 训练(纯净) 0.4706, 验证 0.6499
2025-12-04 19:27:31,719 - INFO -   准确率: 训练 0.832, 验证 0.776, LR 0.000499
2025-12-04 19:27:32,255 - INFO - Fold 4 Epoch 131/500
2025-12-04 19:27:32,256 - INFO -   损失: 训练(带噪) 0.4571, 训练(纯净) 0.3826, 验证 0.5491
2025-12-04 19:27:32,256 - INFO -   准确率: 训练 0.872, 验证 0.825, LR 0.000355
2025-12-04 19:27:32,791 - INFO - Fold 4 Epoch 141/500
2025-12-04 19:27:32,792 - INFO -   损失: 训练(带噪) 0.3749, 训练(纯净) 0.3114, 验证 0.4755
2025-12-04 19:27:32,792 - INFO -   准确率: 训练 0.905, 验证 0.856, LR 0.000111
2025-12-04 19:27:33,351 - INFO - Fold 4 Epoch 151/500
2025-12-04 19:27:33,351 - INFO -   损失: 训练(带噪) 0.3816, 训练(纯净) 0.3253, 验证 0.4820
2025-12-04 19:27:33,352 - INFO -   准确率: 训练 0.894, 验证 0.844, LR 0.000499
2025-12-04 19:27:33,905 - INFO - Fold 4 Epoch 161/500
2025-12-04 19:27:33,905 - INFO -   损失: 训练(带噪) 0.4681, 训练(纯净) 0.3698, 验证 0.5460
2025-12-04 19:27:33,905 - INFO -   准确率: 训练 0.874, 验证 0.821, LR 0.000355
2025-12-04 19:27:34,464 - INFO - Fold 4 Epoch 171/500
2025-12-04 19:27:34,464 - INFO -   损失: 训练(带噪) 0.3558, 训练(纯净) 0.2994, 验证 0.4959
2025-12-04 19:27:34,465 - INFO -   准确率: 训练 0.914, 验证 0.840, LR 0.000111
2025-12-04 19:27:35,014 - INFO - Fold 4 Epoch 181/500
2025-12-04 19:27:35,014 - INFO -   损失: 训练(带噪) 0.3472, 训练(纯净) 0.2927, 验证 0.4630
2025-12-04 19:27:35,014 - INFO -   准确率: 训练 0.904, 验证 0.852, LR 0.000499
2025-12-04 19:27:35,562 - INFO - Fold 4 Epoch 191/500
2025-12-04 19:27:35,562 - INFO -   损失: 训练(带噪) 0.4187, 训练(纯净) 0.3492, 验证 0.5249
2025-12-04 19:27:35,562 - INFO -   准确率: 训练 0.891, 验证 0.848, LR 0.000355
2025-12-04 19:27:36,105 - INFO - Fold 4 Epoch 201/500
2025-12-04 19:27:36,105 - INFO -   损失: 训练(带噪) 0.3476, 训练(纯净) 0.2708, 验证 0.4420
2025-12-04 19:27:36,105 - INFO -   准确率: 训练 0.917, 验证 0.878, LR 0.000111
2025-12-04 19:27:36,665 - INFO - Fold 4 Epoch 211/500
2025-12-04 19:27:36,665 - INFO -   损失: 训练(带噪) 0.3597, 训练(纯净) 0.2764, 验证 0.4562
2025-12-04 19:27:36,665 - INFO -   准确率: 训练 0.907, 验证 0.856, LR 0.000499
2025-12-04 19:27:37,207 - INFO - Fold 4 Epoch 221/500
2025-12-04 19:27:37,207 - INFO -   损失: 训练(带噪) 0.4329, 训练(纯净) 0.3213, 验证 0.4721
2025-12-04 19:27:37,207 - INFO -   准确率: 训练 0.898, 验证 0.859, LR 0.000355
2025-12-04 19:27:37,754 - INFO - Fold 4 Epoch 231/500
2025-12-04 19:27:37,754 - INFO -   损失: 训练(带噪) 0.3277, 训练(纯净) 0.2516, 验证 0.4259
2025-12-04 19:27:37,754 - INFO -   准确率: 训练 0.934, 验证 0.863, LR 0.000111
2025-12-04 19:27:38,316 - INFO - Fold 4 Epoch 241/500
2025-12-04 19:27:38,317 - INFO -   损失: 训练(带噪) 0.3278, 训练(纯净) 0.2846, 验证 0.4573
2025-12-04 19:27:38,317 - INFO -   准确率: 训练 0.907, 验证 0.852, LR 0.000499
2025-12-04 19:27:38,860 - INFO - Fold 4 Epoch 251/500
2025-12-04 19:27:38,860 - INFO -   损失: 训练(带噪) 0.3740, 训练(纯净) 0.3000, 验证 0.4976
2025-12-04 19:27:38,861 - INFO -   准确率: 训练 0.909, 验证 0.848, LR 0.000355
2025-12-04 19:27:39,401 - INFO - Fold 4 Epoch 261/500
2025-12-04 19:27:39,401 - INFO -   损失: 训练(带噪) 0.3248, 训练(纯净) 0.2298, 验证 0.4009
2025-12-04 19:27:39,402 - INFO -   准确率: 训练 0.936, 验证 0.875, LR 0.000111
2025-12-04 19:27:39,954 - INFO - Fold 4 Epoch 271/500
2025-12-04 19:27:39,954 - INFO -   损失: 训练(带噪) 0.3073, 训练(纯净) 0.2572, 验证 0.4135
2025-12-04 19:27:39,954 - INFO -   准确率: 训练 0.920, 验证 0.882, LR 0.000499
2025-12-04 19:27:40,503 - INFO - Fold 4 Epoch 281/500
2025-12-04 19:27:40,504 - INFO -   损失: 训练(带噪) 0.3569, 训练(纯净) 0.3071, 验证 0.4909
2025-12-04 19:27:40,504 - INFO -   准确率: 训练 0.896, 验证 0.863, LR 0.000355
2025-12-04 19:27:41,051 - INFO - Fold 4 Epoch 291/500
2025-12-04 19:27:41,051 - INFO -   损失: 训练(带噪) 0.3075, 训练(纯净) 0.2132, 验证 0.3779
2025-12-04 19:27:41,051 - INFO -   准确率: 训练 0.941, 验证 0.882, LR 0.000111
2025-12-04 19:27:41,376 - INFO - 早停: 第 297 轮
2025-12-04 19:27:41,385 - INFO - Fold 4 训练分析:
2025-12-04 19:27:41,385 - INFO -   验证损失更低的轮次: 0/297 (0.0%)
2025-12-04 19:27:41,386 - INFO -   最终损失 - 训练: 0.3014, 验证: 0.3659
2025-12-04 19:27:41,386 - INFO -   最小损失 - 训练: 0.2579, 验证: 0.3602
2025-12-04 19:27:41,386 - INFO -   噪声强度: 0.0
2025-12-04 19:27:41,386 - INFO -   Dropout率: 0.3
2025-12-04 19:27:41,386 - INFO -   最佳验证轮次: 297
2025-12-04 19:27:41,408 - INFO - 训练集 准确率: 0.9453
2025-12-04 19:27:41,415 - INFO - 训练集 分类报告:
              precision    recall  f1-score   support

           0       0.94      0.99      0.96       136
           1       0.89      0.93      0.91       135
           2       0.92      0.86      0.89       174
           3       1.00      0.98      0.99       126
           4       1.00      1.00      1.00       159
           5       0.78      0.78      0.78        85
           6       1.00      1.00      1.00       209

    accuracy                           0.95      1024
   macro avg       0.93      0.93      0.93      1024
weighted avg       0.95      0.95      0.95      1024

2025-12-04 19:27:41,418 - INFO - 类别	precision	recall	f1-score	support	正确数	准确率
2025-12-04 19:27:41,418 - INFO - CEES	0.94	0.99	0.96	136	135	0.9926
2025-12-04 19:27:41,419 - INFO - CHCl3	0.89	0.93	0.91	135	125	0.9259
2025-12-04 19:27:41,419 - INFO - DCM	0.92	0.86	0.89	174	150	0.8621
2025-12-04 19:27:41,419 - INFO - Diesel	1.00	0.98	0.99	126	124	0.9841
2025-12-04 19:27:41,419 - INFO - Dry_leaf	1.00	1.00	1.00	159	159	1.0000
2025-12-04 19:27:41,420 - INFO - HCL	0.78	0.78	0.78	85	66	0.7765
2025-12-04 19:27:41,420 - INFO - Leaf	1.00	1.00	1.00	209	209	1.0000
2025-12-04 19:27:41,420 - INFO - 总体准确率: 0.9453
2025-12-04 19:27:41,427 - INFO - 验证集 准确率: 0.8973
2025-12-04 19:27:41,433 - INFO - 验证集 分类报告:
              precision    recall  f1-score   support

           0       0.97      0.94      0.96        35
           1       0.77      0.79      0.78        34
           2       0.80      0.84      0.82        44
           3       1.00      0.85      0.92        33
           4       1.00      1.00      1.00        40
           5       0.64      0.73      0.68        22
           6       1.00      1.00      1.00        55

    accuracy                           0.90       263
   macro avg       0.88      0.88      0.88       263
weighted avg       0.90      0.90      0.90       263

2025-12-04 19:27:41,435 - INFO - 类别	precision	recall	f1-score	support	正确数	准确率
2025-12-04 19:27:41,436 - INFO - CEES	0.97	0.94	0.96	35	33	0.9429
2025-12-04 19:27:41,436 - INFO - CHCl3	0.77	0.79	0.78	34	27	0.7941
2025-12-04 19:27:41,436 - INFO - DCM	0.80	0.84	0.82	44	37	0.8409
2025-12-04 19:27:41,436 - INFO - Diesel	1.00	0.85	0.92	33	28	0.8485
2025-12-04 19:27:41,437 - INFO - Dry_leaf	1.00	1.00	1.00	40	40	1.0000
2025-12-04 19:27:41,437 - INFO - HCL	0.64	0.73	0.68	22	16	0.7273
2025-12-04 19:27:41,437 - INFO - Leaf	1.00	1.00	1.00	55	55	1.0000
2025-12-04 19:27:41,437 - INFO - 总体准确率: 0.8973
2025-12-04 19:27:41,446 - INFO - 测试集 准确率: 0.8933
2025-12-04 19:27:41,452 - INFO - 测试集 分类报告:
              precision    recall  f1-score   support

           0       1.00      0.98      0.99        44
           1       0.80      0.91      0.85        43
           2       0.78      0.78      0.78        55
           3       1.00      0.85      0.92        41
           4       1.00      1.00      1.00        50
           5       0.54      0.56      0.55        27
           6       1.00      1.00      1.00        68

    accuracy                           0.89       328
   macro avg       0.87      0.87      0.87       328
weighted avg       0.90      0.89      0.89       328

2025-12-04 19:27:41,454 - INFO - 类别	precision	recall	f1-score	support	正确数	准确率
2025-12-04 19:27:41,455 - INFO - CEES	1.00	0.98	0.99	44	43	0.9773
2025-12-04 19:27:41,455 - INFO - CHCl3	0.80	0.91	0.85	43	39	0.9070
2025-12-04 19:27:41,455 - INFO - DCM	0.78	0.78	0.78	55	43	0.7818
2025-12-04 19:27:41,455 - INFO - Diesel	1.00	0.85	0.92	41	35	0.8537
2025-12-04 19:27:41,456 - INFO - Dry_leaf	1.00	1.00	1.00	50	50	1.0000
2025-12-04 19:27:41,456 - INFO - HCL	0.54	0.56	0.55	27	15	0.5556
2025-12-04 19:27:41,456 - INFO - Leaf	1.00	1.00	1.00	68	68	1.0000
2025-12-04 19:27:41,456 - INFO - 总体准确率: 0.8933
2025-12-04 19:27:41,456 - INFO - Fold 4 准确率: 0.8933
2025-12-04 19:27:42,217 - INFO - 已保存 Fold 4 损失曲线
2025-12-04 19:27:42,953 - INFO - 已保存 准确率 指标图
2025-12-04 19:27:43,677 - INFO - 已保存 学习率 指标图
2025-12-04 19:27:44,837 - INFO - Fold 5/5
2025-12-04 19:27:45,050 - INFO - Fold 5 Epoch 1/500
2025-12-04 19:27:45,050 - INFO -   损失: 训练(带噪) 1.3027, 训练(纯净) 1.4139, 验证 1.4459
2025-12-04 19:27:45,050 - INFO -   准确率: 训练 0.604, 验证 0.616, LR 0.000499
2025-12-04 19:27:45,682 - INFO - Fold 5 Epoch 11/500
2025-12-04 19:27:45,682 - INFO -   损失: 训练(带噪) 0.6654, 训练(纯净) 0.6275, 验证 0.6897
2025-12-04 19:27:45,683 - INFO -   准确率: 训练 0.799, 验证 0.764, LR 0.000355
2025-12-04 19:27:46,184 - INFO - Fold 5 Epoch 21/500
2025-12-04 19:27:46,185 - INFO -   损失: 训练(带噪) 0.5584, 训练(纯净) 0.5191, 验证 0.6278
2025-12-04 19:27:46,185 - INFO -   准确率: 训练 0.838, 验证 0.787, LR 0.000111
2025-12-04 19:27:46,689 - INFO - Fold 5 Epoch 31/500
2025-12-04 19:27:46,689 - INFO -   损失: 训练(带噪) 0.5660, 训练(纯净) 0.5464, 验证 0.6514
2025-12-04 19:27:46,690 - INFO -   准确率: 训练 0.828, 验证 0.787, LR 0.000499
2025-12-04 19:27:47,184 - INFO - Fold 5 Epoch 41/500
2025-12-04 19:27:47,184 - INFO -   损失: 训练(带噪) 0.5795, 训练(纯净) 0.5075, 验证 0.5708
2025-12-04 19:27:47,185 - INFO -   准确率: 训练 0.847, 验证 0.837, LR 0.000355
2025-12-04 19:27:47,714 - INFO - Fold 5 Epoch 51/500
2025-12-04 19:27:47,715 - INFO -   损失: 训练(带噪) 0.4981, 训练(纯净) 0.4131, 验证 0.5171
2025-12-04 19:27:47,715 - INFO -   准确率: 训练 0.873, 验证 0.810, LR 0.000111
2025-12-04 19:27:48,255 - INFO - Fold 5 Epoch 61/500
2025-12-04 19:27:48,255 - INFO -   损失: 训练(带噪) 0.4779, 训练(纯净) 0.4325, 验证 0.5299
2025-12-04 19:27:48,256 - INFO -   准确率: 训练 0.863, 验证 0.791, LR 0.000499
2025-12-04 19:27:48,798 - INFO - Fold 5 Epoch 71/500
2025-12-04 19:27:48,798 - INFO -   损失: 训练(带噪) 0.5349, 训练(纯净) 0.5022, 验证 0.6047
2025-12-04 19:27:48,799 - INFO -   准确率: 训练 0.840, 验证 0.802, LR 0.000355
2025-12-04 19:27:49,321 - INFO - Fold 5 Epoch 81/500
2025-12-04 19:27:49,321 - INFO -   损失: 训练(带噪) 0.4673, 训练(纯净) 0.3827, 验证 0.4706
2025-12-04 19:27:49,321 - INFO -   准确率: 训练 0.888, 验证 0.821, LR 0.000111
2025-12-04 19:27:49,865 - INFO - Fold 5 Epoch 91/500
2025-12-04 19:27:49,865 - INFO -   损失: 训练(带噪) 0.5099, 训练(纯净) 0.4555, 验证 0.5599
2025-12-04 19:27:49,866 - INFO -   准确率: 训练 0.846, 验证 0.821, LR 0.000499
2025-12-04 19:27:50,406 - INFO - Fold 5 Epoch 101/500
2025-12-04 19:27:50,406 - INFO -   损失: 训练(带噪) 0.5342, 训练(纯净) 0.4431, 验证 0.5581
2025-12-04 19:27:50,407 - INFO -   准确率: 训练 0.851, 验证 0.802, LR 0.000355
2025-12-04 19:27:50,952 - INFO - Fold 5 Epoch 111/500
2025-12-04 19:27:50,952 - INFO -   损失: 训练(带噪) 0.4454, 训练(纯净) 0.3535, 验证 0.4705
2025-12-04 19:27:50,952 - INFO -   准确率: 训练 0.882, 验证 0.848, LR 0.000111
2025-12-04 19:27:51,485 - INFO - Fold 5 Epoch 121/500
2025-12-04 19:27:51,485 - INFO -   损失: 训练(带噪) 0.4514, 训练(纯净) 0.4513, 验证 0.5703
2025-12-04 19:27:51,485 - INFO -   准确率: 训练 0.849, 验证 0.783, LR 0.000499
2025-12-04 19:27:52,025 - INFO - Fold 5 Epoch 131/500
2025-12-04 19:27:52,025 - INFO -   损失: 训练(带噪) 0.4931, 训练(纯净) 0.4212, 验证 0.4991
2025-12-04 19:27:52,025 - INFO -   准确率: 训练 0.863, 验证 0.806, LR 0.000355
2025-12-04 19:27:52,592 - INFO - Fold 5 Epoch 141/500
2025-12-04 19:27:52,592 - INFO -   损失: 训练(带噪) 0.3999, 训练(纯净) 0.3356, 验证 0.4257
2025-12-04 19:27:52,593 - INFO -   准确率: 训练 0.903, 验证 0.852, LR 0.000111
2025-12-04 19:27:53,168 - INFO - Fold 5 Epoch 151/500
2025-12-04 19:27:53,168 - INFO -   损失: 训练(带噪) 0.4095, 训练(纯净) 0.3410, 验证 0.4295
2025-12-04 19:27:53,168 - INFO -   准确率: 训练 0.875, 验证 0.833, LR 0.000499
2025-12-04 19:27:53,719 - INFO - Fold 5 Epoch 161/500
2025-12-04 19:27:53,720 - INFO -   损失: 训练(带噪) 0.4479, 训练(纯净) 0.3946, 验证 0.4924
2025-12-04 19:27:53,720 - INFO -   准确率: 训练 0.860, 验证 0.798, LR 0.000355
2025-12-04 19:27:54,276 - INFO - Fold 5 Epoch 171/500
2025-12-04 19:27:54,276 - INFO -   损失: 训练(带噪) 0.3917, 训练(纯净) 0.3196, 验证 0.4469
2025-12-04 19:27:54,277 - INFO -   准确率: 训练 0.889, 验证 0.833, LR 0.000111
2025-12-04 19:27:54,847 - INFO - Fold 5 Epoch 181/500
2025-12-04 19:27:54,847 - INFO -   损失: 训练(带噪) 0.4078, 训练(纯净) 0.3804, 验证 0.5135
2025-12-04 19:27:54,848 - INFO -   准确率: 训练 0.859, 验证 0.791, LR 0.000499
2025-12-04 19:27:55,419 - INFO - Fold 5 Epoch 191/500
2025-12-04 19:27:55,419 - INFO -   损失: 训练(带噪) 0.4481, 训练(纯净) 0.3303, 验证 0.4608
2025-12-04 19:27:55,420 - INFO -   准确率: 训练 0.890, 验证 0.844, LR 0.000355
2025-12-04 19:27:55,976 - INFO - Fold 5 Epoch 201/500
2025-12-04 19:27:55,977 - INFO -   损失: 训练(带噪) 0.3522, 训练(纯净) 0.2858, 验证 0.3691
2025-12-04 19:27:55,977 - INFO -   准确率: 训练 0.907, 验证 0.882, LR 0.000111
2025-12-04 19:27:56,545 - INFO - Fold 5 Epoch 211/500
2025-12-04 19:27:56,545 - INFO -   损失: 训练(带噪) 0.3701, 训练(纯净) 0.3575, 验证 0.4853
2025-12-04 19:27:56,546 - INFO -   准确率: 训练 0.873, 验证 0.817, LR 0.000499
2025-12-04 19:27:57,092 - INFO - Fold 5 Epoch 221/500
2025-12-04 19:27:57,092 - INFO -   损失: 训练(带噪) 0.4308, 训练(纯净) 0.3498, 验证 0.4282
2025-12-04 19:27:57,092 - INFO -   准确率: 训练 0.893, 验证 0.844, LR 0.000355
2025-12-04 19:27:57,646 - INFO - Fold 5 Epoch 231/500
2025-12-04 19:27:57,648 - INFO -   损失: 训练(带噪) 0.3616, 训练(纯净) 0.2737, 验证 0.3720
2025-12-04 19:27:57,648 - INFO -   准确率: 训练 0.915, 验证 0.859, LR 0.000111
2025-12-04 19:27:57,984 - INFO - 早停: 第 237 轮
2025-12-04 19:27:57,992 - INFO - Fold 5 训练分析:
2025-12-04 19:27:57,992 - INFO -   验证损失更低的轮次: 49/237 (20.7%)
2025-12-04 19:27:57,993 - INFO -   最终损失 - 训练: 0.3417, 验证: 0.3395
2025-12-04 19:27:57,993 - INFO -   最小损失 - 训练: 0.3159, 验证: 0.3348
2025-12-04 19:27:57,993 - INFO -   噪声强度: 0.0
2025-12-04 19:27:57,993 - INFO -   Dropout率: 0.3
2025-12-04 19:27:57,993 - INFO -   最佳验证轮次: 237
2025-12-04 19:27:58,014 - INFO - 训练集 准确率: 0.9287
2025-12-04 19:27:58,020 - INFO - 训练集 分类报告:
              precision    recall  f1-score   support

           0       0.96      0.97      0.97       138
           1       0.85      0.92      0.88       132
           2       0.86      0.83      0.85       171
           3       1.00      0.96      0.98       126
           4       1.00      1.00      1.00       158
           5       0.72      0.72      0.72        85
           6       1.00      1.00      1.00       214

    accuracy                           0.93      1024
   macro avg       0.91      0.91      0.91      1024
weighted avg       0.93      0.93      0.93      1024

2025-12-04 19:27:58,023 - INFO - 类别	precision	recall	f1-score	support	正确数	准确率
2025-12-04 19:27:58,023 - INFO - CEES	0.96	0.97	0.97	138	134	0.9710
2025-12-04 19:27:58,024 - INFO - CHCl3	0.85	0.92	0.88	132	121	0.9167
2025-12-04 19:27:58,024 - INFO - DCM	0.86	0.83	0.85	171	142	0.8304
2025-12-04 19:27:58,024 - INFO - Diesel	1.00	0.96	0.98	126	121	0.9603
2025-12-04 19:27:58,024 - INFO - Dry_leaf	1.00	1.00	1.00	158	158	1.0000
2025-12-04 19:27:58,024 - INFO - HCL	0.72	0.72	0.72	85	61	0.7176
2025-12-04 19:27:58,025 - INFO - Leaf	1.00	1.00	1.00	214	214	1.0000
2025-12-04 19:27:58,025 - INFO - 总体准确率: 0.9287
2025-12-04 19:27:58,032 - INFO - 验证集 准确率: 0.8897
2025-12-04 19:27:58,038 - INFO - 验证集 分类报告:
              precision    recall  f1-score   support

           0       0.89      0.91      0.90        35
           1       0.79      0.79      0.79        34
           2       0.81      0.80      0.80        44
           3       1.00      0.94      0.97        33
           4       1.00      1.00      1.00        40
           5       0.58      0.64      0.61        22
           6       1.00      1.00      1.00        55

    accuracy                           0.89       263
   macro avg       0.87      0.87      0.87       263
weighted avg       0.89      0.89      0.89       263

2025-12-04 19:27:58,041 - INFO - 类别	precision	recall	f1-score	support	正确数	准确率
2025-12-04 19:27:58,041 - INFO - CEES	0.89	0.91	0.90	35	32	0.9143
2025-12-04 19:27:58,041 - INFO - CHCl3	0.79	0.79	0.79	34	27	0.7941
2025-12-04 19:27:58,041 - INFO - DCM	0.81	0.80	0.80	44	35	0.7955
2025-12-04 19:27:58,042 - INFO - Diesel	1.00	0.94	0.97	33	31	0.9394
2025-12-04 19:27:58,042 - INFO - Dry_leaf	1.00	1.00	1.00	40	40	1.0000
2025-12-04 19:27:58,042 - INFO - HCL	0.58	0.64	0.61	22	14	0.6364
2025-12-04 19:27:58,043 - INFO - Leaf	1.00	1.00	1.00	55	55	1.0000
2025-12-04 19:27:58,043 - INFO - 总体准确率: 0.8897
2025-12-04 19:27:58,051 - INFO - 测试集 准确率: 0.9024
2025-12-04 19:27:58,058 - INFO - 测试集 分类报告:
              precision    recall  f1-score   support

           0       0.91      0.95      0.93        44
           1       0.83      0.79      0.81        43
           2       0.89      0.76      0.82        55
           3       1.00      0.95      0.97        41
           4       0.98      1.00      0.99        50
           5       0.58      0.78      0.67        27
           6       1.00      1.00      1.00        68

    accuracy                           0.90       328
   macro avg       0.89      0.89      0.89       328
weighted avg       0.91      0.90      0.90       328

2025-12-04 19:27:58,060 - INFO - 类别	precision	recall	f1-score	support	正确数	准确率
2025-12-04 19:27:58,060 - INFO - CEES	0.91	0.95	0.93	44	42	0.9545
2025-12-04 19:27:58,061 - INFO - CHCl3	0.83	0.79	0.81	43	34	0.7907
2025-12-04 19:27:58,061 - INFO - DCM	0.89	0.76	0.82	55	42	0.7636
2025-12-04 19:27:58,061 - INFO - Diesel	1.00	0.95	0.97	41	39	0.9512
2025-12-04 19:27:58,061 - INFO - Dry_leaf	0.98	1.00	0.99	50	50	1.0000
2025-12-04 19:27:58,061 - INFO - HCL	0.58	0.78	0.67	27	21	0.7778
2025-12-04 19:27:58,062 - INFO - Leaf	1.00	1.00	1.00	68	68	1.0000
2025-12-04 19:27:58,062 - INFO - 总体准确率: 0.9024
2025-12-04 19:27:58,062 - INFO - Fold 5 准确率: 0.9024
2025-12-04 19:27:58,845 - INFO - 已保存 Fold 5 损失曲线
2025-12-04 19:27:59,608 - INFO - 已保存 准确率 指标图
2025-12-04 19:28:00,347 - INFO - 已保存 学习率 指标图
2025-12-04 19:28:01,516 - INFO - NN 5折平均准确率: 0.8959 ± 0.0178
2025-12-04 19:28:02,688 - INFO - 神经网络模型已保存到 'models/Spectral_Classification_Exp1/Neural_Network/'
2025-12-04 19:28:02,698 - INFO - 完整模型bundle已保存到 'models/Spectral_Classification_Exp1/Neural_Network/model.pth'
2025-12-04 19:28:02,698 - INFO - 完成。最佳折准确率: 0.9240
