2025-12-02 22:13:06,602 - INFO - =========================================
2025-12-02 22:13:06,603 - INFO - 开始执行光谱分类任务
2025-12-02 22:13:06,603 - INFO - Python版本: 3.9.19 (main, May  6 2024, 20:12:36) [MSC v.1916 64 bit (AMD64)]
2025-12-02 22:13:06,603 - INFO - 工作目录: F:\Code\Code_FHY_V1
2025-12-02 22:13:06,603 - INFO - matplotlib字体配置: 成功
2025-12-02 22:13:06,603 - INFO - 未找到配置文件: configs/SpectralNN_config.json，使用代码内默认超参
2025-12-02 22:13:06,603 - INFO - 加载数据文件: Data/three_classes.csv
2025-12-02 22:13:07,670 - INFO - 标签编码映射: {'infected_leaf': 0, 'normal_leaf': 1, 'other': 2}
2025-12-02 22:13:07,766 - INFO - 使用分层5折交叉验证训练神经网络...
2025-12-02 22:13:07,825 - INFO - Fold 1/5
2025-12-02 22:13:20,205 - INFO - Fold 1 Epoch 1/500
2025-12-02 22:13:20,205 - INFO -   损失: 训练(带噪) 0.1280, 训练(纯净) 0.0799, 验证 0.0892
2025-12-02 22:13:20,205 - INFO -   准确率: 训练 0.960, 验证 0.958, LR 0.000499
2025-12-02 22:13:35,070 - INFO - Fold 1 Epoch 11/500
2025-12-02 22:13:35,070 - INFO -   损失: 训练(带噪) 0.0398, 训练(纯净) 0.0250, 验证 0.0293
2025-12-02 22:13:35,071 - INFO -   准确率: 训练 0.993, 验证 0.991, LR 0.000355
2025-12-02 22:13:50,114 - INFO - Fold 1 Epoch 21/500
2025-12-02 22:13:50,114 - INFO -   损失: 训练(带噪) 0.0195, 训练(纯净) 0.0107, 验证 0.0136
2025-12-02 22:13:50,114 - INFO -   准确率: 训练 0.996, 验证 0.995, LR 0.000111
2025-12-02 22:14:05,065 - INFO - Fold 1 Epoch 31/500
2025-12-02 22:14:05,065 - INFO -   损失: 训练(带噪) 0.0417, 训练(纯净) 0.0219, 验证 0.0261
2025-12-02 22:14:05,065 - INFO -   准确率: 训练 0.992, 验证 0.990, LR 0.000499
2025-12-02 22:14:20,023 - INFO - Fold 1 Epoch 41/500
2025-12-02 22:14:20,023 - INFO -   损失: 训练(带噪) 0.0259, 训练(纯净) 0.0126, 验证 0.0172
2025-12-02 22:14:20,023 - INFO -   准确率: 训练 0.995, 验证 0.994, LR 0.000355
2025-12-02 22:14:35,094 - INFO - Fold 1 Epoch 51/500
2025-12-02 22:14:35,094 - INFO -   损失: 训练(带噪) 0.0133, 训练(纯净) 0.0065, 验证 0.0105
2025-12-02 22:14:35,094 - INFO -   准确率: 训练 0.998, 验证 0.996, LR 0.000111
2025-12-02 22:14:50,316 - INFO - Fold 1 Epoch 61/500
2025-12-02 22:14:50,317 - INFO -   损失: 训练(带噪) 0.0310, 训练(纯净) 0.0165, 验证 0.0220
2025-12-02 22:14:50,317 - INFO -   准确率: 训练 0.994, 验证 0.994, LR 0.000499
2025-12-02 22:15:05,329 - INFO - Fold 1 Epoch 71/500
2025-12-02 22:15:05,329 - INFO -   损失: 训练(带噪) 0.0190, 训练(纯净) 0.0122, 验证 0.0178
2025-12-02 22:15:05,329 - INFO -   准确率: 训练 0.995, 验证 0.993, LR 0.000355
2025-12-02 22:15:20,282 - INFO - Fold 1 Epoch 81/500
2025-12-02 22:15:20,282 - INFO -   损失: 训练(带噪) 0.0098, 训练(纯净) 0.0050, 验证 0.0086
2025-12-02 22:15:20,282 - INFO -   准确率: 训练 0.998, 验证 0.998, LR 0.000111
2025-12-02 22:15:35,233 - INFO - Fold 1 Epoch 91/500
2025-12-02 22:15:35,234 - INFO -   损失: 训练(带噪) 0.0228, 训练(纯净) 0.0152, 验证 0.0193
2025-12-02 22:15:35,234 - INFO -   准确率: 训练 0.993, 验证 0.992, LR 0.000499
2025-12-02 22:15:50,195 - INFO - Fold 1 Epoch 101/500
2025-12-02 22:15:50,195 - INFO -   损失: 训练(带噪) 0.0172, 训练(纯净) 0.0096, 验证 0.0122
2025-12-02 22:15:50,195 - INFO -   准确率: 训练 0.997, 验证 0.997, LR 0.000355
2025-12-02 22:16:05,177 - INFO - Fold 1 Epoch 111/500
2025-12-02 22:16:05,177 - INFO -   损失: 训练(带噪) 0.0087, 训练(纯净) 0.0045, 验证 0.0078
2025-12-02 22:16:05,177 - INFO -   准确率: 训练 0.998, 验证 0.997, LR 0.000111
2025-12-02 22:16:20,252 - INFO - Fold 1 Epoch 121/500
2025-12-02 22:16:20,253 - INFO -   损失: 训练(带噪) 0.0226, 训练(纯净) 0.0132, 验证 0.0171
2025-12-02 22:16:20,253 - INFO -   准确率: 训练 0.995, 验证 0.993, LR 0.000499
2025-12-02 22:16:35,319 - INFO - Fold 1 Epoch 131/500
2025-12-02 22:16:35,319 - INFO -   损失: 训练(带噪) 0.0139, 训练(纯净) 0.0073, 验证 0.0098
2025-12-02 22:16:35,320 - INFO -   准确率: 训练 0.998, 验证 0.997, LR 0.000355
2025-12-02 22:16:50,510 - INFO - Fold 1 Epoch 141/500
2025-12-02 22:16:50,510 - INFO -   损失: 训练(带噪) 0.0075, 训练(纯净) 0.0034, 验证 0.0068
2025-12-02 22:16:50,510 - INFO -   准确率: 训练 0.999, 验证 0.998, LR 0.000111
2025-12-02 22:17:05,368 - INFO - Fold 1 Epoch 151/500
2025-12-02 22:17:05,368 - INFO -   损失: 训练(带噪) 0.0204, 训练(纯净) 0.0095, 验证 0.0127
2025-12-02 22:17:05,368 - INFO -   准确率: 训练 0.997, 验证 0.997, LR 0.000499
2025-12-02 22:17:20,332 - INFO - Fold 1 Epoch 161/500
2025-12-02 22:17:20,332 - INFO -   损失: 训练(带噪) 0.0129, 训练(纯净) 0.0087, 验证 0.0123
2025-12-02 22:17:20,332 - INFO -   准确率: 训练 0.997, 验证 0.996, LR 0.000355
2025-12-02 22:17:35,285 - INFO - Fold 1 Epoch 171/500
2025-12-02 22:17:35,286 - INFO -   损失: 训练(带噪) 0.0069, 训练(纯净) 0.0032, 验证 0.0071
2025-12-02 22:17:35,286 - INFO -   准确率: 训练 0.999, 验证 0.999, LR 0.000111
2025-12-02 22:17:50,500 - INFO - Fold 1 Epoch 181/500
2025-12-02 22:17:50,500 - INFO -   损失: 训练(带噪) 0.0213, 训练(纯净) 0.0132, 验证 0.0141
2025-12-02 22:17:50,500 - INFO -   准确率: 训练 0.996, 验证 0.996, LR 0.000499
2025-12-02 22:18:05,502 - INFO - Fold 1 Epoch 191/500
2025-12-02 22:18:05,502 - INFO -   损失: 训练(带噪) 0.0113, 训练(纯净) 0.0060, 验证 0.0080
2025-12-02 22:18:05,502 - INFO -   准确率: 训练 0.998, 验证 0.998, LR 0.000355
2025-12-02 22:18:20,500 - INFO - Fold 1 Epoch 201/500
2025-12-02 22:18:20,500 - INFO -   损失: 训练(带噪) 0.0059, 训练(纯净) 0.0025, 验证 0.0060
2025-12-02 22:18:20,500 - INFO -   准确率: 训练 0.999, 验证 0.999, LR 0.000111
2025-12-02 22:18:35,402 - INFO - Fold 1 Epoch 211/500
2025-12-02 22:18:35,402 - INFO -   损失: 训练(带噪) 0.0165, 训练(纯净) 0.0100, 验证 0.0138
2025-12-02 22:18:35,403 - INFO -   准确率: 训练 0.996, 验证 0.995, LR 0.000499
2025-12-02 22:18:50,547 - INFO - Fold 1 Epoch 221/500
2025-12-02 22:18:50,547 - INFO -   损失: 训练(带噪) 0.0100, 训练(纯净) 0.0055, 验证 0.0081
2025-12-02 22:18:50,548 - INFO -   准确率: 训练 0.998, 验证 0.998, LR 0.000355
2025-12-02 22:19:05,464 - INFO - Fold 1 Epoch 231/500
2025-12-02 22:19:05,464 - INFO -   损失: 训练(带噪) 0.0063, 训练(纯净) 0.0036, 验证 0.0060
2025-12-02 22:19:05,464 - INFO -   准确率: 训练 0.999, 验证 0.998, LR 0.000111
2025-12-02 22:19:09,918 - INFO - 早停: 第 234 轮
2025-12-02 22:19:09,955 - INFO - Fold 1 训练分析:
2025-12-02 22:19:09,956 - INFO -   验证损失更低的轮次: 193/234 (82.5%)
2025-12-02 22:19:09,956 - INFO -   最终损失 - 训练: 0.0047, 验证: 0.0052
2025-12-02 22:19:09,956 - INFO -   最小损失 - 训练: 0.0036, 验证: 0.0049
2025-12-02 22:19:09,956 - INFO -   噪声强度: 0.0
2025-12-02 22:19:09,956 - INFO -   Dropout率: 0.3
2025-12-02 22:19:09,957 - INFO -   最佳验证轮次: 234
2025-12-02 22:19:10,410 - INFO - 训练集 准确率: 0.9992
2025-12-02 22:19:10,446 - INFO - 训练集 分类报告:
              precision    recall  f1-score   support

           0       1.00      1.00      1.00      6704
           1       1.00      1.00      1.00     10690
           2       1.00      1.00      1.00     14478

    accuracy                           1.00     31872
   macro avg       1.00      1.00      1.00     31872
weighted avg       1.00      1.00      1.00     31872

2025-12-02 22:19:10,447 - INFO - 每个类别的准确率:
2025-12-02 22:19:10,447 - INFO - 类别	样本数	正确数	准确率
2025-12-02 22:19:10,447 - INFO - infected_leaf	6704	6695	0.9987
2025-12-02 22:19:10,447 - INFO - normal_leaf	10690	10688	0.9998
2025-12-02 22:19:10,448 - INFO - other	14478	14464	0.9990
2025-12-02 22:19:10,448 - INFO - 总体准确率: 0.9992
2025-12-02 22:19:10,559 - INFO - 验证集 准确率: 0.9987
2025-12-02 22:19:10,570 - INFO - 验证集 分类报告:
              precision    recall  f1-score   support

           0       1.00      1.00      1.00      1680
           1       1.00      1.00      1.00      2681
           2       1.00      1.00      1.00      3631

    accuracy                           1.00      7992
   macro avg       1.00      1.00      1.00      7992
weighted avg       1.00      1.00      1.00      7992

2025-12-02 22:19:10,571 - INFO - 每个类别的准确率:
2025-12-02 22:19:10,571 - INFO - 类别	样本数	正确数	准确率
2025-12-02 22:19:10,572 - INFO - infected_leaf	1680	1677	0.9982
2025-12-02 22:19:10,572 - INFO - normal_leaf	2681	2681	1.0000
2025-12-02 22:19:10,572 - INFO - other	3631	3624	0.9981
2025-12-02 22:19:10,572 - INFO - 总体准确率: 0.9987
2025-12-02 22:19:10,725 - INFO - 测试集 准确率: 0.9983
2025-12-02 22:19:10,736 - INFO - 测试集 分类报告:
              precision    recall  f1-score   support

           0       0.99      1.00      1.00      2100
           1       1.00      1.00      1.00      3351
           2       1.00      1.00      1.00      4539

    accuracy                           1.00      9990
   macro avg       1.00      1.00      1.00      9990
weighted avg       1.00      1.00      1.00      9990

2025-12-02 22:19:10,737 - INFO - 每个类别的准确率:
2025-12-02 22:19:10,737 - INFO - 类别	样本数	正确数	准确率
2025-12-02 22:19:10,737 - INFO - infected_leaf	2100	2096	0.9981
2025-12-02 22:19:10,738 - INFO - normal_leaf	3351	3350	0.9997
2025-12-02 22:19:10,738 - INFO - other	4539	4527	0.9974
2025-12-02 22:19:10,738 - INFO - 总体准确率: 0.9983
2025-12-02 22:19:10,738 - INFO - Fold 1 准确率: 0.9983
2025-12-02 22:19:12,774 - ERROR - 绘制 Fold 1 损失曲线失败: Format 'PDF' is not supported (supported formats: eps, jpeg, jpg, pdf, pgf, png, ps, raw, rgba, svg, svgz, tif, tiff)
2025-12-02 22:19:12,780 - ERROR - 绘制训练指标失败: Format 'PDF' is not supported (supported formats: eps, jpeg, jpg, pdf, pgf, png, ps, raw, rgba, svg, svgz, tif, tiff)
2025-12-02 22:19:14,475 - WARNING - meta NOT subset; don't know how to subset; dropped
2025-12-02 22:19:14,625 - WARNING - meta NOT subset; don't know how to subset; dropped
2025-12-02 22:19:14,715 - WARNING - PDF保存失败，改为PNG: specify a font number between 0 and 1 (inclusive)
2025-12-02 22:19:14,867 - INFO - Fold 2/5
2025-12-02 22:19:16,892 - INFO - Fold 2 Epoch 1/500
2025-12-02 22:19:16,892 - INFO -   损失: 训练(带噪) 0.1280, 训练(纯净) 0.0792, 验证 0.0850
2025-12-02 22:19:16,892 - INFO -   准确率: 训练 0.964, 验证 0.961, LR 0.000499
2025-12-02 22:19:31,765 - INFO - Fold 2 Epoch 11/500
2025-12-02 22:19:31,765 - INFO -   损失: 训练(带噪) 0.0399, 训练(纯净) 0.0254, 验证 0.0259
2025-12-02 22:19:31,765 - INFO -   准确率: 训练 0.990, 验证 0.989, LR 0.000355
2025-12-02 22:19:46,522 - INFO - Fold 2 Epoch 21/500
2025-12-02 22:19:46,523 - INFO -   损失: 训练(带噪) 0.0187, 训练(纯净) 0.0111, 验证 0.0120
2025-12-02 22:19:46,523 - INFO -   准确率: 训练 0.996, 验证 0.996, LR 0.000111
2025-12-02 22:20:01,634 - INFO - Fold 2 Epoch 31/500
2025-12-02 22:20:01,634 - INFO -   损失: 训练(带噪) 0.0417, 训练(纯净) 0.0253, 验证 0.0286
2025-12-02 22:20:01,634 - INFO -   准确率: 训练 0.993, 验证 0.992, LR 0.000499
2025-12-02 22:20:16,698 - INFO - Fold 2 Epoch 41/500
2025-12-02 22:20:16,698 - INFO -   损失: 训练(带噪) 0.0262, 训练(纯净) 0.0152, 验证 0.0182
2025-12-02 22:20:16,698 - INFO -   准确率: 训练 0.995, 验证 0.994, LR 0.000355
2025-12-02 22:20:31,924 - INFO - Fold 2 Epoch 51/500
2025-12-02 22:20:31,924 - INFO -   损失: 训练(带噪) 0.0142, 训练(纯净) 0.0072, 验证 0.0086
2025-12-02 22:20:31,924 - INFO -   准确率: 训练 0.997, 验证 0.997, LR 0.000111
2025-12-02 22:20:47,929 - INFO - Fold 2 Epoch 61/500
2025-12-02 22:20:47,930 - INFO -   损失: 训练(带噪) 0.0324, 训练(纯净) 0.0170, 验证 0.0193
2025-12-02 22:20:47,930 - INFO -   准确率: 训练 0.993, 验证 0.992, LR 0.000499
2025-12-02 22:21:03,583 - INFO - Fold 2 Epoch 71/500
2025-12-02 22:21:03,584 - INFO -   损失: 训练(带噪) 0.0207, 训练(纯净) 0.0169, 验证 0.0171
2025-12-02 22:21:03,584 - INFO -   准确率: 训练 0.992, 验证 0.992, LR 0.000355
2025-12-02 22:21:20,183 - INFO - Fold 2 Epoch 81/500
2025-12-02 22:21:20,184 - INFO -   损失: 训练(带噪) 0.0121, 训练(纯净) 0.0061, 验证 0.0071
2025-12-02 22:21:20,184 - INFO -   准确率: 训练 0.998, 验证 0.997, LR 0.000111
2025-12-02 22:21:38,004 - INFO - Fold 2 Epoch 91/500
2025-12-02 22:21:38,005 - INFO -   损失: 训练(带噪) 0.0272, 训练(纯净) 0.0137, 验证 0.0142
2025-12-02 22:21:38,005 - INFO -   准确率: 训练 0.994, 验证 0.994, LR 0.000499
2025-12-02 22:21:53,599 - INFO - Fold 2 Epoch 101/500
2025-12-02 22:21:53,600 - INFO -   损失: 训练(带噪) 0.0162, 训练(纯净) 0.0085, 验证 0.0108
2025-12-02 22:21:53,600 - INFO -   准确率: 训练 0.997, 验证 0.995, LR 0.000355
2025-12-02 22:22:08,956 - INFO - Fold 2 Epoch 111/500
2025-12-02 22:22:08,956 - INFO -   损失: 训练(带噪) 0.0083, 训练(纯净) 0.0044, 验证 0.0053
2025-12-02 22:22:08,956 - INFO -   准确率: 训练 0.999, 验证 0.998, LR 0.000111
2025-12-02 22:22:24,631 - INFO - Fold 2 Epoch 121/500
2025-12-02 22:22:24,631 - INFO -   损失: 训练(带噪) 0.0231, 训练(纯净) 0.0092, 验证 0.0117
2025-12-02 22:22:24,631 - INFO -   准确率: 训练 0.996, 验证 0.996, LR 0.000499
2025-12-02 22:22:40,298 - INFO - Fold 2 Epoch 131/500
2025-12-02 22:22:40,298 - INFO -   损失: 训练(带噪) 0.0158, 训练(纯净) 0.0090, 验证 0.0099
2025-12-02 22:22:40,298 - INFO -   准确率: 训练 0.996, 验证 0.996, LR 0.000355
2025-12-02 22:22:56,066 - INFO - Fold 2 Epoch 141/500
2025-12-02 22:22:56,067 - INFO -   损失: 训练(带噪) 0.0076, 训练(纯净) 0.0036, 验证 0.0049
2025-12-02 22:22:56,067 - INFO -   准确率: 训练 0.999, 验证 0.998, LR 0.000111
2025-12-02 22:23:03,953 - INFO - 早停: 第 146 轮
2025-12-02 22:23:03,962 - INFO - Fold 2 训练分析:
2025-12-02 22:23:03,963 - INFO -   验证损失更低的轮次: 141/146 (96.6%)
2025-12-02 22:23:03,963 - INFO -   最终损失 - 训练: 0.0064, 验证: 0.0047
2025-12-02 22:23:03,963 - INFO -   最小损失 - 训练: 0.0056, 验证: 0.0042
2025-12-02 22:23:03,963 - INFO -   噪声强度: 0.0
2025-12-02 22:23:03,963 - INFO -   Dropout率: 0.3
2025-12-02 22:23:03,964 - INFO -   最佳验证轮次: 146
2025-12-02 22:23:04,405 - INFO - 训练集 准确率: 0.9989
2025-12-02 22:23:04,440 - INFO - 训练集 分类报告:
              precision    recall  f1-score   support

           0       1.00      1.00      1.00      6703
           1       1.00      1.00      1.00     10684
           2       1.00      1.00      1.00     14485

    accuracy                           1.00     31872
   macro avg       1.00      1.00      1.00     31872
weighted avg       1.00      1.00      1.00     31872

2025-12-02 22:23:04,441 - INFO - 每个类别的准确率:
2025-12-02 22:23:04,442 - INFO - 类别	样本数	正确数	准确率
2025-12-02 22:23:04,442 - INFO - infected_leaf	6703	6691	0.9982
2025-12-02 22:23:04,442 - INFO - normal_leaf	10684	10681	0.9997
2025-12-02 22:23:04,442 - INFO - other	14485	14466	0.9987
2025-12-02 22:23:04,443 - INFO - 总体准确率: 0.9989
2025-12-02 22:23:04,554 - INFO - 验证集 准确率: 0.9986
2025-12-02 22:23:04,565 - INFO - 验证集 分类报告:
              precision    recall  f1-score   support

           0       1.00      1.00      1.00      1680
           1       1.00      1.00      1.00      2681
           2       1.00      1.00      1.00      3631

    accuracy                           1.00      7992
   macro avg       1.00      1.00      1.00      7992
weighted avg       1.00      1.00      1.00      7992

2025-12-02 22:23:04,566 - INFO - 每个类别的准确率:
2025-12-02 22:23:04,566 - INFO - 类别	样本数	正确数	准确率
2025-12-02 22:23:04,566 - INFO - infected_leaf	1680	1678	0.9988
2025-12-02 22:23:04,567 - INFO - normal_leaf	2681	2681	1.0000
2025-12-02 22:23:04,567 - INFO - other	3631	3622	0.9975
2025-12-02 22:23:04,567 - INFO - 总体准确率: 0.9986
2025-12-02 22:23:04,712 - INFO - 测试集 准确率: 0.9990
2025-12-02 22:23:04,722 - INFO - 测试集 分类报告:
              precision    recall  f1-score   support

           0       1.00      1.00      1.00      2100
           1       1.00      1.00      1.00      3351
           2       1.00      1.00      1.00      4539

    accuracy                           1.00      9990
   macro avg       1.00      1.00      1.00      9990
weighted avg       1.00      1.00      1.00      9990

2025-12-02 22:23:04,722 - INFO - 每个类别的准确率:
2025-12-02 22:23:04,722 - INFO - 类别	样本数	正确数	准确率
2025-12-02 22:23:04,723 - INFO - infected_leaf	2100	2097	0.9986
2025-12-02 22:23:04,723 - INFO - normal_leaf	3351	3350	0.9997
2025-12-02 22:23:04,723 - INFO - other	4539	4533	0.9987
2025-12-02 22:23:04,723 - INFO - 总体准确率: 0.9990
2025-12-02 22:23:04,723 - INFO - Fold 2 准确率: 0.9990
2025-12-02 22:23:04,741 - ERROR - 绘制 Fold 2 损失曲线失败: Format 'PDF' is not supported (supported formats: eps, jpeg, jpg, pdf, pgf, png, ps, raw, rgba, svg, svgz, tif, tiff)
2025-12-02 22:23:04,746 - ERROR - 绘制训练指标失败: Format 'PDF' is not supported (supported formats: eps, jpeg, jpg, pdf, pgf, png, ps, raw, rgba, svg, svgz, tif, tiff)
2025-12-02 22:23:05,211 - WARNING - meta NOT subset; don't know how to subset; dropped
2025-12-02 22:23:05,361 - WARNING - meta NOT subset; don't know how to subset; dropped
2025-12-02 22:23:05,452 - WARNING - PDF保存失败，改为PNG: specify a font number between 0 and 1 (inclusive)
2025-12-02 22:23:05,588 - INFO - Fold 3/5
2025-12-02 22:23:07,401 - INFO - Fold 3 Epoch 1/500
2025-12-02 22:23:07,401 - INFO -   损失: 训练(带噪) 0.1311, 训练(纯净) 0.0857, 验证 0.0802
2025-12-02 22:23:07,402 - INFO -   准确率: 训练 0.956, 验证 0.957, LR 0.000499
2025-12-02 22:23:24,153 - INFO - Fold 3 Epoch 11/500
2025-12-02 22:23:24,153 - INFO -   损失: 训练(带噪) 0.0387, 训练(纯净) 0.0217, 验证 0.0173
2025-12-02 22:23:24,153 - INFO -   准确率: 训练 0.992, 验证 0.995, LR 0.000355
2025-12-02 22:23:40,900 - INFO - Fold 3 Epoch 21/500
2025-12-02 22:23:40,901 - INFO -   损失: 训练(带噪) 0.0212, 训练(纯净) 0.0123, 验证 0.0100
2025-12-02 22:23:40,901 - INFO -   准确率: 训练 0.995, 验证 0.996, LR 0.000111
2025-12-02 22:23:56,002 - INFO - Fold 3 Epoch 31/500
2025-12-02 22:23:56,002 - INFO -   损失: 训练(带噪) 0.0409, 训练(纯净) 0.0858, 验证 0.0859
2025-12-02 22:23:56,002 - INFO -   准确率: 训练 0.974, 验证 0.974, LR 0.000499
2025-12-02 22:24:11,366 - INFO - Fold 3 Epoch 41/500
2025-12-02 22:24:11,366 - INFO -   损失: 训练(带噪) 0.0271, 训练(纯净) 0.0139, 验证 0.0113
2025-12-02 22:24:11,366 - INFO -   准确率: 训练 0.995, 验证 0.996, LR 0.000355
2025-12-02 22:24:26,408 - INFO - Fold 3 Epoch 51/500
2025-12-02 22:24:26,408 - INFO -   损失: 训练(带噪) 0.0139, 训练(纯净) 0.0072, 验证 0.0070
2025-12-02 22:24:26,408 - INFO -   准确率: 训练 0.998, 验证 0.998, LR 0.000111
2025-12-02 22:24:41,786 - INFO - Fold 3 Epoch 61/500
2025-12-02 22:24:41,786 - INFO -   损失: 训练(带噪) 0.0315, 训练(纯净) 0.0313, 验证 0.0294
2025-12-02 22:24:41,786 - INFO -   准确率: 训练 0.984, 验证 0.985, LR 0.000499
2025-12-02 22:24:57,229 - INFO - Fold 3 Epoch 71/500
2025-12-02 22:24:57,230 - INFO -   损失: 训练(带噪) 0.0225, 训练(纯净) 0.0087, 验证 0.0073
2025-12-02 22:24:57,230 - INFO -   准确率: 训练 0.997, 验证 0.998, LR 0.000355
2025-12-02 22:25:12,819 - INFO - Fold 3 Epoch 81/500
2025-12-02 22:25:12,820 - INFO -   损失: 训练(带噪) 0.0107, 训练(纯净) 0.0058, 验证 0.0056
2025-12-02 22:25:12,820 - INFO -   准确率: 训练 0.998, 验证 0.998, LR 0.000111
2025-12-02 22:25:28,470 - INFO - Fold 3 Epoch 91/500
2025-12-02 22:25:28,470 - INFO -   损失: 训练(带噪) 0.0239, 训练(纯净) 0.0143, 验证 0.0127
2025-12-02 22:25:28,471 - INFO -   准确率: 训练 0.994, 验证 0.996, LR 0.000499
2025-12-02 22:25:44,011 - INFO - Fold 3 Epoch 101/500
2025-12-02 22:25:44,011 - INFO -   损失: 训练(带噪) 0.0178, 训练(纯净) 0.0084, 验证 0.0075
2025-12-02 22:25:44,012 - INFO -   准确率: 训练 0.997, 验证 0.997, LR 0.000355
2025-12-02 22:25:59,116 - INFO - Fold 3 Epoch 111/500
2025-12-02 22:25:59,116 - INFO -   损失: 训练(带噪) 0.0096, 训练(纯净) 0.0043, 验证 0.0046
2025-12-02 22:25:59,116 - INFO -   准确率: 训练 0.999, 验证 0.998, LR 0.000111
2025-12-02 22:26:14,183 - INFO - Fold 3 Epoch 121/500
2025-12-02 22:26:14,183 - INFO -   损失: 训练(带噪) 0.0245, 训练(纯净) 0.0101, 验证 0.0087
2025-12-02 22:26:14,184 - INFO -   准确率: 训练 0.998, 验证 0.998, LR 0.000499
2025-12-02 22:26:29,133 - INFO - Fold 3 Epoch 131/500
2025-12-02 22:26:29,134 - INFO -   损失: 训练(带噪) 0.0152, 训练(纯净) 0.0070, 验证 0.0061
2025-12-02 22:26:29,134 - INFO -   准确率: 训练 0.998, 验证 0.998, LR 0.000355
2025-12-02 22:26:44,114 - INFO - Fold 3 Epoch 141/500
2025-12-02 22:26:44,114 - INFO -   损失: 训练(带噪) 0.0079, 训练(纯净) 0.0037, 验证 0.0048
2025-12-02 22:26:44,114 - INFO -   准确率: 训练 0.999, 验证 0.998, LR 0.000111
2025-12-02 22:26:59,567 - INFO - Fold 3 Epoch 151/500
2025-12-02 22:26:59,567 - INFO -   损失: 训练(带噪) 0.0215, 训练(纯净) 0.0191, 验证 0.0177
2025-12-02 22:26:59,567 - INFO -   准确率: 训练 0.996, 验证 0.996, LR 0.000499
2025-12-02 22:27:14,846 - INFO - Fold 3 Epoch 161/500
2025-12-02 22:27:14,846 - INFO -   损失: 训练(带噪) 0.0139, 训练(纯净) 0.0053, 验证 0.0062
2025-12-02 22:27:14,846 - INFO -   准确率: 训练 0.999, 验证 0.998, LR 0.000355
2025-12-02 22:27:30,735 - INFO - Fold 3 Epoch 171/500
2025-12-02 22:27:30,736 - INFO -   损失: 训练(带噪) 0.0076, 训练(纯净) 0.0033, 验证 0.0043
2025-12-02 22:27:30,736 - INFO -   准确率: 训练 0.999, 验证 0.999, LR 0.000111
2025-12-02 22:27:46,622 - INFO - Fold 3 Epoch 181/500
2025-12-02 22:27:46,622 - INFO -   损失: 训练(带噪) 0.0166, 训练(纯净) 0.0148, 验证 0.0106
2025-12-02 22:27:46,622 - INFO -   准确率: 训练 0.995, 验证 0.996, LR 0.000499
2025-12-02 22:28:02,156 - INFO - Fold 3 Epoch 191/500
2025-12-02 22:28:02,157 - INFO -   损失: 训练(带噪) 0.0117, 训练(纯净) 0.0056, 验证 0.0071
2025-12-02 22:28:02,157 - INFO -   准确率: 训练 0.998, 验证 0.998, LR 0.000355
2025-12-02 22:28:17,497 - INFO - Fold 3 Epoch 201/500
2025-12-02 22:28:17,497 - INFO -   损失: 训练(带噪) 0.0075, 训练(纯净) 0.0030, 验证 0.0041
2025-12-02 22:28:17,497 - INFO -   准确率: 训练 0.999, 验证 0.998, LR 0.000111
2025-12-02 22:28:32,582 - INFO - Fold 3 Epoch 211/500
2025-12-02 22:28:32,583 - INFO -   损失: 训练(带噪) 0.0173, 训练(纯净) 0.0106, 验证 0.0106
2025-12-02 22:28:32,583 - INFO -   准确率: 训练 0.996, 验证 0.996, LR 0.000499
2025-12-02 22:28:47,802 - INFO - Fold 3 Epoch 221/500
2025-12-02 22:28:47,802 - INFO -   损失: 训练(带噪) 0.0107, 训练(纯净) 0.0049, 验证 0.0047
2025-12-02 22:28:47,802 - INFO -   准确率: 训练 0.998, 验证 0.998, LR 0.000355
2025-12-02 22:29:03,348 - INFO - Fold 3 Epoch 231/500
2025-12-02 22:29:03,348 - INFO -   损失: 训练(带噪) 0.0060, 训练(纯净) 0.0027, 验证 0.0034
2025-12-02 22:29:03,348 - INFO -   准确率: 训练 0.999, 验证 0.999, LR 0.000111
2025-12-02 22:29:19,067 - INFO - Fold 3 Epoch 241/500
2025-12-02 22:29:19,068 - INFO -   损失: 训练(带噪) 0.0182, 训练(纯净) 0.0091, 验证 0.0097
2025-12-02 22:29:19,068 - INFO -   准确率: 训练 0.997, 验证 0.998, LR 0.000499
2025-12-02 22:29:34,727 - INFO - Fold 3 Epoch 251/500
2025-12-02 22:29:34,728 - INFO -   损失: 训练(带噪) 0.0095, 训练(纯净) 0.0050, 验证 0.0044
2025-12-02 22:29:34,728 - INFO -   准确率: 训练 0.998, 验证 0.998, LR 0.000355
2025-12-02 22:29:50,048 - INFO - Fold 3 Epoch 261/500
2025-12-02 22:29:50,048 - INFO -   损失: 训练(带噪) 0.0059, 训练(纯净) 0.0027, 验证 0.0036
2025-12-02 22:29:50,048 - INFO -   准确率: 训练 0.999, 验证 0.999, LR 0.000111
2025-12-02 22:30:05,126 - INFO - Fold 3 Epoch 271/500
2025-12-02 22:30:05,126 - INFO -   损失: 训练(带噪) 0.0169, 训练(纯净) 0.0181, 验证 0.0176
2025-12-02 22:30:05,127 - INFO -   准确率: 训练 0.994, 验证 0.995, LR 0.000499
2025-12-02 22:30:20,214 - INFO - Fold 3 Epoch 281/500
2025-12-02 22:30:20,215 - INFO -   损失: 训练(带噪) 0.0105, 训练(纯净) 0.0054, 验证 0.0050
2025-12-02 22:30:20,215 - INFO -   准确率: 训练 0.999, 验证 0.999, LR 0.000355
2025-12-02 22:30:35,435 - INFO - Fold 3 Epoch 291/500
2025-12-02 22:30:35,436 - INFO -   损失: 训练(带噪) 0.0054, 训练(纯净) 0.0024, 验证 0.0039
2025-12-02 22:30:35,436 - INFO -   准确率: 训练 0.999, 验证 0.999, LR 0.000111
2025-12-02 22:30:43,164 - INFO - 早停: 第 296 轮
2025-12-02 22:30:43,173 - INFO - Fold 3 训练分析:
2025-12-02 22:30:43,173 - INFO -   验证损失更低的轮次: 290/296 (98.0%)
2025-12-02 22:30:43,173 - INFO -   最终损失 - 训练: 0.0039, 验证: 0.0029
2025-12-02 22:30:43,173 - INFO -   最小损失 - 训练: 0.0035, 验证: 0.0028
2025-12-02 22:30:43,173 - INFO -   噪声强度: 0.0
2025-12-02 22:30:43,173 - INFO -   Dropout率: 0.3
2025-12-02 22:30:43,174 - INFO -   最佳验证轮次: 296
2025-12-02 22:30:43,623 - INFO - 训练集 准确率: 0.9994
2025-12-02 22:30:43,658 - INFO - 训练集 分类报告:
              precision    recall  f1-score   support

           0       1.00      1.00      1.00      6693
           1       1.00      1.00      1.00     10691
           2       1.00      1.00      1.00     14488

    accuracy                           1.00     31872
   macro avg       1.00      1.00      1.00     31872
weighted avg       1.00      1.00      1.00     31872

2025-12-02 22:30:43,659 - INFO - 每个类别的准确率:
2025-12-02 22:30:43,659 - INFO - 类别	样本数	正确数	准确率
2025-12-02 22:30:43,660 - INFO - infected_leaf	6693	6688	0.9993
2025-12-02 22:30:43,660 - INFO - normal_leaf	10691	10691	1.0000
2025-12-02 22:30:43,661 - INFO - other	14488	14475	0.9991
2025-12-02 22:30:43,661 - INFO - 总体准确率: 0.9994
2025-12-02 22:30:43,776 - INFO - 验证集 准确率: 0.9996
2025-12-02 22:30:43,788 - INFO - 验证集 分类报告:
              precision    recall  f1-score   support

           0       1.00      1.00      1.00      1680
           1       1.00      1.00      1.00      2681
           2       1.00      1.00      1.00      3631

    accuracy                           1.00      7992
   macro avg       1.00      1.00      1.00      7992
weighted avg       1.00      1.00      1.00      7992

2025-12-02 22:30:43,789 - INFO - 每个类别的准确率:
2025-12-02 22:30:43,789 - INFO - 类别	样本数	正确数	准确率
2025-12-02 22:30:43,789 - INFO - infected_leaf	1680	1678	0.9988
2025-12-02 22:30:43,789 - INFO - normal_leaf	2681	2681	1.0000
2025-12-02 22:30:43,790 - INFO - other	3631	3630	0.9997
2025-12-02 22:30:43,790 - INFO - 总体准确率: 0.9996
2025-12-02 22:30:43,932 - INFO - 测试集 准确率: 0.9984
2025-12-02 22:30:43,942 - INFO - 测试集 分类报告:
              precision    recall  f1-score   support

           0       1.00      1.00      1.00      2100
           1       1.00      1.00      1.00      3351
           2       1.00      1.00      1.00      4539

    accuracy                           1.00      9990
   macro avg       1.00      1.00      1.00      9990
weighted avg       1.00      1.00      1.00      9990

2025-12-02 22:30:43,943 - INFO - 每个类别的准确率:
2025-12-02 22:30:43,943 - INFO - 类别	样本数	正确数	准确率
2025-12-02 22:30:43,943 - INFO - infected_leaf	2100	2095	0.9976
2025-12-02 22:30:43,943 - INFO - normal_leaf	3351	3351	1.0000
2025-12-02 22:30:43,944 - INFO - other	4539	4528	0.9976
2025-12-02 22:30:43,944 - INFO - 总体准确率: 0.9984
2025-12-02 22:30:43,944 - INFO - Fold 3 准确率: 0.9984
2025-12-02 22:30:43,960 - ERROR - 绘制 Fold 3 损失曲线失败: Format 'PDF' is not supported (supported formats: eps, jpeg, jpg, pdf, pgf, png, ps, raw, rgba, svg, svgz, tif, tiff)
2025-12-02 22:30:43,965 - ERROR - 绘制训练指标失败: Format 'PDF' is not supported (supported formats: eps, jpeg, jpg, pdf, pgf, png, ps, raw, rgba, svg, svgz, tif, tiff)
2025-12-02 22:30:44,434 - WARNING - meta NOT subset; don't know how to subset; dropped
2025-12-02 22:30:44,590 - WARNING - meta NOT subset; don't know how to subset; dropped
2025-12-02 22:30:44,681 - WARNING - PDF保存失败，改为PNG: specify a font number between 0 and 1 (inclusive)
2025-12-02 22:30:44,815 - INFO - Fold 4/5
2025-12-02 22:30:46,620 - INFO - Fold 4 Epoch 1/500
2025-12-02 22:30:46,621 - INFO -   损失: 训练(带噪) 0.1329, 训练(纯净) 0.0902, 验证 0.0912
2025-12-02 22:30:46,621 - INFO -   准确率: 训练 0.960, 验证 0.957, LR 0.000499
2025-12-02 22:31:01,830 - INFO - Fold 4 Epoch 11/500
2025-12-02 22:31:01,830 - INFO -   损失: 训练(带噪) 0.0403, 训练(纯净) 0.0219, 验证 0.0217
2025-12-02 22:31:01,831 - INFO -   准确率: 训练 0.992, 验证 0.992, LR 0.000355
2025-12-02 22:31:17,654 - INFO - Fold 4 Epoch 21/500
2025-12-02 22:31:17,655 - INFO -   损失: 训练(带噪) 0.0205, 训练(纯净) 0.0115, 验证 0.0104
2025-12-02 22:31:17,655 - INFO -   准确率: 训练 0.996, 验证 0.997, LR 0.000111
2025-12-02 22:31:33,001 - INFO - Fold 4 Epoch 31/500
2025-12-02 22:31:33,001 - INFO -   损失: 训练(带噪) 0.0373, 训练(纯净) 0.0506, 验证 0.0534
2025-12-02 22:31:33,001 - INFO -   准确率: 训练 0.978, 验证 0.976, LR 0.000499
2025-12-02 22:31:48,815 - INFO - Fold 4 Epoch 41/500
2025-12-02 22:31:48,815 - INFO -   损失: 训练(带噪) 0.0264, 训练(纯净) 0.0149, 验证 0.0133
2025-12-02 22:31:48,815 - INFO -   准确率: 训练 0.995, 验证 0.996, LR 0.000355
2025-12-02 22:32:04,772 - INFO - Fold 4 Epoch 51/500
2025-12-02 22:32:04,772 - INFO -   损失: 训练(带噪) 0.0150, 训练(纯净) 0.0077, 验证 0.0082
2025-12-02 22:32:04,773 - INFO -   准确率: 训练 0.998, 验证 0.997, LR 0.000111
2025-12-02 22:32:20,583 - INFO - Fold 4 Epoch 61/500
2025-12-02 22:32:20,583 - INFO -   损失: 训练(带噪) 0.0345, 训练(纯净) 0.0390, 验证 0.0382
2025-12-02 22:32:20,583 - INFO -   准确率: 训练 0.987, 验证 0.985, LR 0.000499
2025-12-02 22:32:36,306 - INFO - Fold 4 Epoch 71/500
2025-12-02 22:32:36,306 - INFO -   损失: 训练(带噪) 0.0197, 训练(纯净) 0.0104, 验证 0.0092
2025-12-02 22:32:36,306 - INFO -   准确率: 训练 0.997, 验证 0.997, LR 0.000355
2025-12-02 22:32:51,678 - INFO - Fold 4 Epoch 81/500
2025-12-02 22:32:51,678 - INFO -   损失: 训练(带噪) 0.0115, 训练(纯净) 0.0054, 验证 0.0055
2025-12-02 22:32:51,678 - INFO -   准确率: 训练 0.998, 验证 0.998, LR 0.000111
2025-12-02 22:33:07,065 - INFO - Fold 4 Epoch 91/500
2025-12-02 22:33:07,066 - INFO -   损失: 训练(带噪) 0.0255, 训练(纯净) 0.0201, 验证 0.0171
2025-12-02 22:33:07,066 - INFO -   准确率: 训练 0.992, 验证 0.993, LR 0.000499
2025-12-02 22:33:22,402 - INFO - Fold 4 Epoch 101/500
2025-12-02 22:33:22,402 - INFO -   损失: 训练(带噪) 0.0173, 训练(纯净) 0.0095, 验证 0.0093
2025-12-02 22:33:22,402 - INFO -   准确率: 训练 0.997, 验证 0.997, LR 0.000355
2025-12-02 22:33:37,720 - INFO - Fold 4 Epoch 111/500
2025-12-02 22:33:37,720 - INFO -   损失: 训练(带噪) 0.0093, 训练(纯净) 0.0048, 验证 0.0047
2025-12-02 22:33:37,720 - INFO -   准确率: 训练 0.998, 验证 0.999, LR 0.000111
2025-12-02 22:33:53,107 - INFO - Fold 4 Epoch 121/500
2025-12-02 22:33:53,108 - INFO -   损失: 训练(带噪) 0.0238, 训练(纯净) 0.0221, 验证 0.0245
2025-12-02 22:33:53,108 - INFO -   准确率: 训练 0.994, 验证 0.994, LR 0.000499
2025-12-02 22:34:09,036 - INFO - Fold 4 Epoch 131/500
2025-12-02 22:34:09,036 - INFO -   损失: 训练(带噪) 0.0139, 训练(纯净) 0.0072, 验证 0.0073
2025-12-02 22:34:09,037 - INFO -   准确率: 训练 0.997, 验证 0.997, LR 0.000355
2025-12-02 22:34:24,153 - INFO - Fold 4 Epoch 141/500
2025-12-02 22:34:24,153 - INFO -   损失: 训练(带噪) 0.0082, 训练(纯净) 0.0036, 验证 0.0041
2025-12-02 22:34:24,154 - INFO -   准确率: 训练 0.999, 验证 0.999, LR 0.000111
2025-12-02 22:34:39,893 - INFO - Fold 4 Epoch 151/500
2025-12-02 22:34:39,893 - INFO -   损失: 训练(带噪) 0.0206, 训练(纯净) 0.0357, 验证 0.0335
2025-12-02 22:34:39,894 - INFO -   准确率: 训练 0.984, 验证 0.986, LR 0.000499
2025-12-02 22:34:55,122 - INFO - Fold 4 Epoch 161/500
2025-12-02 22:34:55,122 - INFO -   损失: 训练(带噪) 0.0141, 训练(纯净) 0.0068, 验证 0.0070
2025-12-02 22:34:55,123 - INFO -   准确率: 训练 0.997, 验证 0.997, LR 0.000355
2025-12-02 22:35:10,235 - INFO - Fold 4 Epoch 171/500
2025-12-02 22:35:10,236 - INFO -   损失: 训练(带噪) 0.0066, 训练(纯净) 0.0026, 验证 0.0041
2025-12-02 22:35:10,236 - INFO -   准确率: 训练 0.999, 验证 0.999, LR 0.000111
2025-12-02 22:35:25,215 - INFO - Fold 4 Epoch 181/500
2025-12-02 22:35:25,215 - INFO -   损失: 训练(带噪) 0.0189, 训练(纯净) 0.0110, 验证 0.0108
2025-12-02 22:35:25,215 - INFO -   准确率: 训练 0.996, 验证 0.997, LR 0.000499
2025-12-02 22:35:40,089 - INFO - Fold 4 Epoch 191/500
2025-12-02 22:35:40,089 - INFO -   损失: 训练(带噪) 0.0129, 训练(纯净) 0.0061, 验证 0.0074
2025-12-02 22:35:40,089 - INFO -   准确率: 训练 0.998, 验证 0.998, LR 0.000355
2025-12-02 22:35:55,093 - INFO - Fold 4 Epoch 201/500
2025-12-02 22:35:55,093 - INFO -   损失: 训练(带噪) 0.0066, 训练(纯净) 0.0023, 验证 0.0037
2025-12-02 22:35:55,093 - INFO -   准确率: 训练 0.999, 验证 0.999, LR 0.000111
2025-12-02 22:35:58,108 - INFO - 早停: 第 203 轮
2025-12-02 22:35:58,116 - INFO - Fold 4 训练分析:
2025-12-02 22:35:58,117 - INFO -   验证损失更低的轮次: 196/203 (96.6%)
2025-12-02 22:35:58,117 - INFO -   最终损失 - 训练: 0.0048, 验证: 0.0043
2025-12-02 22:35:58,117 - INFO -   最小损失 - 训练: 0.0040, 验证: 0.0032
2025-12-02 22:35:58,117 - INFO -   噪声强度: 0.0
2025-12-02 22:35:58,117 - INFO -   Dropout率: 0.3
2025-12-02 22:35:58,117 - INFO -   最佳验证轮次: 203
2025-12-02 22:35:58,573 - INFO - 训练集 准确率: 0.9991
2025-12-02 22:35:58,608 - INFO - 训练集 分类报告:
              precision    recall  f1-score   support

           0       1.00      1.00      1.00      6704
           1       1.00      1.00      1.00     10692
           2       1.00      1.00      1.00     14476

    accuracy                           1.00     31872
   macro avg       1.00      1.00      1.00     31872
weighted avg       1.00      1.00      1.00     31872

2025-12-02 22:35:58,610 - INFO - 每个类别的准确率:
2025-12-02 22:35:58,610 - INFO - 类别	样本数	正确数	准确率
2025-12-02 22:35:58,610 - INFO - infected_leaf	6704	6699	0.9993
2025-12-02 22:35:58,610 - INFO - normal_leaf	10692	10692	1.0000
2025-12-02 22:35:58,611 - INFO - other	14476	14453	0.9984
2025-12-02 22:35:58,611 - INFO - 总体准确率: 0.9991
2025-12-02 22:35:58,720 - INFO - 验证集 准确率: 0.9987
2025-12-02 22:35:58,731 - INFO - 验证集 分类报告:
              precision    recall  f1-score   support

           0       0.99      1.00      1.00      1680
           1       1.00      1.00      1.00      2681
           2       1.00      1.00      1.00      3631

    accuracy                           1.00      7992
   macro avg       1.00      1.00      1.00      7992
weighted avg       1.00      1.00      1.00      7992

2025-12-02 22:35:58,732 - INFO - 每个类别的准确率:
2025-12-02 22:35:58,732 - INFO - 类别	样本数	正确数	准确率
2025-12-02 22:35:58,732 - INFO - infected_leaf	1680	1679	0.9994
2025-12-02 22:35:58,732 - INFO - normal_leaf	2681	2680	0.9996
2025-12-02 22:35:58,733 - INFO - other	3631	3623	0.9978
2025-12-02 22:35:58,733 - INFO - 总体准确率: 0.9987
2025-12-02 22:35:58,870 - INFO - 测试集 准确率: 0.9989
2025-12-02 22:35:58,880 - INFO - 测试集 分类报告:
              precision    recall  f1-score   support

           0       1.00      1.00      1.00      2100
           1       1.00      1.00      1.00      3351
           2       1.00      1.00      1.00      4539

    accuracy                           1.00      9990
   macro avg       1.00      1.00      1.00      9990
weighted avg       1.00      1.00      1.00      9990

2025-12-02 22:35:58,880 - INFO - 每个类别的准确率:
2025-12-02 22:35:58,881 - INFO - 类别	样本数	正确数	准确率
2025-12-02 22:35:58,881 - INFO - infected_leaf	2100	2099	0.9995
2025-12-02 22:35:58,881 - INFO - normal_leaf	3351	3350	0.9997
2025-12-02 22:35:58,881 - INFO - other	4539	4530	0.9980
2025-12-02 22:35:58,882 - INFO - 总体准确率: 0.9989
2025-12-02 22:35:58,882 - INFO - Fold 4 准确率: 0.9989
2025-12-02 22:35:58,899 - ERROR - 绘制 Fold 4 损失曲线失败: Format 'PDF' is not supported (supported formats: eps, jpeg, jpg, pdf, pgf, png, ps, raw, rgba, svg, svgz, tif, tiff)
2025-12-02 22:35:58,904 - ERROR - 绘制训练指标失败: Format 'PDF' is not supported (supported formats: eps, jpeg, jpg, pdf, pgf, png, ps, raw, rgba, svg, svgz, tif, tiff)
2025-12-02 22:35:59,355 - WARNING - meta NOT subset; don't know how to subset; dropped
2025-12-02 22:35:59,502 - WARNING - meta NOT subset; don't know how to subset; dropped
2025-12-02 22:35:59,592 - WARNING - PDF保存失败，改为PNG: specify a font number between 0 and 1 (inclusive)
2025-12-02 22:35:59,734 - INFO - Fold 5/5
2025-12-02 22:36:01,533 - INFO - Fold 5 Epoch 1/500
2025-12-02 22:36:01,534 - INFO -   损失: 训练(带噪) 0.1291, 训练(纯净) 0.0754, 验证 0.0744
2025-12-02 22:36:01,534 - INFO -   准确率: 训练 0.960, 验证 0.959, LR 0.000499
2025-12-02 22:36:16,602 - INFO - Fold 5 Epoch 11/500
2025-12-02 22:36:16,602 - INFO -   损失: 训练(带噪) 0.0426, 训练(纯净) 0.0235, 验证 0.0246
2025-12-02 22:36:16,602 - INFO -   准确率: 训练 0.992, 验证 0.992, LR 0.000355
2025-12-02 22:36:31,581 - INFO - Fold 5 Epoch 21/500
2025-12-02 22:36:31,581 - INFO -   损失: 训练(带噪) 0.0208, 训练(纯净) 0.0113, 验证 0.0119
2025-12-02 22:36:31,581 - INFO -   准确率: 训练 0.996, 验证 0.996, LR 0.000111
2025-12-02 22:36:46,473 - INFO - Fold 5 Epoch 31/500
2025-12-02 22:36:46,473 - INFO -   损失: 训练(带噪) 0.0405, 训练(纯净) 0.0518, 验证 0.0547
2025-12-02 22:36:46,473 - INFO -   准确率: 训练 0.983, 验证 0.981, LR 0.000499
2025-12-02 22:37:01,611 - INFO - Fold 5 Epoch 41/500
2025-12-02 22:37:01,612 - INFO -   损失: 训练(带噪) 0.0261, 训练(纯净) 0.0152, 验证 0.0162
2025-12-02 22:37:01,612 - INFO -   准确率: 训练 0.996, 验证 0.996, LR 0.000355
2025-12-02 22:37:16,689 - INFO - Fold 5 Epoch 51/500
2025-12-02 22:37:16,689 - INFO -   损失: 训练(带噪) 0.0140, 训练(纯净) 0.0078, 验证 0.0092
2025-12-02 22:37:16,689 - INFO -   准确率: 训练 0.997, 验证 0.997, LR 0.000111
2025-12-02 22:37:31,781 - INFO - Fold 5 Epoch 61/500
2025-12-02 22:37:31,781 - INFO -   损失: 训练(带噪) 0.0314, 训练(纯净) 0.0315, 验证 0.0335
2025-12-02 22:37:31,781 - INFO -   准确率: 训练 0.989, 验证 0.988, LR 0.000499
2025-12-02 22:37:46,947 - INFO - Fold 5 Epoch 71/500
2025-12-02 22:37:46,947 - INFO -   损失: 训练(带噪) 0.0197, 训练(纯净) 0.0119, 验证 0.0127
2025-12-02 22:37:46,948 - INFO -   准确率: 训练 0.997, 验证 0.996, LR 0.000355
2025-12-02 22:38:02,140 - INFO - Fold 5 Epoch 81/500
2025-12-02 22:38:02,140 - INFO -   损失: 训练(带噪) 0.0115, 训练(纯净) 0.0056, 验证 0.0072
2025-12-02 22:38:02,140 - INFO -   准确率: 训练 0.998, 验证 0.997, LR 0.000111
2025-12-02 22:38:17,266 - INFO - Fold 5 Epoch 91/500
2025-12-02 22:38:17,266 - INFO -   损失: 训练(带噪) 0.0249, 训练(纯净) 0.0232, 验证 0.0248
2025-12-02 22:38:17,266 - INFO -   准确率: 训练 0.990, 验证 0.990, LR 0.000499
2025-12-02 22:38:32,260 - INFO - Fold 5 Epoch 101/500
2025-12-02 22:38:32,260 - INFO -   损失: 训练(带噪) 0.0183, 训练(纯净) 0.0081, 验证 0.0093
2025-12-02 22:38:32,260 - INFO -   准确率: 训练 0.997, 验证 0.997, LR 0.000355
2025-12-02 22:38:47,240 - INFO - Fold 5 Epoch 111/500
2025-12-02 22:38:47,240 - INFO -   损失: 训练(带噪) 0.0087, 训练(纯净) 0.0038, 验证 0.0057
2025-12-02 22:38:47,240 - INFO -   准确率: 训练 0.999, 验证 0.998, LR 0.000111
2025-12-02 22:39:03,539 - INFO - Fold 5 Epoch 121/500
2025-12-02 22:39:03,539 - INFO -   损失: 训练(带噪) 0.0243, 训练(纯净) 0.0106, 验证 0.0120
2025-12-02 22:39:03,540 - INFO -   准确率: 训练 0.996, 验证 0.996, LR 0.000499
2025-12-02 22:39:19,038 - INFO - Fold 5 Epoch 131/500
2025-12-02 22:39:19,038 - INFO -   损失: 训练(带噪) 0.0157, 训练(纯净) 0.0069, 验证 0.0086
2025-12-02 22:39:19,038 - INFO -   准确率: 训练 0.997, 验证 0.998, LR 0.000355
2025-12-02 22:39:34,110 - INFO - Fold 5 Epoch 141/500
2025-12-02 22:39:34,110 - INFO -   损失: 训练(带噪) 0.0067, 训练(纯净) 0.0048, 验证 0.0068
2025-12-02 22:39:34,110 - INFO -   准确率: 训练 0.998, 验证 0.998, LR 0.000111
2025-12-02 22:39:49,656 - INFO - Fold 5 Epoch 151/500
2025-12-02 22:39:49,657 - INFO -   损失: 训练(带噪) 0.0200, 训练(纯净) 0.0085, 验证 0.0105
2025-12-02 22:39:49,657 - INFO -   准确率: 训练 0.998, 验证 0.997, LR 0.000499
2025-12-02 22:40:05,046 - INFO - Fold 5 Epoch 161/500
2025-12-02 22:40:05,046 - INFO -   损失: 训练(带噪) 0.0122, 训练(纯净) 0.0228, 验证 0.0241
2025-12-02 22:40:05,046 - INFO -   准确率: 训练 0.988, 验证 0.988, LR 0.000355
2025-12-02 22:40:20,613 - INFO - Fold 5 Epoch 171/500
2025-12-02 22:40:20,614 - INFO -   损失: 训练(带噪) 0.0065, 训练(纯净) 0.0028, 验证 0.0047
2025-12-02 22:40:20,614 - INFO -   准确率: 训练 0.999, 验证 0.998, LR 0.000111
2025-12-02 22:40:36,104 - INFO - Fold 5 Epoch 181/500
2025-12-02 22:40:36,105 - INFO -   损失: 训练(带噪) 0.0190, 训练(纯净) 0.0218, 验证 0.0219
2025-12-02 22:40:36,105 - INFO -   准确率: 训练 0.991, 验证 0.991, LR 0.000499
2025-12-02 22:40:51,705 - INFO - Fold 5 Epoch 191/500
2025-12-02 22:40:51,705 - INFO -   损失: 训练(带噪) 0.0151, 训练(纯净) 0.0068, 验证 0.0085
2025-12-02 22:40:51,705 - INFO -   准确率: 训练 0.998, 验证 0.997, LR 0.000355
2025-12-02 22:41:07,179 - INFO - Fold 5 Epoch 201/500
2025-12-02 22:41:07,179 - INFO -   损失: 训练(带噪) 0.0059, 训练(纯净) 0.0025, 验证 0.0052
2025-12-02 22:41:07,179 - INFO -   准确率: 训练 0.999, 验证 0.998, LR 0.000111
2025-12-02 22:41:22,266 - INFO - Fold 5 Epoch 211/500
2025-12-02 22:41:22,266 - INFO -   损失: 训练(带噪) 0.0224, 训练(纯净) 0.0103, 验证 0.0131
2025-12-02 22:41:22,266 - INFO -   准确率: 训练 0.997, 验证 0.996, LR 0.000499
2025-12-02 22:41:37,347 - INFO - Fold 5 Epoch 221/500
2025-12-02 22:41:37,347 - INFO -   损失: 训练(带噪) 0.0122, 训练(纯净) 0.0070, 验证 0.0095
2025-12-02 22:41:37,348 - INFO -   准确率: 训练 0.997, 验证 0.996, LR 0.000355
2025-12-02 22:41:52,658 - INFO - Fold 5 Epoch 231/500
2025-12-02 22:41:52,659 - INFO -   损失: 训练(带噪) 0.0062, 训练(纯净) 0.0022, 验证 0.0045
2025-12-02 22:41:52,659 - INFO -   准确率: 训练 0.999, 验证 0.998, LR 0.000111
2025-12-02 22:42:01,810 - INFO - 早停: 第 237 轮
2025-12-02 22:42:01,818 - INFO - Fold 5 训练分析:
2025-12-02 22:42:01,818 - INFO -   验证损失更低的轮次: 219/237 (92.4%)
2025-12-02 22:42:01,818 - INFO -   最终损失 - 训练: 0.0036, 验证: 0.0044
2025-12-02 22:42:01,818 - INFO -   最小损失 - 训练: 0.0036, 验证: 0.0040
2025-12-02 22:42:01,818 - INFO -   噪声强度: 0.0
2025-12-02 22:42:01,818 - INFO -   Dropout率: 0.3
2025-12-02 22:42:01,819 - INFO -   最佳验证轮次: 237
2025-12-02 22:42:02,276 - INFO - 训练集 准确率: 0.9994
2025-12-02 22:42:02,310 - INFO - 训练集 分类报告:
              precision    recall  f1-score   support

           0       1.00      1.00      1.00      6701
           1       1.00      1.00      1.00     10692
           2       1.00      1.00      1.00     14479

    accuracy                           1.00     31872
   macro avg       1.00      1.00      1.00     31872
weighted avg       1.00      1.00      1.00     31872

2025-12-02 22:42:02,311 - INFO - 每个类别的准确率:
2025-12-02 22:42:02,311 - INFO - 类别	样本数	正确数	准确率
2025-12-02 22:42:02,312 - INFO - infected_leaf	6701	6696	0.9993
2025-12-02 22:42:02,312 - INFO - normal_leaf	10692	10691	0.9999
2025-12-02 22:42:02,312 - INFO - other	14479	14466	0.9991
2025-12-02 22:42:02,312 - INFO - 总体准确率: 0.9994
2025-12-02 22:42:02,427 - INFO - 验证集 准确率: 0.9985
2025-12-02 22:42:02,438 - INFO - 验证集 分类报告:
              precision    recall  f1-score   support

           0       0.99      1.00      1.00      1680
           1       1.00      1.00      1.00      2681
           2       1.00      1.00      1.00      3631

    accuracy                           1.00      7992
   macro avg       1.00      1.00      1.00      7992
weighted avg       1.00      1.00      1.00      7992

2025-12-02 22:42:02,439 - INFO - 每个类别的准确率:
2025-12-02 22:42:02,439 - INFO - 类别	样本数	正确数	准确率
2025-12-02 22:42:02,439 - INFO - infected_leaf	1680	1678	0.9988
2025-12-02 22:42:02,440 - INFO - normal_leaf	2681	2681	1.0000
2025-12-02 22:42:02,440 - INFO - other	3631	3621	0.9972
2025-12-02 22:42:02,440 - INFO - 总体准确率: 0.9985
2025-12-02 22:42:02,589 - INFO - 测试集 准确率: 0.9995
2025-12-02 22:42:02,599 - INFO - 测试集 分类报告:
              precision    recall  f1-score   support

           0       1.00      1.00      1.00      2100
           1       1.00      1.00      1.00      3350
           2       1.00      1.00      1.00      4540

    accuracy                           1.00      9990
   macro avg       1.00      1.00      1.00      9990
weighted avg       1.00      1.00      1.00      9990

2025-12-02 22:42:02,599 - INFO - 每个类别的准确率:
2025-12-02 22:42:02,599 - INFO - 类别	样本数	正确数	准确率
2025-12-02 22:42:02,600 - INFO - infected_leaf	2100	2099	0.9995
2025-12-02 22:42:02,600 - INFO - normal_leaf	3350	3349	0.9997
2025-12-02 22:42:02,600 - INFO - other	4540	4537	0.9993
2025-12-02 22:42:02,600 - INFO - 总体准确率: 0.9995
2025-12-02 22:42:02,600 - INFO - Fold 5 准确率: 0.9995
2025-12-02 22:42:02,617 - ERROR - 绘制 Fold 5 损失曲线失败: Format 'PDF' is not supported (supported formats: eps, jpeg, jpg, pdf, pgf, png, ps, raw, rgba, svg, svgz, tif, tiff)
2025-12-02 22:42:02,622 - ERROR - 绘制训练指标失败: Format 'PDF' is not supported (supported formats: eps, jpeg, jpg, pdf, pgf, png, ps, raw, rgba, svg, svgz, tif, tiff)
2025-12-02 22:42:03,106 - WARNING - meta NOT subset; don't know how to subset; dropped
2025-12-02 22:42:03,265 - WARNING - meta NOT subset; don't know how to subset; dropped
2025-12-02 22:42:03,364 - WARNING - PDF保存失败，改为PNG: specify a font number between 0 and 1 (inclusive)
2025-12-02 22:42:03,503 - INFO - NN 5折平均准确率: 0.9988 ± 0.0004
2025-12-02 22:42:04,580 - WARNING - meta NOT subset; don't know how to subset; dropped
2025-12-02 22:42:04,842 - WARNING - meta NOT subset; don't know how to subset; dropped
2025-12-02 22:42:04,932 - WARNING - PDF保存失败，改为PNG: specify a font number between 0 and 1 (inclusive)
2025-12-02 22:42:05,256 - INFO - 完成。最佳折准确率: 0.9995
